Archive member included to satisfy reference by file (symbol)

../../libraries/mbedtls/library/libmbedcrypto.a(ctr_drbg.c.obj)
                              CMakeFiles/minerSlave.dir/__/__/port/aws-iot-device-sdk-embedded-C/src/ssl_transport_interface.c.obj (mbedtls_ctr_drbg_init)
../../libraries/mbedtls/library/libmbedcrypto.a(pk.c.obj)
                              CMakeFiles/minerSlave.dir/__/__/port/aws-iot-device-sdk-embedded-C/src/ssl_transport_interface.c.obj (mbedtls_pk_init)
../../libraries/mbedtls/library/libmbedcrypto.a(pk_wrap.c.obj)
                              ../../libraries/mbedtls/library/libmbedcrypto.a(pk.c.obj) (mbedtls_rsa_alt_info)
../../libraries/mbedtls/library/libmbedcrypto.a(pkparse.c.obj)
                              CMakeFiles/minerSlave.dir/__/__/port/aws-iot-device-sdk-embedded-C/src/ssl_transport_interface.c.obj (mbedtls_pk_parse_key)
../../libraries/mbedtls/library/libmbedcrypto.a(platform_util.c.obj)
                              ../../libraries/mbedtls/library/libmbedcrypto.a(ctr_drbg.c.obj) (mbedtls_platform_zeroize)
../../libraries/mbedtls/library/libmbedcrypto.a(rsa.c.obj)
                              ../../libraries/mbedtls/library/libmbedcrypto.a(pkparse.c.obj) (mbedtls_rsa_import)
../../libraries/mbedtls/library/libmbedcrypto.a(rsa_internal.c.obj)
                              ../../libraries/mbedtls/library/libmbedcrypto.a(rsa.c.obj) (mbedtls_rsa_deduce_primes)
../../libraries/mbedtls/library/libmbedcrypto.a(sha1.c.obj)
                              CMakeFiles/minerSlave.dir/__/__/port/utils/src/duinoCoinUtils.cpp.obj (mbedtls_sha1_init)
../../libraries/mbedtls/library/libmbedcrypto.a(aes.c.obj)
                              ../../libraries/mbedtls/library/libmbedcrypto.a(ctr_drbg.c.obj) (mbedtls_aes_init)
../../libraries/mbedtls/library/libmbedcrypto.a(asn1parse.c.obj)
                              ../../libraries/mbedtls/library/libmbedcrypto.a(pkparse.c.obj) (mbedtls_asn1_get_tag)
../../libraries/mbedtls/library/libmbedcrypto.a(bignum.c.obj)
                              ../../libraries/mbedtls/library/libmbedcrypto.a(pkparse.c.obj) (mbedtls_mpi_init)
../../libraries/mbedtls/library/libmbedcrypto.a(md.c.obj)
                              ../../libraries/mbedtls/library/libmbedcrypto.a(pk.c.obj) (mbedtls_md_info_from_type)
../../libraries/mbedtls/library/libmbedcrypto.a(md5.c.obj)
                              ../../libraries/mbedtls/library/libmbedcrypto.a(md.c.obj) (mbedtls_md5_init)
../../libraries/mbedtls/library/libmbedcrypto.a(oid.c.obj)
                              ../../libraries/mbedtls/library/libmbedcrypto.a(pkparse.c.obj) (mbedtls_oid_get_pk_alg)
../../libraries/mbedtls/library/libmbedcrypto.a(pem.c.obj)
                              ../../libraries/mbedtls/library/libmbedcrypto.a(pkparse.c.obj) (mbedtls_pem_init)
../../libraries/mbedtls/library/libmbedcrypto.a(sha256.c.obj)
                              ../../libraries/mbedtls/library/libmbedcrypto.a(md.c.obj) (mbedtls_sha256_init)
../../libraries/mbedtls/library/libmbedcrypto.a(base64.c.obj)
                              ../../libraries/mbedtls/library/libmbedcrypto.a(pem.c.obj) (mbedtls_base64_decode)
../../libraries/mbedtls/library/libmbedx509.a(x509_crt.c.obj)
                              CMakeFiles/minerSlave.dir/__/__/port/aws-iot-device-sdk-embedded-C/src/ssl_transport_interface.c.obj (mbedtls_x509_crt_parse)
../../libraries/mbedtls/library/libmbedx509.a(x509.c.obj)
                              ../../libraries/mbedtls/library/libmbedx509.a(x509_crt.c.obj) (mbedtls_x509_get_serial)
../../libraries/mbedtls/library/libmbedtls.a(ssl_msg.c.obj)
                              CMakeFiles/minerSlave.dir/__/__/port/aws-iot-device-sdk-embedded-C/src/ssl_transport_interface.c.obj (mbedtls_ssl_read)
../../libraries/mbedtls/library/libmbedtls.a(ssl_tls.c.obj)
                              CMakeFiles/minerSlave.dir/__/__/port/aws-iot-device-sdk-embedded-C/src/ssl_transport_interface.c.obj (mbedtls_ssl_init)
../../libraries/mbedtls/library/libmbedtls.a(ssl_ciphersuites.c.obj)
                              ../../libraries/mbedtls/library/libmbedtls.a(ssl_tls.c.obj) (mbedtls_ssl_list_ciphersuites)
../../libraries/mbedtls/library/libmbedtls.a(ssl_cli.c.obj)
                              ../../libraries/mbedtls/library/libmbedtls.a(ssl_tls.c.obj) (mbedtls_ssl_handshake_client_step)
../../libraries/mbedtls/library/libmbedcrypto.a(cipher.c.obj)
                              ../../libraries/mbedtls/library/libmbedtls.a(ssl_tls.c.obj) (mbedtls_cipher_info_from_type)
../../libraries/mbedtls/library/libmbedcrypto.a(cipher_wrap.c.obj)
                              ../../libraries/mbedtls/library/libmbedcrypto.a(cipher.c.obj) (mbedtls_cipher_supported)
../../libraries/mbedtls/library/libmbedcrypto.a(dhm.c.obj)
                              ../../libraries/mbedtls/library/libmbedtls.a(ssl_tls.c.obj) (mbedtls_dhm_init)
../../libraries/mbedtls/library/libmbedcrypto.a(gcm.c.obj)
[...]
Memory Configuration

Name             Origin             Length             Attributes
FLASH            0x0000000010000000 0x0000000000200000 xr
RAM              0x0000000020000000 0x0000000000040000 xrw
SCRATCH_X        0x0000000020040000 0x0000000000001000 xrw
SCRATCH_Y        0x0000000020041000 0x0000000000001000 xrw
*default*        0x0000000000000000 0xffffffffffffffff

Linker script and memory map

LOAD /Applications/ARM/bin/../lib/gcc/arm-none-eabi/10.3.1/thumb/v6-m/nofp/crti.o
LOAD /Applications/ARM/bin/../lib/gcc/arm-none-eabi/10.3.1/thumb/v6-m/nofp/crtbegin.o
LOAD /Applications/ARM/bin/../lib/gcc/arm-none-eabi/10.3.1/../../../../arm-none-eabi/lib/thumb/v6-m/nofp/crt0.o

.flash_begin    0x0000000010000000        0x0
                0x0000000010000000                __flash_binary_start = .

.boot2          0x0000000010000000      0x100
                0x0000000010000000                __boot2_start__ = .
 *(.boot2)
 .boot2         0x0000000010000000      0x100 /var/folders/7z/r4r2qbgd4bb_p1x_wcg8qx4c0000gn/T//ccRx97b1.o
                0x0000000010000100                __boot2_end__ = .
                0x0000000000000001                ASSERT (((__boot2_end__ - __boot2_start__) == 0x100), ERROR: Pico second stage bootloader must be 256 bytes in size)

.text           0x0000000010000100     0x6a48
                0x0000000010000100                __logical_binary_start = .
 *(.vectors)
 .vectors       0x0000000010000100       0xd4 CMakeFiles/minerSlave.dir/__/__/libraries/pico-sdk/src/rp2_common/pico_standard_link/crt0.S.obj
                0x0000000010000100                __VECTOR_TABLE
                0x0000000010000100                __vectors
                0x00000000100001c0                __default_isrs_start
                0x00000000100001c0                isr_invalid
                0x00000000100001c2                isr_nmi
                0x00000000100001c4                isr_hardfault
                0x00000000100001c6                isr_svcall
                0x00000000100001c8                isr_pendsv
                0x00000000100001ca                isr_systick
                0x00000000100001cc                isr_irq28
                0x00000000100001cc                isr_irq19
                0x00000000100001cc                isr_irq0
                0x00000000100001cc                isr_irq6
                0x00000000100001cc                isr_irq22
                0x00000000100001cc                isr_irq17
                0x00000000100001cc                isr_irq14
                0x00000000100001cc                isr_irq2
                0x00000000100001cc                isr_irq10
                0x00000000100001cc                isr_irq8
                0x00000000100001cc                isr_irq24
                0x00000000100001cc                isr_irq1
                0x00000000100001cc                isr_irq7
                0x00000000100001cc                isr_irq21
                0x00000000100001cc                isr_irq20
                0x00000000100001cc                isr_irq15
                0x00000000100001cc                isr_irq25
                0x00000000100001cc                isr_irq4
                0x00000000100001cc                isr_irq16
                0x00000000100001cc                isr_irq29
                0x00000000100001cc                isr_irq26
                0x00000000100001cc                __default_isrs_end
                0x00000000100001cc                isr_irq3
                0x00000000100001cc                isr_irq9
                0x00000000100001cc                __unhandled_user_irq
                0x00000000100001cc                isr_irq13
                0x00000000100001cc                isr_irq27
                0x00000000100001cc                isr_irq31
                0x00000000100001cc                isr_irq5
                0x00000000100001cc                isr_irq11
                0x00000000100001cc                isr_irq23
                0x00000000100001cc                isr_irq18
                0x00000000100001cc                isr_irq30
                0x00000000100001cc                isr_irq12
                0x00000000100001d2                unhandled_user_irq_num_in_r0
 *(.binary_info_header)
 .binary_info_header
                0x00000000100001d4       0x14 CMakeFiles/minerSlave.dir/__/__/libraries/pico-sdk/src/rp2_common/pico_standard_link/crt0.S.obj
                0x00000000100001e8                __binary_info_header_end = .
 *(.reset)
 .reset         0x00000000100001e8       0xa8 CMakeFiles/minerSlave.dir/__/__/libraries/pico-sdk/src/rp2_common/pico_standard_link/crt0.S.obj
                0x00000000100001e8                _entry_point
                0x0000000010000266                __get_current_exception
 .reset         0x0000000010000290       0x30 CMakeFiles/minerSlave.dir/__/__/libraries/pico-sdk/src/rp2_common/pico_standard_link/binary_info.c.obj
 *(.init)
 .init          0x00000000100002c0        0x4 /Applications/ARM/bin/../lib/gcc/arm-none-eabi/10.3.1/thumb/v6-m/nofp/crti.o
                0x00000000100002c0                _init
 *(EXCLUDE_FILE(*libm.a: *libc.a:*lib_a-mem*.o *libgcc.a:) .text*)
 .text          0x00000000100002c4       0x48 /Applications/ARM/bin/../lib/gcc/arm-none-eabi/10.3.1/thumb/v6-m/nofp/crtbegin.o
 .text._Z14slaveLoopCore1v
                0x000000001000030c      0x140 CMakeFiles/minerSlave.dir/minerSlave.cpp.obj
                0x000000001000030c                slaveLoopCore1()
 .text._ZL16slave_on_requestv
                0x000000001000044c       0x1c CMakeFiles/minerSlave.dir/minerSlave.cpp.obj
 .text._ZL16slave_on_receivei
                0x0000000010000468      0x1c0 CMakeFiles/minerSlave.dir/minerSlave.cpp.obj
 .text.startup.main
                0x0000000010000628      0x194 CMakeFiles/minerSlave.dir/minerSlave.cpp.obj
                0x0000000010000628                main
 .text.startup._GLOBAL__sub_I_receiveBuffer0
                0x00000000100007bc       0x24 CMakeFiles/minerSlave.dir/minerSlave.cpp.obj
 .text._ZN10CharBufferC2Ev
                0x00000000100007e0        0xc CMakeFiles/minerSlave.dir/__/__/port/utils/src/charbuffer.cpp.obj
                0x00000000100007e0                CharBuffer::CharBuffer()
                0x00000000100007e0                CharBuffer::CharBuffer()
 .text._ZN10CharBuffer3bufEv
                0x00000000100007ec        0x4 CMakeFiles/minerSlave.dir/__/__/port/utils/src/charbuffer.cpp.obj
                0x00000000100007ec                CharBuffer::buf()
 .text._ZN10CharBuffer7isEmptyEv
                0x00000000100007f0       0x10 CMakeFiles/minerSlave.dir/__/__/port/utils/src/charbuffer.cpp.obj
                0x00000000100007f0                CharBuffer::isEmpty()
 .text._ZN10CharBuffer6lengthEv
                0x0000000010000800        0x8 CMakeFiles/minerSlave.dir/__/__/port/utils/src/charbuffer.cpp.obj
                0x0000000010000800                CharBuffer::length()
 .text._ZN10CharBuffer5writeEc
                0x0000000010000808       0x2c CMakeFiles/minerSlave.dir/__/__/port/utils/src/charbuffer.cpp.obj
                0x0000000010000808                CharBuffer::write(char)
 .text._ZN10CharBuffer4readEv
                0x0000000010000834       0x28 CMakeFiles/minerSlave.dir/__/__/port/utils/src/charbuffer.cpp.obj
                0x0000000010000834                CharBuffer::read()
 .text._ZN10CharBuffer7indexOfEi
                0x000000001000085c       0x18 CMakeFiles/minerSlave.dir/__/__/port/utils/src/charbuffer.cpp.obj
                0x000000001000085c                CharBuffer::indexOf(int)
 .text._ZN10CharBuffer15readStringUntilEiPc
                0x0000000010000874       0x54 CMakeFiles/minerSlave.dir/__/__/port/utils/src/charbuffer.cpp.obj
                0x0000000010000874                CharBuffer::readStringUntil(int, char*)
 .text._ZN10CharBuffer9setBufferEPci
                0x00000000100008c8       0x20 CMakeFiles/minerSlave.dir/__/__/port/utils/src/charbuffer.cpp.obj
                0x00000000100008c8                CharBuffer::setBuffer(char*, int)
 .text._ZN10CharBuffer5clearEv
                0x00000000100008e8       0x14 CMakeFiles/minerSlave.dir/__/__/port/utils/src/charbuffer.cpp.obj
                0x00000000100008e8                CharBuffer::clear()
 .text.str_to_array.isra.0
                0x00000000100008fc       0x74 CMakeFiles/minerSlave.dir/__/__/port/utils/src/duinoCoinUtils.cpp.obj
 .text.calculateHashCore0
                0x0000000010000970      0x1ac CMakeFiles/minerSlave.dir/__/__/port/utils/src/duinoCoinUtils.cpp.obj
                0x0000000010000970                calculateHashCore0
 .text.calculateHashCore1
                0x0000000010000b1c      0x1ac CMakeFiles/minerSlave.dir/__/__/port/utils/src/duinoCoinUtils.cpp.obj
                0x0000000010000b1c                calculateHashCore1
 .text.hardwareInit
                0x0000000010000cc8       0x90 CMakeFiles/minerSlave.dir/__/__/port/utils/src/hwSetupUtils.c.obj
                0x0000000010000cc8                hardwareInit
 .text.getAddress
                0x0000000010000d58       0x38 CMakeFiles/minerSlave.dir/__/__/port/utils/src/hwSetupUtils.c.obj
                0x0000000010000d58                getAddress
 .text.onBoardLedToggle
                0x0000000010000d90       0x1c CMakeFiles/minerSlave.dir/__/__/port/utils/src/hwSetupUtils.c.obj
                0x0000000010000d90                onBoardLedToggle
 .text.onBoardLedOff
                0x0000000010000dac        0xc CMakeFiles/minerSlave.dir/__/__/port/utils/src/hwSetupUtils.c.obj
                0x0000000010000dac                onBoardLedOff
 .text.onBoardLedOn
                0x0000000010000db8        0xc CMakeFiles/minerSlave.dir/__/__/port/utils/src/hwSetupUtils.c.obj
                0x0000000010000db8                onBoardLedOn
 .text.outsideLedToggle
                0x0000000010000dc4       0x1c CMakeFiles/minerSlave.dir/__/__/port/utils/src/hwSetupUtils.c.obj
                0x0000000010000dc4                outsideLedToggle
 .text.outsideLedOn
                0x0000000010000de0        0xc CMakeFiles/minerSlave.dir/__/__/port/utils/src/hwSetupUtils.c.obj
                0x0000000010000de0                outsideLedOn
 .text.outsideLedOff
                0x0000000010000dec        0xc CMakeFiles/minerSlave.dir/__/__/port/utils/src/hwSetupUtils.c.obj
                0x0000000010000dec                outsideLedOff
 .text._ZN7TwoWire5beginEh
                0x0000000010000df8       0x4c CMakeFiles/minerSlave.dir/__/__/port/utils/src/Wire.cpp.obj
                0x0000000010000df8                TwoWire::begin(unsigned char)
 .text._ZN7TwoWire5writeEh
                0x0000000010000e44       0x40 CMakeFiles/minerSlave.dir/__/__/port/utils/src/Wire.cpp.obj
                0x0000000010000e44                TwoWire::write(unsigned char)
 .text._ZN7TwoWire9onReceiveEPFviE
                0x0000000010000e84        0x4 CMakeFiles/minerSlave.dir/__/__/port/utils/src/Wire.cpp.obj
                0x0000000010000e84                TwoWire::onReceive(void (*)(int))
 .text._ZN7TwoWire9onRequestEPFvvE
                0x0000000010000e88        0x4 CMakeFiles/minerSlave.dir/__/__/port/utils/src/Wire.cpp.obj
                0x0000000010000e88                TwoWire::onRequest(void (*)())
 .text.startup._GLOBAL__sub_I_Wire
                0x0000000010000e8c       0x2c CMakeFiles/minerSlave.dir/__/__/port/utils/src/Wire.cpp.obj
 .text.i2c_slave_init
                0x0000000010000eb8       0x5c CMakeFiles/minerSlave.dir/__/__/port/i2c_slave/i2c_slave.c.obj
                0x0000000010000eb8                i2c_slave_init
 .text.i2c_slave_deinit
                0x0000000010000f14       0x60 CMakeFiles/minerSlave.dir/__/__/port/i2c_slave/i2c_slave.c.obj
                0x0000000010000f14                i2c_slave_deinit
 .text.startup._retrieve_unique_id_on_boot
                0x0000000010000f74       0x10 CMakeFiles/minerSlave.dir/__/__/libraries/pico-sdk/src/rp2_common/pico_unique_id/unique_id.c.obj
 .text.flash_get_unique_id
                0x0000000010000f84       0x40 CMakeFiles/minerSlave.dir/__/__/libraries/pico-sdk/src/rp2_common/hardware_flash/flash.c.obj
                0x0000000010000f84                flash_get_unique_id
 .text.hw_claim_or_assert
                0x0000000010000fc4       0x44 CMakeFiles/minerSlave.dir/__/__/libraries/pico-sdk/src/rp2_common/hardware_claim/claim.c.obj
                0x0000000010000fc4                hw_claim_or_assert
 .text.running_on_fpga
                0x0000000010001008       0x10 CMakeFiles/minerSlave.dir/__/__/libraries/pico-sdk/src/rp2_common/pico_platform/platform.c.obj
                0x0000000010001008                running_on_fpga
 .text.spin_locks_reset
                0x0000000010001018       0x1c CMakeFiles/minerSlave.dir/__/__/libraries/pico-sdk/src/rp2_common/hardware_sync/sync.c.obj
                0x0000000010001018                spin_locks_reset
 .text.next_striped_spin_lock_num
                0x0000000010001034       0x18 CMakeFiles/minerSlave.dir/__/__/libraries/pico-sdk/src/rp2_common/hardware_sync/sync.c.obj
                0x0000000010001034                next_striped_spin_lock_num
 .text.rom_func_lookup
                0x000000001000104c       0x10 CMakeFiles/minerSlave.dir/__/__/libraries/pico-sdk/src/rp2_common/pico_bootrom/bootrom.c.obj
                0x000000001000104c                rom_func_lookup
 .text.rom_data_lookup
                0x000000001000105c       0x10 CMakeFiles/minerSlave.dir/__/__/libraries/pico-sdk/src/rp2_common/pico_bootrom/bootrom.c.obj
                0x000000001000105c                rom_data_lookup
 .text.rom_funcs_lookup
                0x000000001000106c       0x44 CMakeFiles/minerSlave.dir/__/__/libraries/pico-sdk/src/rp2_common/pico_bootrom/bootrom.c.obj
                0x000000001000106c                rom_funcs_lookup
 .text.i2c_set_baudrate
                0x00000000100010b0       0xc4 CMakeFiles/minerSlave.dir/__/__/libraries/pico-sdk/src/rp2_common/hardware_i2c/i2c.c.obj
                0x00000000100010b0                i2c_set_baudrate
 .text.i2c_init
                0x0000000010001174       0x54 CMakeFiles/minerSlave.dir/__/__/libraries/pico-sdk/src/rp2_common/hardware_i2c/i2c.c.obj
                0x0000000010001174                i2c_init
 .text.i2c_set_slave_mode
                0x00000000100011c8       0x40 CMakeFiles/minerSlave.dir/__/__/libraries/pico-sdk/src/rp2_common/hardware_i2c/i2c.c.obj
                0x00000000100011c8                i2c_set_slave_mode
 .text.irq_set_enabled
                0x0000000010001208       0x24 CMakeFiles/minerSlave.dir/__/__/libraries/pico-sdk/src/rp2_common/hardware_irq/irq.c.obj
                0x0000000010001208                irq_set_enabled
 .text.irq_is_enabled
                0x000000001000122c       0x18 CMakeFiles/minerSlave.dir/__/__/libraries/pico-sdk/src/rp2_common/hardware_irq/irq.c.obj
                0x000000001000122c                irq_is_enabled
 .text.irq_get_vtable_handler
                0x0000000010001244       0x10 CMakeFiles/minerSlave.dir/__/__/libraries/pico-sdk/src/rp2_common/hardware_irq/irq.c.obj
                0x0000000010001244                irq_get_vtable_handler
 .text.irq_set_exclusive_handler
                0x0000000010001254       0x54 CMakeFiles/minerSlave.dir/__/__/libraries/pico-sdk/src/rp2_common/hardware_irq/irq.c.obj
                0x0000000010001254                irq_set_exclusive_handler
 .text.irq_remove_handler
                0x00000000100012a8      0x1b4 CMakeFiles/minerSlave.dir/__/__/libraries/pico-sdk/src/rp2_common/hardware_irq/irq.c.obj
                0x00000000100012a8                irq_remove_handler
 .text.irq_add_tail_to_free_list
                0x000000001000145c       0xb4 CMakeFiles/minerSlave.dir/__/__/libraries/pico-sdk/src/rp2_common/hardware_irq/irq.c.obj
                0x000000001000145c                irq_add_tail_to_free_list
 .text.irq_init_priorities
                0x0000000010001510       0x24 CMakeFiles/minerSlave.dir/__/__/libraries/pico-sdk/src/rp2_common/hardware_irq/irq.c.obj
                0x0000000010001510                irq_init_priorities
 .text.lock_init
                0x0000000010001534       0x10 CMakeFiles/minerSlave.dir/__/__/libraries/pico-sdk/src/common/pico_sync/lock_core.c.obj
                0x0000000010001534                lock_init
 .text.timer_pool_entry_comparator
                0x0000000010001544       0x34 CMakeFiles/minerSlave.dir/__/__/libraries/pico-sdk/src/common/pico_time/time.c.obj
                0x0000000010001544                timer_pool_entry_comparator
 .text.sleep_until_callback
                0x0000000010001578       0x30 CMakeFiles/minerSlave.dir/__/__/libraries/pico-sdk/src/common/pico_time/time.c.obj
 .text.add_alarm_under_lock.isra.0
                0x00000000100015a8      0x100 CMakeFiles/minerSlave.dir/__/__/libraries/pico-sdk/src/common/pico_time/time.c.obj
 .text.alarm_pool_alarm_callback
                0x00000000100016a8      0x1c8 CMakeFiles/minerSlave.dir/__/__/libraries/pico-sdk/src/common/pico_time/time.c.obj
 .text.alarm_pool_add_alarm_at.constprop.0
                0x0000000010001870      0x11c CMakeFiles/minerSlave.dir/__/__/libraries/pico-sdk/src/common/pico_time/time.c.obj
 .text.alarm_pool_init_default
                0x000000001000198c       0x64 CMakeFiles/minerSlave.dir/__/__/libraries/pico-sdk/src/common/pico_time/time.c.obj
                0x000000001000198c                alarm_pool_init_default
 .text.sleep_until
                0x00000000100019f0       0xac CMakeFiles/minerSlave.dir/__/__/libraries/pico-sdk/src/common/pico_time/time.c.obj
                0x00000000100019f0                sleep_until
 .text.sleep_us
                0x0000000010001a9c       0x30 CMakeFiles/minerSlave.dir/__/__/libraries/pico-sdk/src/common/pico_time/time.c.obj
                0x0000000010001a9c                sleep_us
 .text.sleep_ms
                0x0000000010001acc       0x38 CMakeFiles/minerSlave.dir/__/__/libraries/pico-sdk/src/common/pico_time/time.c.obj
                0x0000000010001acc                sleep_ms
 .text.hardware_alarm_irq_handler
                0x0000000010001b04       0xb8 CMakeFiles/minerSlave.dir/__/__/libraries/pico-sdk/src/rp2_common/hardware_timer/timer.c.obj
 .text.hardware_alarm_claim
                0x0000000010001bbc       0x18 CMakeFiles/minerSlave.dir/__/__/libraries/pico-sdk/src/rp2_common/hardware_timer/timer.c.obj
                0x0000000010001bbc                hardware_alarm_claim
 .text.time_us_64
                0x0000000010001bd4       0x14 CMakeFiles/minerSlave.dir/__/__/libraries/pico-sdk/src/rp2_common/hardware_timer/timer.c.obj
                0x0000000010001bd4                time_us_64
 .text.busy_wait_until
                0x0000000010001be8       0x20 CMakeFiles/minerSlave.dir/__/__/libraries/pico-sdk/src/rp2_common/hardware_timer/timer.c.obj
                0x0000000010001be8                busy_wait_until
 .text.hardware_alarm_set_callback
                0x0000000010001c08       0x8c CMakeFiles/minerSlave.dir/__/__/libraries/pico-sdk/src/rp2_common/hardware_timer/timer.c.obj
                0x0000000010001c08                hardware_alarm_set_callback
 .text.hardware_alarm_set_target
                0x0000000010001c94       0xe0 CMakeFiles/minerSlave.dir/__/__/libraries/pico-sdk/src/rp2_common/hardware_timer/timer.c.obj
                0x0000000010001c94                hardware_alarm_set_target
 .text.hardware_alarm_cancel
                0x0000000010001d74       0x3c CMakeFiles/minerSlave.dir/__/__/libraries/pico-sdk/src/rp2_common/hardware_timer/timer.c.obj
                0x0000000010001d74                hardware_alarm_cancel
 .text.ph_merge_nodes
                0x0000000010001db0       0x68 CMakeFiles/minerSlave.dir/__/__/libraries/pico-sdk/src/common/pico_util/pheap.c.obj
 .text.ph_post_alloc_init
                0x0000000010001e18       0x3c CMakeFiles/minerSlave.dir/__/__/libraries/pico-sdk/src/common/pico_util/pheap.c.obj
                0x0000000010001e18                ph_post_alloc_init
 .text.ph_merge_two_pass
                0x0000000010001e54       0x90 CMakeFiles/minerSlave.dir/__/__/libraries/pico-sdk/src/common/pico_util/pheap.c.obj
                0x0000000010001e54                ph_merge_two_pass
 .text.ph_remove_any_head
                0x0000000010001ee4       0xf8 CMakeFiles/minerSlave.dir/__/__/libraries/pico-sdk/src/common/pico_util/pheap.c.obj
 .text.ph_remove_head
                0x0000000010001fdc       0xfc CMakeFiles/minerSlave.dir/__/__/libraries/pico-sdk/src/common/pico_util/pheap.c.obj
                0x0000000010001fdc                ph_remove_head
 .text.ph_remove_and_free_node
                0x00000000100020d8       0x7c CMakeFiles/minerSlave.dir/__/__/libraries/pico-sdk/src/common/pico_util/pheap.c.obj
                0x00000000100020d8                ph_remove_and_free_node
 .text.mutex_init
                0x0000000010002154       0x1c CMakeFiles/minerSlave.dir/__/__/libraries/pico-sdk/src/common/pico_sync/mutex.c.obj
                0x0000000010002154                mutex_init
 .text.recursive_mutex_init
                0x0000000010002170       0x1c CMakeFiles/minerSlave.dir/__/__/libraries/pico-sdk/src/common/pico_sync/mutex.c.obj
                0x0000000010002170                recursive_mutex_init
 .text.clocks_init
                0x000000001000218c      0x2bc CMakeFiles/minerSlave.dir/__/__/libraries/pico-sdk/src/rp2_common/hardware_clocks/clocks.c.obj
                0x000000001000218c                clocks_init
 .text.clock_get_hz
                0x0000000010002448        0xc CMakeFiles/minerSlave.dir/__/__/libraries/pico-sdk/src/rp2_common/hardware_clocks/clocks.c.obj
                0x0000000010002448                clock_get_hz
 .text.gpio_set_function
                0x0000000010002454       0x30 CMakeFiles/minerSlave.dir/__/__/libraries/pico-sdk/src/rp2_common/hardware_gpio/gpio.c.obj
                0x0000000010002454                gpio_set_function
 .text.gpio_set_pulls
                0x0000000010002484       0x30 CMakeFiles/minerSlave.dir/__/__/libraries/pico-sdk/src/rp2_common/hardware_gpio/gpio.c.obj
                0x0000000010002484                gpio_set_pulls
 .text.gpio_init
                0x00000000100024b4       0x3c CMakeFiles/minerSlave.dir/__/__/libraries/pico-sdk/src/rp2_common/hardware_gpio/gpio.c.obj
                0x00000000100024b4                gpio_init
 .text.pll_init
                0x00000000100024f0       0xa8 CMakeFiles/minerSlave.dir/__/__/libraries/pico-sdk/src/rp2_common/hardware_pll/pll.c.obj
                0x00000000100024f0                pll_init
 .text.watchdog_start_tick
                0x0000000010002598       0x10 CMakeFiles/minerSlave.dir/__/__/libraries/pico-sdk/src/rp2_common/hardware_watchdog/watchdog.c.obj
                0x0000000010002598                watchdog_start_tick
 .text.xosc_init
                0x00000000100025a8       0x28 CMakeFiles/minerSlave.dir/__/__/libraries/pico-sdk/src/rp2_common/hardware_xosc/xosc.c.obj
                0x00000000100025a8                xosc_init
 .text.uart_init
                0x00000000100025d0       0xe0 CMakeFiles/minerSlave.dir/__/__/libraries/pico-sdk/src/rp2_common/hardware_uart/uart.c.obj
                0x00000000100025d0                uart_init
 .text.runtime_init
                0x00000000100026b0       0xf0 CMakeFiles/minerSlave.dir/__/__/libraries/pico-sdk/src/rp2_common/pico_runtime/runtime.c.obj
                0x00000000100026b0                runtime_init
 .text.exit     0x00000000100027a0        0x4 CMakeFiles/minerSlave.dir/__/__/libraries/pico-sdk/src/rp2_common/pico_runtime/runtime.c.obj
                0x00000000100027a0                exit
 .text.panic    0x00000000100027a4       0x30 CMakeFiles/minerSlave.dir/__/__/libraries/pico-sdk/src/rp2_common/pico_runtime/runtime.c.obj
                0x00000000100027a4                panic
 .text.hard_assertion_failure
                0x00000000100027d4        0xc CMakeFiles/minerSlave.dir/__/__/libraries/pico-sdk/src/rp2_common/pico_runtime/runtime.c.obj
                0x00000000100027d4                hard_assertion_failure
 .text._out_buffer
                0x00000000100027e0        0x8 CMakeFiles/minerSlave.dir/__/__/libraries/pico-sdk/src/rp2_common/pico_printf/printf.c.obj
 .text._out_null
                0x00000000100027e8        0x4 CMakeFiles/minerSlave.dir/__/__/libraries/pico-sdk/src/rp2_common/pico_printf/printf.c.obj
 .text._out_rev
                0x00000000100027ec       0x9c CMakeFiles/minerSlave.dir/__/__/libraries/pico-sdk/src/rp2_common/pico_printf/printf.c.obj
 .text._ntoa_format
                0x0000000010002888      0x1cc CMakeFiles/minerSlave.dir/__/__/libraries/pico-sdk/src/rp2_common/pico_printf/printf.c.obj
 .text._out_char
                0x0000000010002a54       0x10 CMakeFiles/minerSlave.dir/__/__/libraries/pico-sdk/src/rp2_common/pico_printf/printf.c.obj
 .text._out_fct
                0x0000000010002a64       0x10 CMakeFiles/minerSlave.dir/__/__/libraries/pico-sdk/src/rp2_common/pico_printf/printf.c.obj
 .text._etoa    0x0000000010002a74      0x44c CMakeFiles/minerSlave.dir/__/__/libraries/pico-sdk/src/rp2_common/pico_printf/printf.c.obj
 .text._ftoa    0x0000000010002ec0      0x398 CMakeFiles/minerSlave.dir/__/__/libraries/pico-sdk/src/rp2_common/pico_printf/printf.c.obj
 .text._vsnprintf
                0x0000000010003258      0xb04 CMakeFiles/minerSlave.dir/__/__/libraries/pico-sdk/src/rp2_common/pico_printf/printf.c.obj
 .text.__wrap_sprintf
                0x0000000010003d5c       0x28 CMakeFiles/minerSlave.dir/__/__/libraries/pico-sdk/src/rp2_common/pico_printf/printf.c.obj
                0x0000000010003d5c                __wrap_sprintf
 .text.vfctprintf
                0x0000000010003d84       0x20 CMakeFiles/minerSlave.dir/__/__/libraries/pico-sdk/src/rp2_common/pico_printf/printf.c.obj
                0x0000000010003d84                vfctprintf
 .text.weak_raw_vprintf
                0x0000000010003da4       0x30 CMakeFiles/minerSlave.dir/__/__/libraries/pico-sdk/src/rp2_common/pico_printf/printf.c.obj
                0x0000000010003da4                weak_raw_vprintf
 .text          0x0000000010003dd4       0x10 CMakeFiles/minerSlave.dir/__/__/libraries/pico-sdk/src/rp2_common/pico_bit_ops/bit_ops_aeabi.S.obj
 .text.__wrap___aeabi_idiv
                0x0000000010003de4       0x50 CMakeFiles/minerSlave.dir/__/__/libraries/pico-sdk/src/rp2_common/pico_divider/divider.S.obj
                0x0000000010003de4                __wrap___aeabi_idivmod
                0x0000000010003de4                divmod_s32s32
                0x0000000010003de4                div_s32s32
                0x0000000010003de4                __wrap___aeabi_idiv
                0x0000000010003dec                divmod_s32s32_unsafe
                0x0000000010003e18                divmod_s32s32_savestate
 .text.__wrap___aeabi_uidiv
                0x0000000010003e34       0x4c CMakeFiles/minerSlave.dir/__/__/libraries/pico-sdk/src/rp2_common/pico_divider/divider.S.obj
                0x0000000010003e34                __wrap___aeabi_uidiv
                0x0000000010003e34                __wrap___aeabi_uidivmod
                0x0000000010003e34                div_u32u32
                0x0000000010003e34                divmod_u32u32
                0x0000000010003e3c                divmod_u32u32_unsafe
                0x0000000010003e64                divmod_u32u32_savestate
 .text.__wrap___aeabi_ldiv
                0x0000000010003e80      0x434 CMakeFiles/minerSlave.dir/__/__/libraries/pico-sdk/src/rp2_common/pico_divider/divider.S.obj
                0x0000000010003e80                __wrap___aeabi_ldivmod
                0x0000000010003e80                div_s64s64
                0x0000000010003e80                divmod_s64s64
                0x0000000010003eb8                divmod_u64u64
                0x0000000010003eb8                div_u64u64
                0x0000000010003eb8                __wrap___aeabi_uldivmod
                0x0000000010003ec8                divmod_u64u64_savestate
                0x0000000010003ef0                divmod_s64s64_unsafe
                0x0000000010003f78                divmod_u64u64_unsafe
 .text.__wrap___aeabi_darithmetic
                0x00000000100042b4       0x80 CMakeFiles/minerSlave.dir/__/__/libraries/pico-sdk/src/rp2_common/pico_double/double_aeabi.S.obj
                0x00000000100042b4                __wrap___aeabi_drsub
                0x00000000100042ba                __wrap___aeabi_dsub
                0x00000000100042cc                __wrap___aeabi_dadd
                0x00000000100042de                __wrap___aeabi_ddiv
                0x000000001000431a                __wrap___aeabi_dmul
 .text.__wrap___aeabi_cdcmple
                0x0000000010004334       0x6c CMakeFiles/minerSlave.dir/__/__/libraries/pico-sdk/src/rp2_common/pico_double/double_aeabi.S.obj
                0x0000000010004334                __wrap___aeabi_cdrcmple
                0x0000000010004344                __wrap___aeabi_cdcmple
                0x0000000010004344                __wrap___aeabi_cdcmpeq
 .text.__wrap___aeabi_dcmplt
                0x00000000100043a0        0xc CMakeFiles/minerSlave.dir/__/__/libraries/pico-sdk/src/rp2_common/pico_double/double_aeabi.S.obj
                0x00000000100043a0                __wrap___aeabi_dcmplt
 .text.__wrap___aeabi_dcmple
                0x00000000100043ac       0x10 CMakeFiles/minerSlave.dir/__/__/libraries/pico-sdk/src/rp2_common/pico_double/double_aeabi.S.obj
                0x00000000100043ac                __wrap___aeabi_dcmple
 .text.__wrap___aeabi_dcmpge
                0x00000000100043bc       0x10 CMakeFiles/minerSlave.dir/__/__/libraries/pico-sdk/src/rp2_common/pico_double/double_aeabi.S.obj
                0x00000000100043bc                __wrap___aeabi_dcmpge
 .text.__wrap___aeabi_dcmpgt
                0x00000000100043cc        0xa CMakeFiles/minerSlave.dir/__/__/libraries/pico-sdk/src/rp2_common/pico_double/double_aeabi.S.obj
                0x00000000100043cc                __wrap___aeabi_dcmpgt
 .text.__wrap___aeabi_dcmpun
                0x00000000100043d6       0x1c CMakeFiles/minerSlave.dir/__/__/libraries/pico-sdk/src/rp2_common/pico_double/double_aeabi.S.obj
                0x00000000100043d6                __wrap___aeabi_dcmpun
 *fill*         0x00000000100043f2        0x2 
 .text.__wrap___aeabi_i2d
                0x00000000100043f4       0x38 CMakeFiles/minerSlave.dir/__/__/libraries/pico-sdk/src/rp2_common/pico_double/double_aeabi.S.obj
                0x00000000100043f4                __wrap___aeabi_ui2d
                0x00000000100043fc                __wrap___aeabi_i2d
 .text.__wrap___aeabi_d2iz
                0x000000001000442c       0x48 CMakeFiles/minerSlave.dir/__/__/libraries/pico-sdk/src/rp2_common/pico_double/double_aeabi.S.obj
                0x000000001000442c                __wrap___aeabi_d2iz
                0x000000001000442c                double2int_z
 .text.__wrap___aeabi_d2uiz
                0x0000000010004474       0x18 CMakeFiles/minerSlave.dir/__/__/libraries/pico-sdk/src/rp2_common/pico_double/double_aeabi.S.obj
                0x0000000010004474                double2uint
                0x0000000010004474                __wrap___aeabi_d2uiz
 .text.__aeabi_double_init
                0x000000001000448c       0x94 CMakeFiles/minerSlave.dir/__/__/libraries/pico-sdk/src/rp2_common/pico_double/double_init_rom.c.obj
                0x000000001000448c                __aeabi_double_init
 .text.double_table_shim_on_use_helper
                0x0000000010004520       0x2c CMakeFiles/minerSlave.dir/__/__/libraries/pico-sdk/src/rp2_common/pico_double/double_v1_rom_shim.S.obj
                0x0000000010004520                double_table_shim_on_use_helper
 .text.__wrap___aeabi_dsub
                0x000000001000454c       0x10 CMakeFiles/minerSlave.dir/__/__/libraries/pico-sdk/src/rp2_common/pico_double/double_v1_rom_shim.S.obj
                0x000000001000454c                drsub_shim
                0x0000000010004552                dsub_shim
 .text.dadd_shim
                0x000000001000455c      0x15c CMakeFiles/minerSlave.dir/__/__/libraries/pico-sdk/src/rp2_common/pico_double/double_v1_rom_shim.S.obj
                0x000000001000455c                dadd_shim
 .text.dmul_shim
                0x00000000100046b8      0x15c CMakeFiles/minerSlave.dir/__/__/libraries/pico-sdk/src/rp2_common/pico_double/double_v1_rom_shim.S.obj
                0x00000000100046b8                dmul_shim
 .text.ddiv_shim
                0x0000000010004814      0x1b0 CMakeFiles/minerSlave.dir/__/__/libraries/pico-sdk/src/rp2_common/pico_double/double_v1_rom_shim.S.obj
                0x0000000010004814                ddiv_shim
 .text.double2uint_shim
                0x00000000100049c4        0xe CMakeFiles/minerSlave.dir/__/__/libraries/pico-sdk/src/rp2_common/pico_double/double_v1_rom_shim.S.obj
                0x00000000100049c4                double2uint_shim
                0x00000000100049c6                double2ufix_shim
 *fill*         0x00000000100049d2        0x2 
 .text.double2uint64_shim
                0x00000000100049d4       0x70 CMakeFiles/minerSlave.dir/__/__/libraries/pico-sdk/src/rp2_common/pico_double/double_v1_rom_shim.S.obj
                0x00000000100049d4                double2uint64_shim
                0x00000000100049d6                double2ufix64_shim
                0x00000000100049f6                d2fix_a
 .text.dunpacks
                0x0000000010004a44       0x3c CMakeFiles/minerSlave.dir/__/__/libraries/pico-sdk/src/rp2_common/pico_double/double_v1_rom_shim.S.obj
                0x0000000010004a44                dunpacks
 .text.__aeabi_lmul
                0x0000000010004a80       0x32 CMakeFiles/minerSlave.dir/__/__/libraries/pico-sdk/src/rp2_common/pico_int64_ops/pico_int64_ops_aeabi.S.obj
                0x0000000010004a80                __wrap___aeabi_lmul
 *fill*         0x0000000010004ab2        0x2 
 .text.__aeabi_float_init
                0x0000000010004ab4       0x64 CMakeFiles/minerSlave.dir/__/__/libraries/pico-sdk/src/rp2_common/pico_float/float_init_rom.c.obj
                0x0000000010004ab4                __aeabi_float_init
 .text.float_table_shim_on_use_helper
                0x0000000010004b18       0x2c CMakeFiles/minerSlave.dir/__/__/libraries/pico-sdk/src/rp2_common/pico_float/float_v1_rom_shim.S.obj
                0x0000000010004b18                float_table_shim_on_use_helper
 .text          0x0000000010004b44       0x10 CMakeFiles/minerSlave.dir/__/__/libraries/pico-sdk/src/rp2_common/pico_mem_ops/mem_ops_aeabi.S.obj
                0x0000000010004b44                __aeabi_mem_init
 .text.memset   0x0000000010004b54        0xc CMakeFiles/minerSlave.dir/__/__/libraries/pico-sdk/src/rp2_common/pico_mem_ops/mem_ops_aeabi.S.obj
                0x0000000010004b54                __wrap_memset
 .text.memcpy   0x0000000010004b60        0xc CMakeFiles/minerSlave.dir/__/__/libraries/pico-sdk/src/rp2_common/pico_mem_ops/mem_ops_aeabi.S.obj
                0x0000000010004b60                __wrap___aeabi_memcpy
                0x0000000010004b60                __wrap_memcpy
 .text.stdio_out_chars_no_crlf
                0x0000000010004b6c       0x10 CMakeFiles/minerSlave.dir/__/__/libraries/pico-sdk/src/rp2_common/pico_stdio/stdio.c.obj
 .text.stdio_out_chars_crlf
                0x0000000010004b7c       0xb4 CMakeFiles/minerSlave.dir/__/__/libraries/pico-sdk/src/rp2_common/pico_stdio/stdio.c.obj
 .text.stdio_buffered_printer
                0x0000000010004c30       0x64 CMakeFiles/minerSlave.dir/__/__/libraries/pico-sdk/src/rp2_common/pico_stdio/stdio.c.obj
 .text.stdio_put_string.isra.0
                0x0000000010004c94       0xfc CMakeFiles/minerSlave.dir/__/__/libraries/pico-sdk/src/rp2_common/pico_stdio/stdio.c.obj
 .text.__wrap_putchar
                0x0000000010004d90       0xa0 CMakeFiles/minerSlave.dir/__/__/libraries/pico-sdk/src/rp2_common/pico_stdio/stdio.c.obj
                0x0000000010004d90                __wrap_putchar
 .text.__wrap_puts
                0x0000000010004e30       0x3c CMakeFiles/minerSlave.dir/__/__/libraries/pico-sdk/src/rp2_common/pico_stdio/stdio.c.obj
                0x0000000010004e30                __wrap_puts
 .text.stdio_set_driver_enabled
                0x0000000010004e6c       0x3c CMakeFiles/minerSlave.dir/__/__/libraries/pico-sdk/src/rp2_common/pico_stdio/stdio.c.obj
                0x0000000010004e6c                stdio_set_driver_enabled
 .text.__wrap_vprintf
                0x0000000010004ea8       0xd8 CMakeFiles/minerSlave.dir/__/__/libraries/pico-sdk/src/rp2_common/pico_stdio/stdio.c.obj
                0x0000000010004ea8                __wrap_vprintf
 .text.__wrap_printf
                0x0000000010004f80       0x18 CMakeFiles/minerSlave.dir/__/__/libraries/pico-sdk/src/rp2_common/pico_stdio/stdio.c.obj
                0x0000000010004f80                __wrap_printf
 .text.stdio_init_all
                0x0000000010004f98        0x8 CMakeFiles/minerSlave.dir/__/__/libraries/pico-sdk/src/rp2_common/pico_stdio/stdio.c.obj
                0x0000000010004f98                stdio_init_all
 .text.stdio_uart_out_chars
                0x0000000010004fa0       0x4c CMakeFiles/minerSlave.dir/__/__/libraries/pico-sdk/src/rp2_common/pico_stdio_uart/stdio_uart.c.obj
 .text.stdio_uart_in_chars
                0x0000000010004fec       0x38 CMakeFiles/minerSlave.dir/__/__/libraries/pico-sdk/src/rp2_common/pico_stdio_uart/stdio_uart.c.obj
                0x0000000010004fec                stdio_uart_in_chars
 .text.stdio_uart_init
                0x0000000010005024       0x48 CMakeFiles/minerSlave.dir/__/__/libraries/pico-sdk/src/rp2_common/pico_stdio_uart/stdio_uart.c.obj
                0x0000000010005024                stdio_uart_init
 .text.core1_trampoline
                0x000000001000506c        0x4 CMakeFiles/minerSlave.dir/__/__/libraries/pico-sdk/src/rp2_common/pico_multicore/multicore.c.obj
 .text.core1_wrapper
                0x0000000010005070        0xc CMakeFiles/minerSlave.dir/__/__/libraries/pico-sdk/src/rp2_common/pico_multicore/multicore.c.obj
                0x0000000010005070                core1_wrapper
 .text.multicore_launch_core1_raw
                0x000000001000507c       0x84 CMakeFiles/minerSlave.dir/__/__/libraries/pico-sdk/src/rp2_common/pico_multicore/multicore.c.obj
                0x000000001000507c                multicore_launch_core1_raw
 .text.multicore_launch_core1
                0x0000000010005100       0x4c CMakeFiles/minerSlave.dir/__/__/libraries/pico-sdk/src/rp2_common/pico_multicore/multicore.c.obj
                0x0000000010005100                multicore_launch_core1
 .text          0x000000001000514c       0x18 ../../libraries/mbedtls/library/libmbedcrypto.a(platform_util.c.obj)
                0x000000001000514c                mbedtls_platform_zeroize
 .text          0x0000000010005164     0x16a4 ../../libraries/mbedtls/library/libmbedcrypto.a(sha1.c.obj)
                0x0000000010005164                mbedtls_sha1_init
                0x0000000010005170                mbedtls_sha1_free
                0x0000000010005180                mbedtls_sha1_clone
                0x000000001000518c                mbedtls_sha1_starts_ret
                0x00000000100051c0                mbedtls_sha1_starts
                0x00000000100051f0                mbedtls_internal_sha1_process
                0x00000000100066a4                mbedtls_sha1_process
                0x00000000100066ac                mbedtls_sha1_update_ret
                0x00000000100066bc                mbedtls_sha1_update
                0x00000000100066c8                mbedtls_sha1_finish_ret
                0x0000000010006790                mbedtls_sha1_finish
                0x0000000010006798                mbedtls_sha1_ret
                0x0000000010006800                mbedtls_sha1
 .text.atoi     0x0000000010006808        0xc /Applications/ARM/bin/../lib/gcc/arm-none-eabi/10.3.1/../../../../arm-none-eabi/lib/thumb/v6-m/nofp/libc.a(lib_a-atoi.o)
                0x0000000010006808                atoi
 .text.__errno  0x0000000010006814        0xc /Applications/ARM/bin/../lib/gcc/arm-none-eabi/10.3.1/../../../../arm-none-eabi/lib/thumb/v6-m/nofp/libc.a(lib_a-errno.o)
                0x0000000010006814                __errno
 .text.strchr   0x0000000010006820       0xc0 /Applications/ARM/bin/../lib/gcc/arm-none-eabi/10.3.1/../../../../arm-none-eabi/lib/thumb/v6-m/nofp/libc.a(lib_a-strchr.o)
                0x0000000010006820                strchr
 .text.strlen   0x00000000100068e0       0x5c /Applications/ARM/bin/../lib/gcc/arm-none-eabi/10.3.1/../../../../arm-none-eabi/lib/thumb/v6-m/nofp/libc.a(lib_a-strlen-stub.o)
                0x00000000100068e0                strlen
 .text._strtol_l.part.0
                0x000000001000693c      0x144 /Applications/ARM/bin/../lib/gcc/arm-none-eabi/10.3.1/../../../../arm-none-eabi/lib/thumb/v6-m/nofp/libc.a(lib_a-strtol.o)
 .text.strtol   0x0000000010006a80       0x2c /Applications/ARM/bin/../lib/gcc/arm-none-eabi/10.3.1/../../../../arm-none-eabi/lib/thumb/v6-m/nofp/libc.a(lib_a-strtol.o)
                0x0000000010006a80                strtol
 .text.toupper  0x0000000010006aac       0x14 /Applications/ARM/bin/../lib/gcc/arm-none-eabi/10.3.1/../../../../arm-none-eabi/lib/thumb/v6-m/nofp/libc.a(lib_a-toupper.o)
                0x0000000010006aac                toupper
 *(.fini)
 .fini          0x0000000010006ac0        0x4 /Applications/ARM/bin/../lib/gcc/arm-none-eabi/10.3.1/thumb/v6-m/nofp/crti.o
                0x0000000010006ac0                _fini
 *fill*         0x0000000010006ac4        0x4 
 .fini.__stub   0x0000000010006ac8       0x80 linker stubs
 *crtbegin.o(.ctors)
 *crtbegin?.o(.ctors)
 *(EXCLUDE_FILE(*crtend.o *crtend?.o) .ctors)
 *(SORT_BY_NAME(.ctors.*))
 *(.ctors)
 *crtbegin.o(.dtors)
 *crtbegin?.o(.dtors)
 *(EXCLUDE_FILE(*crtend.o *crtend?.o) .dtors)
 *(SORT_BY_NAME(.dtors.*))
 *(.dtors)
 *(.eh_frame*)
 .eh_frame      0x0000000010006b48        0x0 /Applications/ARM/bin/../lib/gcc/arm-none-eabi/10.3.1/thumb/v6-m/nofp/crtbegin.o
                0x0000000010006b48                . = ALIGN (0x4)

.glue_7         0x0000000010006b48        0x0
 .glue_7        0x0000000010006b48        0x0 linker stubs

.glue_7t        0x0000000010006b48        0x0
 .glue_7t       0x0000000010006b48        0x0 linker stubs

.vfp11_veneer   0x0000000010006b48        0x0
 .vfp11_veneer  0x0000000010006b48        0x0 linker stubs

.v4_bx          0x0000000010006b48        0x0
 .v4_bx         0x0000000010006b48        0x0 linker stubs

.iplt           0x0000000010006b48        0x0
 .iplt          0x0000000010006b48        0x0 /Applications/ARM/bin/../lib/gcc/arm-none-eabi/10.3.1/thumb/v6-m/nofp/crtbegin.o

.rodata         0x0000000010006b48      0x71c
 *(EXCLUDE_FILE(*libm.a: *libc.a:*lib_a-mem*.o *libgcc.a:) .rodata*)
 .rodata._Z14slaveLoopCore1v.str1.4
                0x0000000010006b48       0xcb CMakeFiles/minerSlave.dir/minerSlave.cpp.obj
 *fill*         0x0000000010006c13        0x1 
 .rodata.main.str1.4
                0x0000000010006c14       0xef CMakeFiles/minerSlave.dir/minerSlave.cpp.obj
 *fill*         0x0000000010006d03        0x1 
 .rodata.calculateHashCore0.str1.4
                0x0000000010006d04       0xb7 CMakeFiles/minerSlave.dir/__/__/port/utils/src/duinoCoinUtils.cpp.obj
 *fill*         0x0000000010006dbb        0x1 
 .rodata.calculateHashCore1.str1.4
                0x0000000010006dbc       0x34 CMakeFiles/minerSlave.dir/__/__/port/utils/src/duinoCoinUtils.cpp.obj
 .rodata.hardware_alarm_claim.str1.4
                0x0000000010006df0       0x22 CMakeFiles/minerSlave.dir/__/__/libraries/pico-sdk/src/rp2_common/hardware_timer/timer.c.obj
 *fill*         0x0000000010006e12        0x2 
 .rodata.str1.4
                0x0000000010006e14       0x20 CMakeFiles/minerSlave.dir/__/__/port/ioLibrary_Driver/src/w5x00_spi.c.obj
 .rodata.__bi_146.0
                0x0000000010006e34        0x8 CMakeFiles/minerSlave.dir/__/__/port/ioLibrary_Driver/src/w5x00_spi.c.obj
 .rodata.__bi_154.1
                0x0000000010006e3c        0xc CMakeFiles/minerSlave.dir/__/__/port/ioLibrary_Driver/src/w5x00_spi.c.obj
 .rodata.__bi_58.2
                0x0000000010006e48        0xc CMakeFiles/minerSlave.dir/__/__/port/ioLibrary_Driver/src/w5x00_spi.c.obj
 .rodata.panic.str1.4
                0x0000000010006e54       0x10 CMakeFiles/minerSlave.dir/__/__/libraries/pico-sdk/src/rp2_common/pico_runtime/runtime.c.obj
                                         0x12 (size before relaxing)
 .rodata.hard_assertion_failure.str1.4
                0x0000000010006e64        0xc CMakeFiles/minerSlave.dir/__/__/libraries/pico-sdk/src/rp2_common/pico_runtime/runtime.c.obj
 .rodata._ftoa.str1.4
                0x0000000010006e70       0x15 CMakeFiles/minerSlave.dir/__/__/libraries/pico-sdk/src/rp2_common/pico_printf/printf.c.obj
 *fill*         0x0000000010006e85        0x3 
 .rodata._vsnprintf
                0x0000000010006e88      0x1e0 CMakeFiles/minerSlave.dir/__/__/libraries/pico-sdk/src/rp2_common/pico_printf/printf.c.obj
 .rodata.pow10.0
                0x0000000010007068       0x50 CMakeFiles/minerSlave.dir/__/__/libraries/pico-sdk/src/rp2_common/pico_printf/printf.c.obj
 .rodata.str1.4
                0x00000000100070b8       0x40 CMakeFiles/minerSlave.dir/__/__/libraries/pico-sdk/src/rp2_common/pico_standard_link/binary_info.c.obj
 .rodata.__bi_44
                0x00000000100070f8        0xc CMakeFiles/minerSlave.dir/__/__/libraries/pico-sdk/src/rp2_common/pico_standard_link/binary_info.c.obj
 .rodata.__bi_75
                0x0000000010007104        0xc CMakeFiles/minerSlave.dir/__/__/libraries/pico-sdk/src/rp2_common/pico_standard_link/binary_info.c.obj
 .rodata.__bi_81
                0x0000000010007110        0xc CMakeFiles/minerSlave.dir/__/__/libraries/pico-sdk/src/rp2_common/pico_standard_link/binary_info.c.obj
 .rodata.crlf_str.0
                0x000000001000711c        0x2 CMakeFiles/minerSlave.dir/__/__/libraries/pico-sdk/src/rp2_common/pico_stdio/stdio.c.obj
 *fill*         0x000000001000711e        0x2 
 .rodata.str1.4
                0x0000000010007120       0x2c CMakeFiles/minerSlave.dir/__/__/libraries/pico-sdk/src/rp2_common/pico_stdio_uart/stdio_uart.c.obj
 .rodata.__bi_28.4
                0x000000001000714c        0xc CMakeFiles/minerSlave.dir/__/__/libraries/pico-sdk/src/rp2_common/pico_stdio_uart/stdio_uart.c.obj
 .rodata.__bi_29.5
                0x0000000010007158        0x8 CMakeFiles/minerSlave.dir/__/__/libraries/pico-sdk/src/rp2_common/pico_stdio_uart/stdio_uart.c.obj
 .rodata._ctype_
                0x0000000010007160      0x101 /Applications/ARM/bin/../lib/gcc/arm-none-eabi/10.3.1/../../../../arm-none-eabi/lib/thumb/v6-m/nofp/libc.a(lib_a-ctype_.o)
                0x0000000010007160                _ctype_
                0x0000000010007264                . = ALIGN (0x4)
 *fill*         0x0000000010007261        0x3 
 *(SORT_BY_ALIGNMENT(SORT_BY_NAME(.flashdata*)))
                0x0000000010007264                . = ALIGN (0x4)

.rel.dyn        0x0000000010007264        0x0
 .rel.iplt      0x0000000010007264        0x0 /Applications/ARM/bin/../lib/gcc/arm-none-eabi/10.3.1/thumb/v6-m/nofp/crtbegin.o

.ARM.extab
 *(.ARM.extab* .gnu.linkonce.armextab.*)
                0x0000000010007264                __exidx_start = .

.ARM.exidx
 *(.ARM.exidx* .gnu.linkonce.armexidx.*)
                0x0000000010007264                __exidx_end = .
                0x0000000010007264                . = ALIGN (0x4)
                0x0000000010007264                __binary_info_start = .

.binary_info    0x0000000010007264       0x30
 *(.binary_info.keep.*)
 .binary_info.keep.__bi_ptr146
                0x0000000010007264        0x4 CMakeFiles/minerSlave.dir/__/__/port/ioLibrary_Driver/src/w5x00_spi.c.obj
 .binary_info.keep.__bi_ptr154
                0x0000000010007268        0x4 CMakeFiles/minerSlave.dir/__/__/port/ioLibrary_Driver/src/w5x00_spi.c.obj
 .binary_info.keep.__bi_ptr58
                0x000000001000726c        0x4 CMakeFiles/minerSlave.dir/__/__/port/ioLibrary_Driver/src/w5x00_spi.c.obj
 .binary_info.keep.__bi_ptr22
                0x0000000010007270        0x4 CMakeFiles/minerSlave.dir/__/__/libraries/pico-sdk/src/rp2_common/pico_standard_link/binary_info.c.obj
 .binary_info.keep.__bi_ptr30
                0x0000000010007274        0x4 CMakeFiles/minerSlave.dir/__/__/libraries/pico-sdk/src/rp2_common/pico_standard_link/binary_info.c.obj
 .binary_info.keep.__bi_ptr38
                0x0000000010007278        0x4 CMakeFiles/minerSlave.dir/__/__/libraries/pico-sdk/src/rp2_common/pico_standard_link/binary_info.c.obj
 .binary_info.keep.__bi_ptr44
                0x000000001000727c        0x4 CMakeFiles/minerSlave.dir/__/__/libraries/pico-sdk/src/rp2_common/pico_standard_link/binary_info.c.obj
 .binary_info.keep.__bi_ptr50
                0x0000000010007280        0x4 CMakeFiles/minerSlave.dir/__/__/libraries/pico-sdk/src/rp2_common/pico_standard_link/binary_info.c.obj
 .binary_info.keep.__bi_ptr75
                0x0000000010007284        0x4 CMakeFiles/minerSlave.dir/__/__/libraries/pico-sdk/src/rp2_common/pico_standard_link/binary_info.c.obj
 .binary_info.keep.__bi_ptr81
                0x0000000010007288        0x4 CMakeFiles/minerSlave.dir/__/__/libraries/pico-sdk/src/rp2_common/pico_standard_link/binary_info.c.obj
 *(.binary_info.*)
 .binary_info.__bi_ptr28
                0x000000001000728c        0x4 CMakeFiles/minerSlave.dir/__/__/libraries/pico-sdk/src/rp2_common/pico_stdio_uart/stdio_uart.c.obj
 .binary_info.__bi_ptr29
                0x0000000010007290        0x4 CMakeFiles/minerSlave.dir/__/__/libraries/pico-sdk/src/rp2_common/pico_stdio_uart/stdio_uart.c.obj
                0x0000000010007294                __binary_info_end = .
                0x0000000010007294                . = ALIGN (0x4)
                0x0000000010007294                __etext = .

.ram_vector_table
                0x0000000020000000       0xc0
 *(.ram_vector_table)
 .ram_vector_table
                0x0000000020000000       0xc0 CMakeFiles/minerSlave.dir/__/__/libraries/pico-sdk/src/rp2_common/pico_runtime/runtime.c.obj
                0x0000000020000000                ram_vector_table

.data           0x00000000200000c0      0x9d8 load address 0x0000000010007294
                0x00000000200000c0                __data_start__ = .
 *(vtable)
 *(.time_critical*)
 .time_critical.TwoWire::handleEvent
                0x00000000200000c0       0x88 CMakeFiles/minerSlave.dir/__/__/port/utils/src/Wire.cpp.obj
                0x00000000200000c0                TwoWire::handleEvent(i2c_inst*, i2c_slave_event_t)
 .time_critical.i2c0_slave_irq_handler
                0x0000000020000148       0xa0 CMakeFiles/minerSlave.dir/__/__/port/i2c_slave/i2c_slave.c.obj
 .time_critical.i2c1_slave_irq_handler
                0x00000000200001e8       0xa0 CMakeFiles/minerSlave.dir/__/__/port/i2c_slave/i2c_slave.c.obj
 .time_critical.flash_init_boot2_copyout
                0x0000000020000288       0x30 CMakeFiles/minerSlave.dir/__/__/libraries/pico-sdk/src/rp2_common/hardware_flash/flash.c.obj
 .time_critical.flash_enable_xip_via_boot2
                0x00000000200002b8       0x10 CMakeFiles/minerSlave.dir/__/__/libraries/pico-sdk/src/rp2_common/hardware_flash/flash.c.obj
 .time_critical.flash_cs_force
                0x00000000200002c8       0x38 CMakeFiles/minerSlave.dir/__/__/libraries/pico-sdk/src/rp2_common/hardware_flash/flash.c.obj
 .time_critical.flash_do_cmd
                0x0000000020000300       0xc4 CMakeFiles/minerSlave.dir/__/__/libraries/pico-sdk/src/rp2_common/hardware_flash/flash.c.obj
                0x0000000020000300                flash_do_cmd
 .time_critical.mutex_enter_blocking
                0x00000000200003c4       0x48 CMakeFiles/minerSlave.dir/__/__/libraries/pico-sdk/src/common/pico_sync/mutex.c.obj
                0x00000000200003c4                mutex_enter_blocking
 .time_critical.mutex_try_enter
                0x000000002000040c       0x44 CMakeFiles/minerSlave.dir/__/__/libraries/pico-sdk/src/common/pico_sync/mutex.c.obj
                0x000000002000040c                mutex_try_enter
 .time_critical.mutex_exit
                0x0000000020000450       0x28 CMakeFiles/minerSlave.dir/__/__/libraries/pico-sdk/src/common/pico_sync/mutex.c.obj
                0x0000000020000450                mutex_exit
 *(.text*)
 .text          0x0000000020000478        0x4 /Applications/ARM/bin/../lib/gcc/arm-none-eabi/10.3.1/thumb/v6-m/nofp/libgcc.a(_dvmd_tls.o)
                0x0000000020000478                __aeabi_ldiv0
                0x0000000020000478                __aeabi_idiv0
 .text.memcmp   0x000000002000047c       0x48 /Applications/ARM/bin/../lib/gcc/arm-none-eabi/10.3.1/../../../../arm-none-eabi/lib/thumb/v6-m/nofp/libc.a(lib_a-memcmp.o)
                0x000000002000047c                memcmp
 .text.memmove  0x00000000200004c4       0xac /Applications/ARM/bin/../lib/gcc/arm-none-eabi/10.3.1/../../../../arm-none-eabi/lib/thumb/v6-m/nofp/libc.a(lib_a-memmove.o)
                0x00000000200004c4                memmove
                0x0000000020000570                . = ALIGN (0x4)
 *(.rodata*)
                0x0000000020000570                . = ALIGN (0x4)
 *(.data*)
 .data._ZL18HashCalStatusCore0
                0x0000000020000570        0x1 CMakeFiles/minerSlave.dir/minerSlave.cpp.obj
 .data._ZL18HashCalStatusCore1
                0x0000000020000571        0x1 CMakeFiles/minerSlave.dir/minerSlave.cpp.obj
 .data.striped_spin_lock_num
                0x0000000020000572        0x1 CMakeFiles/minerSlave.dir/__/__/libraries/pico-sdk/src/rp2_common/hardware_sync/sync.c.obj
 *fill*         0x0000000020000573        0x1 
 .data.i2c0_inst
                0x0000000020000574        0x8 CMakeFiles/minerSlave.dir/__/__/libraries/pico-sdk/src/rp2_common/hardware_i2c/i2c.c.obj
                0x0000000020000574                i2c0_inst
 .data.i2c1_inst
                0x000000002000057c        0x8 CMakeFiles/minerSlave.dir/__/__/libraries/pico-sdk/src/rp2_common/hardware_i2c/i2c.c.obj
                0x000000002000057c                i2c1_inst
 .data          0x0000000020000584       0x48 CMakeFiles/minerSlave.dir/__/__/libraries/pico-sdk/src/rp2_common/hardware_irq/irq_handler_chain.S.obj
                0x0000000020000584                irq_handler_chain_slots
                0x00000000200005b4                irq_handler_chain_first_slot
                0x00000000200005be                irq_handler_chain_remove_tail
 .data.default_alarm_pool
                0x00000000200005cc       0x18 CMakeFiles/minerSlave.dir/__/__/libraries/pico-sdk/src/common/pico_time/time.c.obj
 .data.default_alarm_pool_heap
                0x00000000200005e4       0x10 CMakeFiles/minerSlave.dir/__/__/libraries/pico-sdk/src/common/pico_time/time.c.obj
 *fill*         0x00000000200005f4        0xc 
 .data.aeabi_bits_funcs
                0x0000000020000600       0x10 CMakeFiles/minerSlave.dir/__/__/libraries/pico-sdk/src/rp2_common/pico_bit_ops/bit_ops_aeabi.S.obj
                0x0000000020000600                aeabi_bits_funcs
                0x0000000020000610                aeabi_bits_funcs_end
 .data.aeabi_mem_funcs
                0x0000000020000610       0x10 CMakeFiles/minerSlave.dir/__/__/libraries/pico-sdk/src/rp2_common/pico_mem_ops/mem_ops_aeabi.S.obj
                0x0000000020000610                aeabi_mem_funcs
                0x0000000020000620                aeabi_mem_funcs_end
 .data.stdio_uart
                0x0000000020000620       0x14 CMakeFiles/minerSlave.dir/__/__/libraries/pico-sdk/src/rp2_common/pico_stdio_uart/stdio_uart.c.obj
                0x0000000020000620                stdio_uart
 .data          0x0000000020000634        0x4 ../../libraries/mbedtls/library/libmbedcrypto.a(platform_util.c.obj)
 .data._impure_ptr
                0x0000000020000638        0x4 /Applications/ARM/bin/../lib/gcc/arm-none-eabi/10.3.1/../../../../arm-none-eabi/lib/thumb/v6-m/nofp/libc.a(lib_a-impure.o)
                0x0000000020000638                _impure_ptr
 *fill*         0x000000002000063c        0x4 
 .data.impure_data
                0x0000000020000640      0x428 /Applications/ARM/bin/../lib/gcc/arm-none-eabi/10.3.1/../../../../arm-none-eabi/lib/thumb/v6-m/nofp/libc.a(lib_a-impure.o)
                0x0000000020000a68                . = ALIGN (0x4)
 *(.after_data.*)
                0x0000000020000a68                . = ALIGN (0x4)
                0x0000000020000a68                PROVIDE (__mutex_array_start = .)
 *(SORT_BY_NAME(.mutex_array.*))
 *(.mutex_array)
 .mutex_array   0x0000000020000a68        0x8 CMakeFiles/minerSlave.dir/__/__/libraries/pico-sdk/src/rp2_common/pico_malloc/pico_malloc.c.obj
 .mutex_array   0x0000000020000a70        0x8 CMakeFiles/minerSlave.dir/__/__/libraries/pico-sdk/src/rp2_common/pico_stdio/stdio.c.obj
                0x0000000020000a78                PROVIDE (__mutex_array_end = .)
                0x0000000020000a78                . = ALIGN (0x4)
                0x0000000020000a78                PROVIDE (__preinit_array_start = .)
 *(SORT_BY_NAME(.preinit_array.*))
 .preinit_array.00001
                0x0000000020000a78        0x4 CMakeFiles/minerSlave.dir/__/__/libraries/pico-sdk/src/rp2_common/pico_mem_ops/mem_ops_aeabi.S.obj
 .preinit_array.00010
                0x0000000020000a7c        0x4 CMakeFiles/minerSlave.dir/__/__/libraries/pico-sdk/src/rp2_common/pico_bit_ops/bit_ops_aeabi.S.obj
 .preinit_array.00020
                0x0000000020000a80        0x4 CMakeFiles/minerSlave.dir/__/__/libraries/pico-sdk/src/rp2_common/pico_double/double_aeabi.S.obj
 .preinit_array.00020
                0x0000000020000a84        0x4 CMakeFiles/minerSlave.dir/__/__/libraries/pico-sdk/src/rp2_common/pico_float/float_aeabi.S.obj
 *(.preinit_array)
                0x0000000020000a88                PROVIDE (__preinit_array_end = .)
                0x0000000020000a88                . = ALIGN (0x4)
                0x0000000020000a88                PROVIDE (__init_array_start = .)
 *(SORT_BY_NAME(.init_array.*))
 *(.init_array)
 .init_array    0x0000000020000a88        0x4 /Applications/ARM/bin/../lib/gcc/arm-none-eabi/10.3.1/thumb/v6-m/nofp/crtbegin.o
 .init_array    0x0000000020000a8c        0x4 CMakeFiles/minerSlave.dir/minerSlave.cpp.obj
 .init_array    0x0000000020000a90        0x4 CMakeFiles/minerSlave.dir/__/__/port/utils/src/Wire.cpp.obj
 .init_array    0x0000000020000a94        0x4 CMakeFiles/minerSlave.dir/__/__/libraries/pico-sdk/src/rp2_common/pico_unique_id/unique_id.c.obj
                0x0000000020000a98                PROVIDE (__init_array_end = .)
                0x0000000020000a98                . = ALIGN (0x4)
                [!provide]                        PROVIDE (__fini_array_start = .)
 *(SORT_BY_NAME(.fini_array.*))
 *(.fini_array)
                [!provide]                        PROVIDE (__fini_array_end = .)
 *(.jcr)
                0x0000000020000a98                . = ALIGN (0x4)
                0x0000000020000a98                __data_end__ = .

.igot.plt       0x0000000020000a98        0x0 load address 0x0000000010007c6c
 .igot.plt      0x0000000020000a98        0x0 /Applications/ARM/bin/../lib/gcc/arm-none-eabi/10.3.1/thumb/v6-m/nofp/crtbegin.o

.uninitialized_data
                0x0000000020000a98        0x0 load address 0x0000000010007c6c
                0x0000000020000a98                . = ALIGN (0x4)
 *(.uninitialized_data*)

.scratch_x      0x0000000020040000        0x0 load address 0x0000000010007c6c
                0x0000000020040000                __scratch_x_start__ = .
 *(.scratch_x.*)
                0x0000000020040000                . = ALIGN (0x4)
                0x0000000020040000                __scratch_x_end__ = .
                0x0000000010007c6c                __scratch_x_source__ = LOADADDR (.scratch_x)

.scratch_y      0x0000000020041000        0x0 load address 0x0000000010007c6c
                0x0000000020041000                __scratch_y_start__ = .
 *(.scratch_y.*)
                0x0000000020041000                . = ALIGN (0x4)
                0x0000000020041000                __scratch_y_end__ = .
                0x0000000010007c6c                __scratch_y_source__ = LOADADDR (.scratch_y)

.bss            0x0000000020000a98      0xdf8
                0x0000000020000a98                . = ALIGN (0x4)
                0x0000000020000a98                __bss_start__ = .
 *(SORT_BY_ALIGNMENT(SORT_BY_NAME(.bss*)))
 .bss.default_alarm_pool_entries
                0x0000000020000a98      0x100 CMakeFiles/minerSlave.dir/__/__/libraries/pico-sdk/src/common/pico_time/time.c.obj
 .bss.sd_table  0x0000000020000b98      0x100 CMakeFiles/minerSlave.dir/__/__/libraries/pico-sdk/src/rp2_common/pico_double/double_init_rom.c.obj
                0x0000000020000b98                sd_table
 .bss.sf_table  0x0000000020000c98      0x100 CMakeFiles/minerSlave.dir/__/__/libraries/pico-sdk/src/rp2_common/pico_float/float_init_rom.c.obj
                0x0000000020000c98                sf_table
 .bss           0x0000000020000d98       0x1c /Applications/ARM/bin/../lib/gcc/arm-none-eabi/10.3.1/thumb/v6-m/nofp/crtbegin.o
 .bss.TempBufferCore0
                0x0000000020000db4      0x100 CMakeFiles/minerSlave.dir/minerSlave.cpp.obj
                0x0000000020000db4                TempBufferCore0
 .bss.TempBufferCore1
                0x0000000020000eb4      0x100 CMakeFiles/minerSlave.dir/minerSlave.cpp.obj
                0x0000000020000eb4                TempBufferCore1
 .bss.Wire      0x0000000020000fb4      0x10c CMakeFiles/minerSlave.dir/__/__/port/utils/src/Wire.cpp.obj
                0x0000000020000fb4                Wire
 .bss.Wire1     0x00000000200010c0      0x10c CMakeFiles/minerSlave.dir/__/__/port/utils/src/Wire.cpp.obj
                0x00000000200010c0                Wire1
 .bss._ZL14core0_sha1_ctx
                0x00000000200011cc       0x5c CMakeFiles/minerSlave.dir/__/__/port/utils/src/duinoCoinUtils.cpp.obj
 .bss._ZL14core1_sha1_ctx
                0x0000000020001228       0x5c CMakeFiles/minerSlave.dir/__/__/port/utils/src/duinoCoinUtils.cpp.obj
 .bss._ZL19core0_sha1_ctx_base
                0x0000000020001284       0x5c CMakeFiles/minerSlave.dir/__/__/port/utils/src/duinoCoinUtils.cpp.obj
 .bss._ZL19core1_sha1_ctx_base
                0x00000000200012e0       0x5c CMakeFiles/minerSlave.dir/__/__/port/utils/src/duinoCoinUtils.cpp.obj
 .bss._ZZ18calculateHashCore0E11hash_result
                0x000000002000133c       0x14 CMakeFiles/minerSlave.dir/__/__/port/utils/src/duinoCoinUtils.cpp.obj
 .bss._ZZ18calculateHashCore0E18expected_hash_arry
                0x0000000020001350       0x14 CMakeFiles/minerSlave.dir/__/__/port/utils/src/duinoCoinUtils.cpp.obj
 .bss._ZZ18calculateHashCore0E23duco_numeric_result_str
                0x0000000020001364       0x10 CMakeFiles/minerSlave.dir/__/__/port/utils/src/duinoCoinUtils.cpp.obj
 .bss._ZZ18calculateHashCore1E11hash_result
                0x0000000020001374       0x14 CMakeFiles/minerSlave.dir/__/__/port/utils/src/duinoCoinUtils.cpp.obj
 .bss._ZZ18calculateHashCore1E18expected_hash_arry
                0x0000000020001388       0x14 CMakeFiles/minerSlave.dir/__/__/port/utils/src/duinoCoinUtils.cpp.obj
 .bss._ZZ18calculateHashCore1E23duco_numeric_result_str
                0x000000002000139c       0x10 CMakeFiles/minerSlave.dir/__/__/port/utils/src/duinoCoinUtils.cpp.obj
 .bss.alarm_callbacks
                0x00000000200013ac       0x10 CMakeFiles/minerSlave.dir/__/__/libraries/pico-sdk/src/rp2_common/hardware_timer/timer.c.obj
 .bss.boot2_copyout
                0x00000000200013bc      0x100 CMakeFiles/minerSlave.dir/__/__/libraries/pico-sdk/src/rp2_common/hardware_flash/flash.c.obj
 .bss.configured_freq
                0x00000000200014bc       0x28 CMakeFiles/minerSlave.dir/__/__/libraries/pico-sdk/src/rp2_common/hardware_clocks/clocks.c.obj
 .bss.default_alarm_pool_entry_ids_high
                0x00000000200014e4       0x10 CMakeFiles/minerSlave.dir/__/__/libraries/pico-sdk/src/common/pico_time/time.c.obj
 .bss.default_alarm_pool_heap_nodes
                0x00000000200014f4       0x30 CMakeFiles/minerSlave.dir/__/__/libraries/pico-sdk/src/common/pico_time/time.c.obj
 .bss.drivers   0x0000000020001524        0x4 CMakeFiles/minerSlave.dir/__/__/libraries/pico-sdk/src/rp2_common/pico_stdio/stdio.c.obj
 .bss.filter    0x0000000020001528        0x4 CMakeFiles/minerSlave.dir/__/__/libraries/pico-sdk/src/rp2_common/pico_stdio/stdio.c.obj
 .bss.i2c_slaves
                0x000000002000152c       0x18 CMakeFiles/minerSlave.dir/__/__/port/i2c_slave/i2c_slave.c.obj
 .bss.lazy_vsnprintf
                0x0000000020001544        0x4 CMakeFiles/minerSlave.dir/__/__/libraries/pico-sdk/src/rp2_common/pico_printf/printf.c.obj
 .bss.pools     0x0000000020001548       0x10 CMakeFiles/minerSlave.dir/__/__/libraries/pico-sdk/src/common/pico_time/time.c.obj
 .bss.receiveBuffer0
                0x0000000020001558      0x104 CMakeFiles/minerSlave.dir/minerSlave.cpp.obj
                0x0000000020001558                receiveBuffer0
 .bss.receiveBuffer1
                0x000000002000165c      0x104 CMakeFiles/minerSlave.dir/minerSlave.cpp.obj
                0x000000002000165c                receiveBuffer1
 .bss.requestBuffer
                0x0000000020001760      0x104 CMakeFiles/minerSlave.dir/minerSlave.cpp.obj
                0x0000000020001760                requestBuffer
 .bss.retrieved_id
                0x0000000020001864        0x8 CMakeFiles/minerSlave.dir/__/__/libraries/pico-sdk/src/rp2_common/pico_unique_id/unique_id.c.obj
 .bss.sf_clz_func
                0x000000002000186c        0x4 CMakeFiles/minerSlave.dir/__/__/libraries/pico-sdk/src/rp2_common/pico_double/double_init_rom.c.obj
                0x000000002000186c                sf_clz_func
 .bss.sleep_notifier
                0x0000000020001870        0x4 CMakeFiles/minerSlave.dir/__/__/libraries/pico-sdk/src/common/pico_time/time.c.obj
 .bss.target_hi
                0x0000000020001874       0x10 CMakeFiles/minerSlave.dir/__/__/libraries/pico-sdk/src/rp2_common/hardware_timer/timer.c.obj
 .bss.uart_char_to_line_feed
                0x0000000020001884        0x4 CMakeFiles/minerSlave.dir/__/__/libraries/pico-sdk/src/rp2_common/hardware_uart/uart.c.obj
                0x0000000020001884                uart_char_to_line_feed
 .bss.uart_instance
                0x0000000020001888        0x4 CMakeFiles/minerSlave.dir/__/__/libraries/pico-sdk/src/rp2_common/pico_stdio_uart/stdio_uart.c.obj
 .bss.boot2_copyout_valid
                0x000000002000188c        0x1 CMakeFiles/minerSlave.dir/__/__/libraries/pico-sdk/src/rp2_common/hardware_flash/flash.c.obj
 .bss.claimed   0x000000002000188d        0x1 CMakeFiles/minerSlave.dir/__/__/libraries/pico-sdk/src/rp2_common/hardware_timer/timer.c.obj
 .bss.irq_hander_chain_free_slot_head
                0x000000002000188e        0x1 CMakeFiles/minerSlave.dir/__/__/libraries/pico-sdk/src/rp2_common/hardware_irq/irq.c.obj
 .bss.timer_callbacks_pending
                0x000000002000188f        0x1 CMakeFiles/minerSlave.dir/__/__/libraries/pico-sdk/src/rp2_common/hardware_timer/timer.c.obj
 *(COMMON)
                0x0000000020001890                . = ALIGN (0x4)
                0x0000000020001890                __bss_end__ = .

.heap           0x0000000020001890      0x800
                0x0000000020001890                __end__ = .
                0x0000000020001890                end = __end__
 *(.heap*)
 .heap          0x0000000020001890      0x800 CMakeFiles/minerSlave.dir/__/__/libraries/pico-sdk/src/rp2_common/pico_standard_link/crt0.S.obj
                0x0000000020002090                __HeapLimit = .

.stack1_dummy   0x0000000020040000      0x800
 *(.stack1*)
 .stack1        0x0000000020040000      0x800 CMakeFiles/minerSlave.dir/__/__/libraries/pico-sdk/src/rp2_common/pico_multicore/multicore.c.obj

.stack_dummy    0x0000000020041000      0x800
 *(.stack*)
 .stack         0x0000000020041000      0x800 CMakeFiles/minerSlave.dir/__/__/libraries/pico-sdk/src/rp2_common/pico_standard_link/crt0.S.obj

.flash_end      0x0000000010007c6c        0x0
                0x0000000010007c6c                __flash_binary_end = .
                0x0000000020040000                __StackLimit = (ORIGIN (RAM) + LENGTH (RAM))
                0x0000000020041000                __StackOneTop = (ORIGIN (SCRATCH_X) + LENGTH (SCRATCH_X))
                0x0000000020042000                __StackTop = (ORIGIN (SCRATCH_Y) + LENGTH (SCRATCH_Y))
                0x0000000020040800                __StackOneBottom = (__StackOneTop - SIZEOF (.stack1_dummy))
                0x0000000020041800                __StackBottom = (__StackTop - SIZEOF (.stack_dummy))
                0x0000000020042000                PROVIDE (__stack = __StackTop)
                0x0000000000000001                ASSERT ((__StackLimit >= __HeapLimit), region RAM overflowed)
                0x0000000000000001                ASSERT (((__binary_info_header_end - __logical_binary_start) <= 0x100), Binary info must be in first 256 bytes of the binary)
LOAD CMakeFiles/minerSlave.dir/minerSlave.cpp.obj
LOAD CMakeFiles/minerSlave.dir/__/__/port/utils/src/charbuffer.cpp.obj
LOAD CMakeFiles/minerSlave.dir/__/__/port/utils/src/duinoCoinUtils.cpp.obj
LOAD CMakeFiles/minerSlave.dir/__/__/port/utils/src/hwSetupUtils.c.obj
LOAD CMakeFiles/minerSlave.dir/__/__/port/utils/src/Wire.cpp.obj
LOAD CMakeFiles/minerSlave.dir/__/__/port/i2c_slave/i2c_slave.c.obj
LOAD CMakeFiles/minerSlave.dir/__/__/libraries/pico-sdk/src/rp2_common/pico_unique_id/unique_id.c.obj
LOAD CMakeFiles/minerSlave.dir/__/__/libraries/pico-sdk/src/rp2_common/hardware_flash/flash.c.obj
LOAD CMakeFiles/minerSlave.dir/__/__/libraries/pico-sdk/src/rp2_common/hardware_claim/claim.c.obj
LOAD CMakeFiles/minerSlave.dir/__/__/libraries/pico-sdk/src/rp2_common/pico_platform/platform.c.obj
LOAD CMakeFiles/minerSlave.dir/__/__/libraries/pico-sdk/src/rp2_common/hardware_sync/sync.c.obj
LOAD CMakeFiles/minerSlave.dir/__/__/libraries/pico-sdk/src/rp2_common/pico_bootrom/bootrom.c.obj
LOAD CMakeFiles/minerSlave.dir/__/__/libraries/pico-sdk/src/rp2_common/hardware_i2c/i2c.c.obj
LOAD CMakeFiles/minerSlave.dir/__/__/libraries/pico-sdk/src/rp2_common/hardware_irq/irq.c.obj
LOAD CMakeFiles/minerSlave.dir/__/__/libraries/pico-sdk/src/rp2_common/hardware_irq/irq_handler_chain.S.obj
LOAD CMakeFiles/minerSlave.dir/__/__/libraries/pico-sdk/src/common/pico_sync/sem.c.obj
LOAD CMakeFiles/minerSlave.dir/__/__/libraries/pico-sdk/src/common/pico_sync/lock_core.c.obj
LOAD CMakeFiles/minerSlave.dir/__/__/libraries/pico-sdk/src/common/pico_time/time.c.obj
LOAD CMakeFiles/minerSlave.dir/__/__/libraries/pico-sdk/src/common/pico_time/timeout_helper.c.obj
LOAD CMakeFiles/minerSlave.dir/__/__/libraries/pico-sdk/src/rp2_common/hardware_timer/timer.c.obj
LOAD CMakeFiles/minerSlave.dir/__/__/libraries/pico-sdk/src/common/pico_util/datetime.c.obj
LOAD CMakeFiles/minerSlave.dir/__/__/libraries/pico-sdk/src/common/pico_util/pheap.c.obj
LOAD CMakeFiles/minerSlave.dir/__/__/libraries/pico-sdk/src/common/pico_util/queue.c.obj
LOAD CMakeFiles/minerSlave.dir/__/__/libraries/pico-sdk/src/common/pico_sync/mutex.c.obj
LOAD CMakeFiles/minerSlave.dir/__/__/libraries/pico-sdk/src/common/pico_sync/critical_section.c.obj
LOAD CMakeFiles/minerSlave.dir/__/__/libraries/pico-sdk/src/rp2_common/hardware_clocks/clocks.c.obj
LOAD CMakeFiles/minerSlave.dir/__/__/libraries/pico-sdk/src/rp2_common/hardware_gpio/gpio.c.obj
LOAD CMakeFiles/minerSlave.dir/__/__/libraries/pico-sdk/src/rp2_common/hardware_pll/pll.c.obj
LOAD CMakeFiles/minerSlave.dir/__/__/libraries/pico-sdk/src/rp2_common/hardware_vreg/vreg.c.obj
LOAD CMakeFiles/minerSlave.dir/__/__/libraries/pico-sdk/src/rp2_common/hardware_watchdog/watchdog.c.obj
LOAD CMakeFiles/minerSlave.dir/__/__/libraries/pico-sdk/src/rp2_common/hardware_xosc/xosc.c.obj
LOAD CMakeFiles/minerSlave.dir/__/__/port/timer/timer.c.obj
LOAD CMakeFiles/minerSlave.dir/__/__/port/ioLibrary_Driver/src/w5x00_spi.c.obj
LOAD CMakeFiles/minerSlave.dir/__/__/port/ioLibrary_Driver/src/w5x00_gpio_irq.c.obj
LOAD CMakeFiles/minerSlave.dir/__/__/port/aws-iot-device-sdk-embedded-C/src/dns_interface.c.obj
LOAD CMakeFiles/minerSlave.dir/__/__/port/aws-iot-device-sdk-embedded-C/src/http_transport_interface.c.obj
LOAD CMakeFiles/minerSlave.dir/__/__/port/aws-iot-device-sdk-embedded-C/src/mqtt_transport_interface.c.obj
LOAD CMakeFiles/minerSlave.dir/__/__/port/aws-iot-device-sdk-embedded-C/src/ssl_transport_interface.c.obj
LOAD CMakeFiles/minerSlave.dir/__/__/port/aws-iot-device-sdk-embedded-C/src/timer_interface.c.obj
LOAD CMakeFiles/minerSlave.dir/__/__/port/aws-iot-device-sdk-embedded-C/src/util.c.obj
LOAD CMakeFiles/minerSlave.dir/__/__/libraries/pico-sdk/src/rp2_common/pico_stdlib/stdlib.c.obj
LOAD CMakeFiles/minerSlave.dir/__/__/libraries/pico-sdk/src/rp2_common/hardware_uart/uart.c.obj
LOAD CMakeFiles/minerSlave.dir/__/__/libraries/pico-sdk/src/rp2_common/hardware_divider/divider.S.obj
LOAD CMakeFiles/minerSlave.dir/__/__/libraries/pico-sdk/src/rp2_common/pico_runtime/runtime.c.obj
LOAD CMakeFiles/minerSlave.dir/__/__/libraries/pico-sdk/src/rp2_common/pico_printf/printf.c.obj
LOAD CMakeFiles/minerSlave.dir/__/__/libraries/pico-sdk/src/rp2_common/pico_bit_ops/bit_ops_aeabi.S.obj
LOAD CMakeFiles/minerSlave.dir/__/__/libraries/pico-sdk/src/rp2_common/pico_divider/divider.S.obj
LOAD CMakeFiles/minerSlave.dir/__/__/libraries/pico-sdk/src/rp2_common/pico_double/double_aeabi.S.obj
LOAD CMakeFiles/minerSlave.dir/__/__/libraries/pico-sdk/src/rp2_common/pico_double/double_init_rom.c.obj
LOAD CMakeFiles/minerSlave.dir/__/__/libraries/pico-sdk/src/rp2_common/pico_double/double_math.c.obj
LOAD CMakeFiles/minerSlave.dir/__/__/libraries/pico-sdk/src/rp2_common/pico_double/double_v1_rom_shim.S.obj
LOAD CMakeFiles/minerSlave.dir/__/__/libraries/pico-sdk/src/rp2_common/pico_int64_ops/pico_int64_ops_aeabi.S.obj
LOAD CMakeFiles/minerSlave.dir/__/__/libraries/pico-sdk/src/rp2_common/pico_float/float_aeabi.S.obj
LOAD CMakeFiles/minerSlave.dir/__/__/libraries/pico-sdk/src/rp2_common/pico_float/float_init_rom.c.obj
LOAD CMakeFiles/minerSlave.dir/__/__/libraries/pico-sdk/src/rp2_common/pico_float/float_math.c.obj
LOAD CMakeFiles/minerSlave.dir/__/__/libraries/pico-sdk/src/rp2_common/pico_float/float_v1_rom_shim.S.obj
LOAD CMakeFiles/minerSlave.dir/__/__/libraries/pico-sdk/src/rp2_common/pico_malloc/pico_malloc.c.obj
LOAD CMakeFiles/minerSlave.dir/__/__/libraries/pico-sdk/src/rp2_common/pico_mem_ops/mem_ops_aeabi.S.obj
LOAD CMakeFiles/minerSlave.dir/__/__/libraries/pico-sdk/src/rp2_common/pico_standard_link/crt0.S.obj
LOAD CMakeFiles/minerSlave.dir/__/__/libraries/pico-sdk/src/rp2_common/pico_standard_link/new_delete.cpp.obj
LOAD CMakeFiles/minerSlave.dir/__/__/libraries/pico-sdk/src/rp2_common/pico_standard_link/binary_info.c.obj
LOAD CMakeFiles/minerSlave.dir/__/__/libraries/pico-sdk/src/rp2_common/pico_stdio/stdio.c.obj
LOAD CMakeFiles/minerSlave.dir/__/__/libraries/pico-sdk/src/rp2_common/pico_stdio_uart/stdio_uart.c.obj
LOAD CMakeFiles/minerSlave.dir/__/__/libraries/ioLibrary_Driver/Ethernet/socket.c.obj
LOAD CMakeFiles/minerSlave.dir/__/__/libraries/ioLibrary_Driver/Ethernet/wizchip_conf.c.obj
LOAD CMakeFiles/minerSlave.dir/__/__/libraries/ioLibrary_Driver/Ethernet/W5100S/w5100s.c.obj
LOAD CMakeFiles/minerSlave.dir/__/__/libraries/ioLibrary_Driver/Internet/DHCP/dhcp.c.obj
LOAD CMakeFiles/minerSlave.dir/__/__/libraries/ioLibrary_Driver/Internet/DNS/dns.c.obj
LOAD CMakeFiles/minerSlave.dir/__/__/libraries/aws-iot-device-sdk-embedded-C/libraries/standard/coreHTTP/source/core_http_client.c.obj
LOAD CMakeFiles/minerSlave.dir/__/__/libraries/aws-iot-device-sdk-embedded-C/libraries/standard/coreHTTP/source/dependency/3rdparty/http_parser/http_parser.c.obj
LOAD CMakeFiles/minerSlave.dir/__/__/libraries/aws-iot-device-sdk-embedded-C/libraries/standard/coreMQTT/source/core_mqtt.c.obj
LOAD CMakeFiles/minerSlave.dir/__/__/libraries/aws-iot-device-sdk-embedded-C/libraries/standard/coreMQTT/source/core_mqtt_state.c.obj
LOAD CMakeFiles/minerSlave.dir/__/__/libraries/aws-iot-device-sdk-embedded-C/libraries/standard/coreJSON/source/core_json.c.obj
LOAD CMakeFiles/minerSlave.dir/__/__/libraries/aws-iot-device-sdk-embedded-C/libraries/standard/coreMQTT/source/core_mqtt_serializer.c.obj
LOAD CMakeFiles/minerSlave.dir/__/__/port/lwip/src/w5x00_lwip.c.obj
LOAD CMakeFiles/minerSlave.dir/__/__/port/lwip/src/tcp_client.c.obj
LOAD CMakeFiles/minerSlave.dir/__/__/libraries/pico-sdk/src/rp2_common/hardware_dma/dma.c.obj
LOAD CMakeFiles/minerSlave.dir/__/__/libraries/pico-sdk/src/rp2_common/hardware_spi/spi.c.obj
LOAD CMakeFiles/minerSlave.dir/__/__/libraries/pico-extras/lib/lwip/src/core/altcp.c.obj
LOAD CMakeFiles/minerSlave.dir/__/__/libraries/pico-extras/lib/lwip/src/core/altcp_alloc.c.obj
LOAD CMakeFiles/minerSlave.dir/__/__/libraries/pico-extras/lib/lwip/src/core/altcp_tcp.c.obj
LOAD CMakeFiles/minerSlave.dir/__/__/libraries/pico-extras/lib/lwip/src/core/def.c.obj
LOAD CMakeFiles/minerSlave.dir/__/__/libraries/pico-extras/lib/lwip/src/core/dns.c.obj
LOAD CMakeFiles/minerSlave.dir/__/__/libraries/pico-extras/lib/lwip/src/core/inet_chksum.c.obj
LOAD CMakeFiles/minerSlave.dir/__/__/libraries/pico-extras/lib/lwip/src/core/init.c.obj
LOAD CMakeFiles/minerSlave.dir/__/__/libraries/pico-extras/lib/lwip/src/core/ip.c.obj
LOAD CMakeFiles/minerSlave.dir/__/__/libraries/pico-extras/lib/lwip/src/core/mem.c.obj
LOAD CMakeFiles/minerSlave.dir/__/__/libraries/pico-extras/lib/lwip/src/core/memp.c.obj
LOAD CMakeFiles/minerSlave.dir/__/__/libraries/pico-extras/lib/lwip/src/core/netif.c.obj
LOAD CMakeFiles/minerSlave.dir/__/__/libraries/pico-extras/lib/lwip/src/core/pbuf.c.obj
LOAD CMakeFiles/minerSlave.dir/__/__/libraries/pico-extras/lib/lwip/src/core/raw.c.obj
LOAD CMakeFiles/minerSlave.dir/__/__/libraries/pico-extras/lib/lwip/src/core/stats.c.obj
LOAD CMakeFiles/minerSlave.dir/__/__/libraries/pico-extras/lib/lwip/src/core/sys.c.obj
LOAD CMakeFiles/minerSlave.dir/__/__/libraries/pico-extras/lib/lwip/src/core/tcp.c.obj
LOAD CMakeFiles/minerSlave.dir/__/__/libraries/pico-extras/lib/lwip/src/core/tcp_in.c.obj
LOAD CMakeFiles/minerSlave.dir/__/__/libraries/pico-extras/lib/lwip/src/core/tcp_out.c.obj
LOAD CMakeFiles/minerSlave.dir/__/__/libraries/pico-extras/lib/lwip/src/core/timeouts.c.obj
LOAD CMakeFiles/minerSlave.dir/__/__/libraries/pico-extras/lib/lwip/src/core/udp.c.obj
LOAD CMakeFiles/minerSlave.dir/__/__/libraries/pico-extras/lib/lwip/src/core/ipv4/autoip.c.obj
LOAD CMakeFiles/minerSlave.dir/__/__/libraries/pico-extras/lib/lwip/src/core/ipv4/dhcp.c.obj
LOAD CMakeFiles/minerSlave.dir/__/__/libraries/pico-extras/lib/lwip/src/core/ipv4/etharp.c.obj
LOAD CMakeFiles/minerSlave.dir/__/__/libraries/pico-extras/lib/lwip/src/core/ipv4/icmp.c.obj
LOAD CMakeFiles/minerSlave.dir/__/__/libraries/pico-extras/lib/lwip/src/core/ipv4/igmp.c.obj
LOAD CMakeFiles/minerSlave.dir/__/__/libraries/pico-extras/lib/lwip/src/core/ipv4/ip4.c.obj
LOAD CMakeFiles/minerSlave.dir/__/__/libraries/pico-extras/lib/lwip/src/core/ipv4/ip4_addr.c.obj
LOAD CMakeFiles/minerSlave.dir/__/__/libraries/pico-extras/lib/lwip/src/core/ipv4/ip4_frag.c.obj
LOAD CMakeFiles/minerSlave.dir/__/__/libraries/pico-extras/lib/lwip/src/netif/ethernet.c.obj
LOAD CMakeFiles/minerSlave.dir/__/__/libraries/pico-extras/lib/lwip/src/netif/slipif.c.obj
LOAD CMakeFiles/minerSlave.dir/__/__/libraries/pico-extras/lib/lwip/src/apps/http/httpd.c.obj
LOAD CMakeFiles/minerSlave.dir/__/__/libraries/pico-extras/lib/lwip/src/apps/http/fs.c.obj
LOAD CMakeFiles/minerSlave.dir/__/__/libraries/pico-extras/src/rp2_common/lwip/lwip_arch.c.obj
LOAD CMakeFiles/minerSlave.dir/__/__/libraries/pico-sdk/src/rp2_common/pico_multicore/multicore.c.obj
LOAD ../../port/libUTILS_FILE.a
LOAD ../../port/libTIMER_FILES.a
LOAD ../../libraries/mbedtls/library/libmbedcrypto.a
LOAD ../../libraries/mbedtls/library/libmbedx509.a
LOAD ../../libraries/mbedtls/library/libmbedtls.a
LOAD ../../port/libI2C_SLAVE.a
LOAD ../../port/libIOLIBRARY_FILES.a
LOAD ../../port/libUTILS_FILE.a
LOAD ../../port/libI2C_SLAVE.a
LOAD ../../port/libIOLIBRARY_FILES.a
LOAD ../../port/libLWIP_FILES.a
LOAD ../../port/libTIMER_FILES.a
LOAD ../../port/libAWS_SDK_PORT_FILES.a
LOAD ../../libraries/mbedtls/library/libmbedtls.a
LOAD ../../libraries/mbedtls/library/libmbedx509.a
LOAD ../../libraries/mbedtls/library/libmbedcrypto.a
LOAD ../../libraries/libDHCP_FILES.a
LOAD ../../libraries/libDNS_FILES.a
LOAD ../../libraries/libAWS_SDK_FILES.a
LOAD ../../libraries/libETHERNET_FILES.a
LOAD ../../libraries/libW5100S_FILES.a
LOAD ../../libraries/libETHERNET_FILES.a
LOAD ../../libraries/libW5100S_FILES.a
LOAD /var/folders/7z/r4r2qbgd4bb_p1x_wcg8qx4c0000gn/T//ccRx97b1.o
LOAD /Applications/ARM/bin/../lib/gcc/arm-none-eabi/10.3.1/../../../../arm-none-eabi/lib/thumb/v6-m/nofp/libstdc++.a
LOAD /Applications/ARM/bin/../lib/gcc/arm-none-eabi/10.3.1/../../../../arm-none-eabi/lib/thumb/v6-m/nofp/libm.a
START GROUP
LOAD /Applications/ARM/bin/../lib/gcc/arm-none-eabi/10.3.1/thumb/v6-m/nofp/libgcc.a
LOAD /Applications/ARM/bin/../lib/gcc/arm-none-eabi/10.3.1/../../../../arm-none-eabi/lib/thumb/v6-m/nofp/libc.a
END GROUP
START GROUP
LOAD /Applications/ARM/bin/../lib/gcc/arm-none-eabi/10.3.1/thumb/v6-m/nofp/libgcc.a
LOAD /Applications/ARM/bin/../lib/gcc/arm-none-eabi/10.3.1/../../../../arm-none-eabi/lib/thumb/v6-m/nofp/libc.a
LOAD /Applications/ARM/bin/../lib/gcc/arm-none-eabi/10.3.1/../../../../arm-none-eabi/lib/thumb/v6-m/nofp/libnosys.a
END GROUP
LOAD /Applications/ARM/bin/../lib/gcc/arm-none-eabi/10.3.1/thumb/v6-m/nofp/crtend.o
LOAD /Applications/ARM/bin/../lib/gcc/arm-none-eabi/10.3.1/thumb/v6-m/nofp/crtn.o
OUTPUT(minerSlave.elf elf32-littlearm)
LOAD linker stubs

.ARM.attributes
                0x0000000000000000       0x28
 .ARM.attributes
                0x0000000000000000       0x1e /Applications/ARM/bin/../lib/gcc/arm-none-eabi/10.3.1/thumb/v6-m/nofp/crti.o
 .ARM.attributes
                0x000000000000001e       0x2c /Applications/ARM/bin/../lib/gcc/arm-none-eabi/10.3.1/thumb/v6-m/nofp/crtbegin.o
 .ARM.attributes
                0x000000000000004a       0x2c CMakeFiles/minerSlave.dir/minerSlave.cpp.obj
 .ARM.attributes
                0x0000000000000076       0x2c CMakeFiles/minerSlave.dir/__/__/port/utils/src/charbuffer.cpp.obj
 .ARM.attributes
                0x00000000000000a2       0x2c CMakeFiles/minerSlave.dir/__/__/port/utils/src/duinoCoinUtils.cpp.obj
 .ARM.attributes
                0x00000000000000ce       0x2c CMakeFiles/minerSlave.dir/__/__/port/utils/src/hwSetupUtils.c.obj
 .ARM.attributes
                0x00000000000000fa       0x2c CMakeFiles/minerSlave.dir/__/__/port/utils/src/Wire.cpp.obj
 .ARM.attributes
                0x0000000000000126       0x2c CMakeFiles/minerSlave.dir/__/__/port/i2c_slave/i2c_slave.c.obj
 .ARM.attributes
                0x0000000000000152       0x2c CMakeFiles/minerSlave.dir/__/__/libraries/pico-sdk/src/rp2_common/pico_unique_id/unique_id.c.obj
 .ARM.attributes
                0x000000000000017e       0x2c CMakeFiles/minerSlave.dir/__/__/libraries/pico-sdk/src/rp2_common/hardware_flash/flash.c.obj
 .ARM.attributes
                0x00000000000001aa       0x2c CMakeFiles/minerSlave.dir/__/__/libraries/pico-sdk/src/rp2_common/hardware_claim/claim.c.obj
 .ARM.attributes
                0x00000000000001d6       0x2c CMakeFiles/minerSlave.dir/__/__/libraries/pico-sdk/src/rp2_common/pico_platform/platform.c.obj
 .ARM.attributes
                0x0000000000000202       0x2c CMakeFiles/minerSlave.dir/__/__/libraries/pico-sdk/src/rp2_common/hardware_sync/sync.c.obj
 .ARM.attributes
                0x000000000000022e       0x2c CMakeFiles/minerSlave.dir/__/__/libraries/pico-sdk/src/rp2_common/pico_bootrom/bootrom.c.obj
 .ARM.attributes
                0x000000000000025a       0x2c CMakeFiles/minerSlave.dir/__/__/libraries/pico-sdk/src/rp2_common/hardware_i2c/i2c.c.obj
 .ARM.attributes
                0x0000000000000286       0x2c CMakeFiles/minerSlave.dir/__/__/libraries/pico-sdk/src/rp2_common/hardware_irq/irq.c.obj
 .ARM.attributes
                0x00000000000002b2       0x22 CMakeFiles/minerSlave.dir/__/__/libraries/pico-sdk/src/rp2_common/hardware_irq/irq_handler_chain.S.obj
 .ARM.attributes
                0x00000000000002d4       0x2c CMakeFiles/minerSlave.dir/__/__/libraries/pico-sdk/src/common/pico_sync/lock_core.c.obj
 .ARM.attributes
                0x0000000000000300       0x2c CMakeFiles/minerSlave.dir/__/__/libraries/pico-sdk/src/common/pico_time/time.c.obj
 .ARM.attributes
                0x000000000000032c       0x2c CMakeFiles/minerSlave.dir/__/__/libraries/pico-sdk/src/rp2_common/hardware_timer/timer.c.obj
 .ARM.attributes
                0x0000000000000358       0x2c CMakeFiles/minerSlave.dir/__/__/libraries/pico-sdk/src/common/pico_util/pheap.c.obj
 .ARM.attributes
                0x0000000000000384       0x2c CMakeFiles/minerSlave.dir/__/__/libraries/pico-sdk/src/common/pico_sync/mutex.c.obj
 .ARM.attributes
                0x00000000000003b0       0x2c CMakeFiles/minerSlave.dir/__/__/libraries/pico-sdk/src/rp2_common/hardware_clocks/clocks.c.obj
 .ARM.attributes
                0x00000000000003dc       0x2c CMakeFiles/minerSlave.dir/__/__/libraries/pico-sdk/src/rp2_common/hardware_gpio/gpio.c.obj
 .ARM.attributes
                0x0000000000000408       0x2c CMakeFiles/minerSlave.dir/__/__/libraries/pico-sdk/src/rp2_common/hardware_pll/pll.c.obj
 .ARM.attributes
                0x0000000000000434       0x2c CMakeFiles/minerSlave.dir/__/__/libraries/pico-sdk/src/rp2_common/hardware_watchdog/watchdog.c.obj
 .ARM.attributes
                0x0000000000000460       0x2c CMakeFiles/minerSlave.dir/__/__/libraries/pico-sdk/src/rp2_common/hardware_xosc/xosc.c.obj
 .ARM.attributes
                0x000000000000048c       0x2c CMakeFiles/minerSlave.dir/__/__/port/ioLibrary_Driver/src/w5x00_spi.c.obj
 .ARM.attributes
                0x00000000000004b8       0x2c CMakeFiles/minerSlave.dir/__/__/libraries/pico-sdk/src/rp2_common/hardware_uart/uart.c.obj
 .ARM.attributes
                0x00000000000004e4       0x2c CMakeFiles/minerSlave.dir/__/__/libraries/pico-sdk/src/rp2_common/pico_runtime/runtime.c.obj
 .ARM.attributes
                0x0000000000000510       0x2c CMakeFiles/minerSlave.dir/__/__/libraries/pico-sdk/src/rp2_common/pico_printf/printf.c.obj
 .ARM.attributes
                0x000000000000053c       0x22 CMakeFiles/minerSlave.dir/__/__/libraries/pico-sdk/src/rp2_common/pico_bit_ops/bit_ops_aeabi.S.obj
 .ARM.attributes
                0x000000000000055e       0x22 CMakeFiles/minerSlave.dir/__/__/libraries/pico-sdk/src/rp2_common/pico_divider/divider.S.obj
 .ARM.attributes
                0x0000000000000580       0x22 CMakeFiles/minerSlave.dir/__/__/libraries/pico-sdk/src/rp2_common/pico_double/double_aeabi.S.obj
 .ARM.attributes
                0x00000000000005a2       0x2c CMakeFiles/minerSlave.dir/__/__/libraries/pico-sdk/src/rp2_common/pico_double/double_init_rom.c.obj
 .ARM.attributes
                0x00000000000005ce       0x22 CMakeFiles/minerSlave.dir/__/__/libraries/pico-sdk/src/rp2_common/pico_double/double_v1_rom_shim.S.obj
 .ARM.attributes
                0x00000000000005f0       0x22 CMakeFiles/minerSlave.dir/__/__/libraries/pico-sdk/src/rp2_common/pico_int64_ops/pico_int64_ops_aeabi.S.obj
 .ARM.attributes
                0x0000000000000612       0x22 CMakeFiles/minerSlave.dir/__/__/libraries/pico-sdk/src/rp2_common/pico_float/float_aeabi.S.obj
 .ARM.attributes
                0x0000000000000634       0x2c CMakeFiles/minerSlave.dir/__/__/libraries/pico-sdk/src/rp2_common/pico_float/float_init_rom.c.obj
 .ARM.attributes
                0x0000000000000660       0x22 CMakeFiles/minerSlave.dir/__/__/libraries/pico-sdk/src/rp2_common/pico_float/float_v1_rom_shim.S.obj
 .ARM.attributes
                0x0000000000000682       0x2c CMakeFiles/minerSlave.dir/__/__/libraries/pico-sdk/src/rp2_common/pico_malloc/pico_malloc.c.obj
 .ARM.attributes
                0x00000000000006ae       0x22 CMakeFiles/minerSlave.dir/__/__/libraries/pico-sdk/src/rp2_common/pico_mem_ops/mem_ops_aeabi.S.obj
 .ARM.attributes
                0x00000000000006d0       0x22 CMakeFiles/minerSlave.dir/__/__/libraries/pico-sdk/src/rp2_common/pico_standard_link/crt0.S.obj
 .ARM.attributes
                0x00000000000006f2       0x2c CMakeFiles/minerSlave.dir/__/__/libraries/pico-sdk/src/rp2_common/pico_standard_link/binary_info.c.obj
 .ARM.attributes
                0x000000000000071e       0x2c CMakeFiles/minerSlave.dir/__/__/libraries/pico-sdk/src/rp2_common/pico_stdio/stdio.c.obj
 .ARM.attributes
                0x000000000000074a       0x2c CMakeFiles/minerSlave.dir/__/__/libraries/pico-sdk/src/rp2_common/pico_stdio_uart/stdio_uart.c.obj
 .ARM.attributes
                0x0000000000000776       0x2c CMakeFiles/minerSlave.dir/__/__/libraries/pico-sdk/src/rp2_common/pico_multicore/multicore.c.obj
 .ARM.attributes
                0x00000000000007a2       0x2c ../../libraries/mbedtls/library/libmbedcrypto.a(platform_util.c.obj)
 .ARM.attributes
                0x00000000000007ce       0x2c ../../libraries/mbedtls/library/libmbedcrypto.a(sha1.c.obj)
 .ARM.attributes
                0x00000000000007fa       0x22 /var/folders/7z/r4r2qbgd4bb_p1x_wcg8qx4c0000gn/T//ccRx97b1.o
 .ARM.attributes
                0x000000000000081c       0x1e /Applications/ARM/bin/../lib/gcc/arm-none-eabi/10.3.1/thumb/v6-m/nofp/libgcc.a(_dvmd_tls.o)
 .ARM.attributes
                0x000000000000083a       0x2c /Applications/ARM/bin/../lib/gcc/arm-none-eabi/10.3.1/../../../../arm-none-eabi/lib/thumb/v6-m/nofp/libc.a(lib_a-atoi.o)
 .ARM.attributes
                0x0000000000000866       0x2c /Applications/ARM/bin/../lib/gcc/arm-none-eabi/10.3.1/../../../../arm-none-eabi/lib/thumb/v6-m/nofp/libc.a(lib_a-ctype_.o)
 .ARM.attributes
                0x0000000000000892       0x2c /Applications/ARM/bin/../lib/gcc/arm-none-eabi/10.3.1/../../../../arm-none-eabi/lib/thumb/v6-m/nofp/libc.a(lib_a-errno.o)
 .ARM.attributes
                0x00000000000008be       0x2c /Applications/ARM/bin/../lib/gcc/arm-none-eabi/10.3.1/../../../../arm-none-eabi/lib/thumb/v6-m/nofp/libc.a(lib_a-impure.o)
 .ARM.attributes
                0x00000000000008ea       0x2c /Applications/ARM/bin/../lib/gcc/arm-none-eabi/10.3.1/../../../../arm-none-eabi/lib/thumb/v6-m/nofp/libc.a(lib_a-memcmp.o)
 .ARM.attributes
                0x0000000000000916       0x2c /Applications/ARM/bin/../lib/gcc/arm-none-eabi/10.3.1/../../../../arm-none-eabi/lib/thumb/v6-m/nofp/libc.a(lib_a-memmove.o)
 .ARM.attributes
                0x0000000000000942       0x2c /Applications/ARM/bin/../lib/gcc/arm-none-eabi/10.3.1/../../../../arm-none-eabi/lib/thumb/v6-m/nofp/libc.a(lib_a-strchr.o)
 .ARM.attributes
                0x000000000000096e       0x2c /Applications/ARM/bin/../lib/gcc/arm-none-eabi/10.3.1/../../../../arm-none-eabi/lib/thumb/v6-m/nofp/libc.a(lib_a-strlen-stub.o)
 .ARM.attributes
                0x000000000000099a       0x2c /Applications/ARM/bin/../lib/gcc/arm-none-eabi/10.3.1/../../../../arm-none-eabi/lib/thumb/v6-m/nofp/libc.a(lib_a-strtol.o)
 .ARM.attributes
                0x00000000000009c6       0x2c /Applications/ARM/bin/../lib/gcc/arm-none-eabi/10.3.1/../../../../arm-none-eabi/lib/thumb/v6-m/nofp/libc.a(lib_a-toupper.o)

.comment        0x0000000000000000       0x49
 .comment       0x0000000000000000       0x49 CMakeFiles/minerSlave.dir/minerSlave.cpp.obj
                                         0x4a (size before relaxing)
 .comment       0x0000000000000049       0x4a CMakeFiles/minerSlave.dir/__/__/port/utils/src/charbuffer.cpp.obj
 .comment       0x0000000000000049       0x4a CMakeFiles/minerSlave.dir/__/__/port/utils/src/duinoCoinUtils.cpp.obj
 .comment       0x0000000000000049       0x4a CMakeFiles/minerSlave.dir/__/__/port/utils/src/hwSetupUtils.c.obj
 .comment       0x0000000000000049       0x4a CMakeFiles/minerSlave.dir/__/__/port/utils/src/Wire.cpp.obj
 .comment       0x0000000000000049       0x4a CMakeFiles/minerSlave.dir/__/__/port/i2c_slave/i2c_slave.c.obj
 .comment       0x0000000000000049       0x4a CMakeFiles/minerSlave.dir/__/__/libraries/pico-sdk/src/rp2_common/pico_unique_id/unique_id.c.obj
 .comment       0x0000000000000049       0x4a CMakeFiles/minerSlave.dir/__/__/libraries/pico-sdk/src/rp2_common/hardware_flash/flash.c.obj
 .comment       0x0000000000000049       0x4a CMakeFiles/minerSlave.dir/__/__/libraries/pico-sdk/src/rp2_common/hardware_claim/claim.c.obj
 .comment       0x0000000000000049       0x4a CMakeFiles/minerSlave.dir/__/__/libraries/pico-sdk/src/rp2_common/pico_platform/platform.c.obj
 .comment       0x0000000000000049       0x4a CMakeFiles/minerSlave.dir/__/__/libraries/pico-sdk/src/rp2_common/hardware_sync/sync.c.obj
 .comment       0x0000000000000049       0x4a CMakeFiles/minerSlave.dir/__/__/libraries/pico-sdk/src/rp2_common/pico_bootrom/bootrom.c.obj
 .comment       0x0000000000000049       0x4a CMakeFiles/minerSlave.dir/__/__/libraries/pico-sdk/src/rp2_common/hardware_i2c/i2c.c.obj
 .comment       0x0000000000000049       0x4a CMakeFiles/minerSlave.dir/__/__/libraries/pico-sdk/src/rp2_common/hardware_irq/irq.c.obj
 .comment       0x0000000000000049       0x4a CMakeFiles/minerSlave.dir/__/__/libraries/pico-sdk/src/common/pico_sync/lock_core.c.obj
 .comment       0x0000000000000049       0x4a CMakeFiles/minerSlave.dir/__/__/libraries/pico-sdk/src/common/pico_time/time.c.obj
 .comment       0x0000000000000049       0x4a CMakeFiles/minerSlave.dir/__/__/libraries/pico-sdk/src/rp2_common/hardware_timer/timer.c.obj
 .comment       0x0000000000000049       0x4a CMakeFiles/minerSlave.dir/__/__/libraries/pico-sdk/src/common/pico_util/pheap.c.obj
 .comment       0x0000000000000049       0x4a CMakeFiles/minerSlave.dir/__/__/libraries/pico-sdk/src/common/pico_sync/mutex.c.obj
 .comment       0x0000000000000049       0x4a CMakeFiles/minerSlave.dir/__/__/libraries/pico-sdk/src/rp2_common/hardware_clocks/clocks.c.obj
 .comment       0x0000000000000049       0x4a CMakeFiles/minerSlave.dir/__/__/libraries/pico-sdk/src/rp2_common/hardware_gpio/gpio.c.obj
 .comment       0x0000000000000049       0x4a CMakeFiles/minerSlave.dir/__/__/libraries/pico-sdk/src/rp2_common/hardware_pll/pll.c.obj
 .comment       0x0000000000000049       0x4a CMakeFiles/minerSlave.dir/__/__/libraries/pico-sdk/src/rp2_common/hardware_watchdog/watchdog.c.obj