Archive member included to satisfy reference by file (symbol)

../../libraries/mbedtls/library/libmbedcrypto.a(ctr_drbg.c.obj)
                              CMakeFiles/minerMaster.dir/__/__/port/aws-iot-device-sdk-embedded-C/src/ssl_transport_interface.c.obj (mbedtls_ctr_drbg_init)
../../libraries/mbedtls/library/libmbedcrypto.a(pk.c.obj)
                              CMakeFiles/minerMaster.dir/__/__/port/aws-iot-device-sdk-embedded-C/src/ssl_transport_interface.c.obj (mbedtls_pk_init)
../../libraries/mbedtls/library/libmbedcrypto.a(pk_wrap.c.obj)
                              ../../libraries/mbedtls/library/libmbedcrypto.a(pk.c.obj) (mbedtls_rsa_alt_info)
../../libraries/mbedtls/library/libmbedcrypto.a(pkparse.c.obj)
                              CMakeFiles/minerMaster.dir/__/__/port/aws-iot-device-sdk-embedded-C/src/ssl_transport_interface.c.obj (mbedtls_pk_parse_key)
../../libraries/mbedtls/library/libmbedcrypto.a(platform_util.c.obj)
                              ../../libraries/mbedtls/library/libmbedcrypto.a(ctr_drbg.c.obj) (mbedtls_platform_zeroize)
../../libraries/mbedtls/library/libmbedcrypto.a(rsa.c.obj)
                              ../../libraries/mbedtls/library/libmbedcrypto.a(pkparse.c.obj) (mbedtls_rsa_import)
../../libraries/mbedtls/library/libmbedcrypto.a(rsa_internal.c.obj)
                              ../../libraries/mbedtls/library/libmbedcrypto.a(rsa.c.obj) (mbedtls_rsa_deduce_primes)
../../libraries/mbedtls/library/libmbedcrypto.a(sha1.c.obj)
                              CMakeFiles/minerMaster.dir/__/__/port/utils/src/duinoCoinUtils.cpp.obj (mbedtls_sha1_init)
../../libraries/mbedtls/library/libmbedcrypto.a(aes.c.obj)
                              ../../libraries/mbedtls/library/libmbedcrypto.a(ctr_drbg.c.obj) (mbedtls_aes_init)
../../libraries/mbedtls/library/libmbedcrypto.a(asn1parse.c.obj)
                              ../../libraries/mbedtls/library/libmbedcrypto.a(pkparse.c.obj) (mbedtls_asn1_get_tag)
../../libraries/mbedtls/library/libmbedcrypto.a(bignum.c.obj)
                              ../../libraries/mbedtls/library/libmbedcrypto.a(pkparse.c.obj) (mbedtls_mpi_init)
../../libraries/mbedtls/library/libmbedcrypto.a(md.c.obj)
                              ../../libraries/mbedtls/library/libmbedcrypto.a(pk.c.obj) (mbedtls_md_info_from_type)
../../libraries/mbedtls/library/libmbedcrypto.a(md5.c.obj)
                              ../../libraries/mbedtls/library/libmbedcrypto.a(md.c.obj) (mbedtls_md5_init)
../../libraries/mbedtls/library/libmbedcrypto.a(oid.c.obj)
                              ../../libraries/mbedtls/library/libmbedcrypto.a(pkparse.c.obj) (mbedtls_oid_get_pk_alg)
../../libraries/mbedtls/library/libmbedcrypto.a(pem.c.obj)
                              ../../libraries/mbedtls/library/libmbedcrypto.a(pkparse.c.obj) (mbedtls_pem_init)
../../libraries/mbedtls/library/libmbedcrypto.a(sha256.c.obj)
                              ../../libraries/mbedtls/library/libmbedcrypto.a(md.c.obj) (mbedtls_sha256_init)
../../libraries/mbedtls/library/libmbedcrypto.a(base64.c.obj)
                              ../../libraries/mbedtls/library/libmbedcrypto.a(pem.c.obj) (mbedtls_base64_decode)
../../libraries/mbedtls/library/libmbedx509.a(x509_crt.c.obj)
                              CMakeFiles/minerMaster.dir/__/__/port/aws-iot-device-sdk-embedded-C/src/ssl_transport_interface.c.obj (mbedtls_x509_crt_parse)
../../libraries/mbedtls/library/libmbedx509.a(x509.c.obj)
                              ../../libraries/mbedtls/library/libmbedx509.a(x509_crt.c.obj) (mbedtls_x509_get_serial)
../../libraries/mbedtls/library/libmbedtls.a(ssl_msg.c.obj)
                              CMakeFiles/minerMaster.dir/__/__/port/aws-iot-device-sdk-embedded-C/src/ssl_transport_interface.c.obj (mbedtls_ssl_read)
../../libraries/mbedtls/library/libmbedtls.a(ssl_tls.c.obj)
                              CMakeFiles/minerMaster.dir/__/__/port/aws-iot-device-sdk-embedded-C/src/ssl_transport_interface.c.obj (mbedtls_ssl_init)
../../libraries/mbedtls/library/libmbedtls.a(ssl_ciphersuites.c.obj)
                              ../../libraries/mbedtls/library/libmbedtls.a(ssl_tls.c.obj) (mbedtls_ssl_list_ciphersuites)
../../libraries/mbedtls/library/libmbedtls.a(ssl_cli.c.obj)
                              ../../libraries/mbedtls/library/libmbedtls.a(ssl_tls.c.obj) (mbedtls_ssl_handshake_client_step)
../../libraries/mbedtls/library/libmbedcrypto.a(cipher.c.obj)
                              ../../libraries/mbedtls/library/libmbedtls.a(ssl_tls.c.obj) (mbedtls_cipher_info_from_type)
../../libraries/mbedtls/library/libmbedcrypto.a(cipher_wrap.c.obj)
                              ../../libraries/mbedtls/library/libmbedcrypto.a(cipher.c.obj) (mbedtls_cipher_supported)
../../libraries/mbedtls/library/libmbedcrypto.a(dhm.c.obj)
                              ../../libraries/mbedtls/library/libmbedtls.a(ssl_tls.c.obj) (mbedtls_dhm_init)
../../libraries/mbedtls/library/libmbedcrypto.a(gcm.c.obj)
[...]
Memory Configuration

Name             Origin             Length             Attributes
FLASH            0x0000000010000000 0x0000000000200000 xr
RAM              0x0000000020000000 0x0000000000040000 xrw
SCRATCH_X        0x0000000020040000 0x0000000000001000 xrw
SCRATCH_Y        0x0000000020041000 0x0000000000001000 xrw
*default*        0x0000000000000000 0xffffffffffffffff

Linker script and memory map

LOAD /Applications/ARM/bin/../lib/gcc/arm-none-eabi/10.3.1/thumb/v6-m/nofp/crti.o
LOAD /Applications/ARM/bin/../lib/gcc/arm-none-eabi/10.3.1/thumb/v6-m/nofp/crtbegin.o
LOAD /Applications/ARM/bin/../lib/gcc/arm-none-eabi/10.3.1/../../../../arm-none-eabi/lib/thumb/v6-m/nofp/crt0.o

.flash_begin    0x0000000010000000        0x0
                0x0000000010000000                __flash_binary_start = .

.boot2          0x0000000010000000      0x100
                0x0000000010000000                __boot2_start__ = .
 *(.boot2)
 .boot2         0x0000000010000000      0x100 /var/folders/7z/r4r2qbgd4bb_p1x_wcg8qx4c0000gn/T//cc9iLKv2.o
                0x0000000010000100                __boot2_end__ = .
                0x0000000000000001                ASSERT (((__boot2_end__ - __boot2_start__) == 0x100), ERROR: Pico second stage bootloader must be 256 bytes in size)

.text           0x0000000010000100    0x31240
                0x0000000010000100                __logical_binary_start = .
 *(.vectors)
 .vectors       0x0000000010000100       0xd4 CMakeFiles/minerMaster.dir/__/__/libraries/pico-sdk/src/rp2_common/pico_standard_link/crt0.S.obj
                0x0000000010000100                __VECTOR_TABLE
                0x0000000010000100                __vectors
                0x00000000100001c0                __default_isrs_start
                0x00000000100001c0                isr_invalid
                0x00000000100001c2                isr_nmi
                0x00000000100001c4                isr_hardfault
                0x00000000100001c6                isr_svcall
                0x00000000100001c8                isr_pendsv
                0x00000000100001ca                isr_systick
                0x00000000100001cc                isr_irq28
                0x00000000100001cc                isr_irq19
                0x00000000100001cc                isr_irq0
                0x00000000100001cc                isr_irq6
                0x00000000100001cc                isr_irq22
                0x00000000100001cc                isr_irq17
                0x00000000100001cc                isr_irq14
                0x00000000100001cc                isr_irq2
                0x00000000100001cc                isr_irq10
                0x00000000100001cc                isr_irq8
                0x00000000100001cc                isr_irq24
                0x00000000100001cc                isr_irq1
                0x00000000100001cc                isr_irq7
                0x00000000100001cc                isr_irq21
                0x00000000100001cc                isr_irq20
                0x00000000100001cc                isr_irq15
                0x00000000100001cc                isr_irq25
                0x00000000100001cc                isr_irq4
                0x00000000100001cc                isr_irq16
                0x00000000100001cc                isr_irq29
                0x00000000100001cc                isr_irq26
                0x00000000100001cc                __default_isrs_end
                0x00000000100001cc                isr_irq3
                0x00000000100001cc                isr_irq9
                0x00000000100001cc                __unhandled_user_irq
                0x00000000100001cc                isr_irq13
                0x00000000100001cc                isr_irq27
                0x00000000100001cc                isr_irq31
                0x00000000100001cc                isr_irq5
                0x00000000100001cc                isr_irq11
                0x00000000100001cc                isr_irq23
                0x00000000100001cc                isr_irq18
                0x00000000100001cc                isr_irq30
                0x00000000100001cc                isr_irq12
                0x00000000100001d2                unhandled_user_irq_num_in_r0
 *(.binary_info_header)
 .binary_info_header
                0x00000000100001d4       0x14 CMakeFiles/minerMaster.dir/__/__/libraries/pico-sdk/src/rp2_common/pico_standard_link/crt0.S.obj
                0x00000000100001e8                __binary_info_header_end = .
 *(.reset)
 .reset         0x00000000100001e8       0xa8 CMakeFiles/minerMaster.dir/__/__/libraries/pico-sdk/src/rp2_common/pico_standard_link/crt0.S.obj
                0x00000000100001e8                _entry_point
                0x0000000010000266                __get_current_exception
 .reset         0x0000000010000290       0x30 CMakeFiles/minerMaster.dir/__/__/libraries/pico-sdk/src/rp2_common/pico_standard_link/binary_info.c.obj
 *(.init)
 .init          0x00000000100002c0        0x4 /Applications/ARM/bin/../lib/gcc/arm-none-eabi/10.3.1/thumb/v6-m/nofp/crti.o
                0x00000000100002c0                _init
 *(EXCLUDE_FILE(*libm.a: *libc.a:*lib_a-mem*.o *libgcc.a:) .text*)
 .text          0x00000000100002c4       0x48 /Applications/ARM/bin/../lib/gcc/arm-none-eabi/10.3.1/thumb/v6-m/nofp/crtbegin.o
 .text.tcp_callback_error
                0x000000001000030c        0x4 CMakeFiles/minerMaster.dir/minerMaster.cpp.obj
 .text.tcp_callback_poll
                0x0000000010000310        0x4 CMakeFiles/minerMaster.dir/minerMaster.cpp.obj
 .text.wizchip_dhcp_conflict
                0x0000000010000314       0x10 CMakeFiles/minerMaster.dir/minerMaster.cpp.obj
 .text.wizchip_dhcp_assign
                0x0000000010000324       0x6c CMakeFiles/minerMaster.dir/minerMaster.cpp.obj
 .text.tcp_callback_sent
                0x0000000010000390       0x30 CMakeFiles/minerMaster.dir/minerMaster.cpp.obj
 .text.tcp_client_close
                0x00000000100003c0       0x64 CMakeFiles/minerMaster.dir/minerMaster.cpp.obj
 .text.tcp_callback_received
                0x0000000010000424       0xf8 CMakeFiles/minerMaster.dir/minerMaster.cpp.obj
 .text.core1_entry
                0x000000001000051c       0x24 CMakeFiles/minerMaster.dir/minerMaster.cpp.obj
                0x000000001000051c                core1_entry
 .text.tcp_callback_connected
                0x0000000010000540       0x50 CMakeFiles/minerMaster.dir/minerMaster.cpp.obj
 .text.duino_master_init
                0x0000000010000590       0xd4 CMakeFiles/minerMaster.dir/minerMaster.cpp.obj
                0x0000000010000590                duino_master_init
 .text.duino_master_state_loop
                0x0000000010000664      0x910 CMakeFiles/minerMaster.dir/minerMaster.cpp.obj
                0x0000000010000664                duino_master_state_loop
 .text.set_duino_req_msg
                0x0000000010000f74       0x2c CMakeFiles/minerMaster.dir/minerMaster.cpp.obj
                0x0000000010000f74                set_duino_req_msg
 .text.wizchip_net_info_set
                0x0000000010000fa0       0x80 CMakeFiles/minerMaster.dir/minerMaster.cpp.obj
                0x0000000010000fa0                wizchip_net_info_set
 .text.update_pool
                0x0000000010001020       0xf8 CMakeFiles/minerMaster.dir/minerMaster.cpp.obj
                0x0000000010001020                update_pool
 .text.startup.main
                0x0000000010001118       0x84 CMakeFiles/minerMaster.dir/minerMaster.cpp.obj
                0x0000000010001118                main
 .text.startup._GLOBAL__sub_I_g_netif
                0x000000001000119c       0x18 CMakeFiles/minerMaster.dir/minerMaster.cpp.obj
 .text.ILI9340_Initialize
                0x00000000100011b4      0x7a8 CMakeFiles/minerMaster.dir/ILI9340/ILI9340.c.obj
                0x00000000100011b4                ILI9340_Initialize
 .text.ILI9340_SetAddressWindow
                0x000000001000195c      0x104 CMakeFiles/minerMaster.dir/ILI9340/ILI9340.c.obj
                0x000000001000195c                ILI9340_SetAddressWindow
 .text.ILI9340_DrawChar.constprop.0
                0x0000000010001a60      0x114 CMakeFiles/minerMaster.dir/ILI9340/ILI9340.c.obj
 .text.ILI9340_DrawChar.constprop.1
                0x0000000010001b74      0x130 CMakeFiles/minerMaster.dir/ILI9340/ILI9340.c.obj
 .text.ILI9340_DrawChar.constprop.2
                0x0000000010001ca4      0x130 CMakeFiles/minerMaster.dir/ILI9340/ILI9340.c.obj
 .text.ILI9340_DrawChar.constprop.3
                0x0000000010001dd4      0x12c CMakeFiles/minerMaster.dir/ILI9340/ILI9340.c.obj
 .text.ILI9340_DrawChar
                0x0000000010001f00      0x130 CMakeFiles/minerMaster.dir/ILI9340/ILI9340.c.obj
                0x0000000010001f00                ILI9340_DrawChar
 .text.ILI9340_Write_Mining_State
                0x0000000010002030      0x130 CMakeFiles/minerMaster.dir/ILI9340/ILI9340.c.obj
                0x0000000010002030                ILI9340_Write_Mining_State
 .text.ILI9340_init
                0x0000000010002160      0x11c CMakeFiles/minerMaster.dir/ILI9340/ILI9340.c.obj
                0x0000000010002160                ILI9340_init
 .text.getCharAddress
                0x000000001000227c       0x10 CMakeFiles/minerMaster.dir/ILI9340/ILI9340_font.c.obj
                0x000000001000227c                getCharAddress
 .text.close.part.0
                0x000000001000228c       0x68 CMakeFiles/minerMaster.dir/__/__/libraries/ioLibrary_Driver/Ethernet/socket.c.obj
 .text.socket   0x00000000100022f4      0x144 CMakeFiles/minerMaster.dir/__/__/libraries/ioLibrary_Driver/Ethernet/socket.c.obj
                0x00000000100022f4                socket
 .text.close    0x0000000010002438       0x14 CMakeFiles/minerMaster.dir/__/__/libraries/ioLibrary_Driver/Ethernet/socket.c.obj
                0x0000000010002438                close
 .text.connect  0x000000001000244c       0xf4 CMakeFiles/minerMaster.dir/__/__/libraries/ioLibrary_Driver/Ethernet/socket.c.obj
                0x000000001000244c                connect
 .text.disconnect
                0x0000000010002540       0x8c CMakeFiles/minerMaster.dir/__/__/libraries/ioLibrary_Driver/Ethernet/socket.c.obj
                0x0000000010002540                disconnect
 .text.send     0x00000000100025cc      0x148 CMakeFiles/minerMaster.dir/__/__/libraries/ioLibrary_Driver/Ethernet/socket.c.obj
                0x00000000100025cc                send
 .text.recv     0x0000000010002714      0x138 CMakeFiles/minerMaster.dir/__/__/libraries/ioLibrary_Driver/Ethernet/socket.c.obj
                0x0000000010002714                recv
 .text.sendto   0x000000001000284c      0x1ec CMakeFiles/minerMaster.dir/__/__/libraries/ioLibrary_Driver/Ethernet/socket.c.obj
                0x000000001000284c                sendto
 .text.recvfrom
                0x0000000010002a38      0x25c CMakeFiles/minerMaster.dir/__/__/libraries/ioLibrary_Driver/Ethernet/socket.c.obj
                0x0000000010002a38                recvfrom
 .text.getsockopt
                0x0000000010002c94      0x110 CMakeFiles/minerMaster.dir/__/__/libraries/ioLibrary_Driver/Ethernet/socket.c.obj
                0x0000000010002c94                getsockopt
 .text.wizchip_cris_enter
                0x0000000010002da4        0x4 CMakeFiles/minerMaster.dir/__/__/libraries/ioLibrary_Driver/Ethernet/wizchip_conf.c.obj
                0x0000000010002da4                wizchip_cris_enter
 .text.wizchip_bus_readdata
                0x0000000010002da8        0x8 CMakeFiles/minerMaster.dir/__/__/libraries/ioLibrary_Driver/Ethernet/wizchip_conf.c.obj
                0x0000000010002da8                wizchip_bus_readdata
 .text.wizchip_bus_writedata
                0x0000000010002db0        0x4 CMakeFiles/minerMaster.dir/__/__/libraries/ioLibrary_Driver/Ethernet/wizchip_conf.c.obj
                0x0000000010002db0                wizchip_bus_writedata
 .text.wizchip_spi_readbyte
                0x0000000010002db4        0x4 CMakeFiles/minerMaster.dir/__/__/libraries/ioLibrary_Driver/Ethernet/wizchip_conf.c.obj
                0x0000000010002db4                wizchip_spi_readbyte
 .text.wizchip_spi_writebyte
                0x0000000010002db8        0x4 CMakeFiles/minerMaster.dir/__/__/libraries/ioLibrary_Driver/Ethernet/wizchip_conf.c.obj
                0x0000000010002db8                wizchip_spi_writebyte
 .text.wizchip_cris_exit
                0x0000000010002dbc        0x4 CMakeFiles/minerMaster.dir/__/__/libraries/ioLibrary_Driver/Ethernet/wizchip_conf.c.obj
                0x0000000010002dbc                wizchip_cris_exit
 .text.wizchip_cs_select
                0x0000000010002dc0        0x4 CMakeFiles/minerMaster.dir/__/__/libraries/ioLibrary_Driver/Ethernet/wizchip_conf.c.obj
                0x0000000010002dc0                wizchip_cs_select
 .text.wizchip_cs_deselect
                0x0000000010002dc4        0x4 CMakeFiles/minerMaster.dir/__/__/libraries/ioLibrary_Driver/Ethernet/wizchip_conf.c.obj
                0x0000000010002dc4                wizchip_cs_deselect
 .text.reg_wizchip_cris_cbfunc
                0x0000000010002dc8       0x24 CMakeFiles/minerMaster.dir/__/__/libraries/ioLibrary_Driver/Ethernet/wizchip_conf.c.obj
                0x0000000010002dc8                reg_wizchip_cris_cbfunc
 .text.reg_wizchip_cs_cbfunc
                0x0000000010002dec       0x24 CMakeFiles/minerMaster.dir/__/__/libraries/ioLibrary_Driver/Ethernet/wizchip_conf.c.obj
                0x0000000010002dec                reg_wizchip_cs_cbfunc
 .text.reg_wizchip_spi_cbfunc
                0x0000000010002e10       0x2c CMakeFiles/minerMaster.dir/__/__/libraries/ioLibrary_Driver/Ethernet/wizchip_conf.c.obj
                0x0000000010002e10                reg_wizchip_spi_cbfunc
 .text.ctlnetwork
                0x0000000010002e3c      0x118 CMakeFiles/minerMaster.dir/__/__/libraries/ioLibrary_Driver/Ethernet/wizchip_conf.c.obj
                0x0000000010002e3c                ctlnetwork
 .text.wizchip_sw_reset
                0x0000000010002f54       0x68 CMakeFiles/minerMaster.dir/__/__/libraries/ioLibrary_Driver/Ethernet/wizchip_conf.c.obj
                0x0000000010002f54                wizchip_sw_reset
 .text.wizchip_init
                0x0000000010002fbc      0x128 CMakeFiles/minerMaster.dir/__/__/libraries/ioLibrary_Driver/Ethernet/wizchip_conf.c.obj
                0x0000000010002fbc                wizchip_init
 .text.ctlwizchip
                0x00000000100030e4      0x1ac CMakeFiles/minerMaster.dir/__/__/libraries/ioLibrary_Driver/Ethernet/wizchip_conf.c.obj
                0x00000000100030e4                ctlwizchip
 .text.WIZCHIP_READ.constprop.2
                0x0000000010003290       0x58 CMakeFiles/minerMaster.dir/__/__/libraries/ioLibrary_Driver/Ethernet/W5100S/w5100s.c.obj
 .text.WIZCHIP_WRITE
                0x00000000100032e8       0x58 CMakeFiles/minerMaster.dir/__/__/libraries/ioLibrary_Driver/Ethernet/W5100S/w5100s.c.obj
                0x00000000100032e8                WIZCHIP_WRITE
 .text.WIZCHIP_READ
                0x0000000010003340       0x5c CMakeFiles/minerMaster.dir/__/__/libraries/ioLibrary_Driver/Ethernet/W5100S/w5100s.c.obj
                0x0000000010003340                WIZCHIP_READ
 .text.WIZCHIP_WRITE_BUF
                0x000000001000339c       0x70 CMakeFiles/minerMaster.dir/__/__/libraries/ioLibrary_Driver/Ethernet/W5100S/w5100s.c.obj
                0x000000001000339c                WIZCHIP_WRITE_BUF
 .text.WIZCHIP_READ_BUF
                0x000000001000340c       0x88 CMakeFiles/minerMaster.dir/__/__/libraries/ioLibrary_Driver/Ethernet/W5100S/w5100s.c.obj
                0x000000001000340c                WIZCHIP_READ_BUF
 .text.getSn_TX_FSR
                0x0000000010003494       0x48 CMakeFiles/minerMaster.dir/__/__/libraries/ioLibrary_Driver/Ethernet/W5100S/w5100s.c.obj
                0x0000000010003494                getSn_TX_FSR
 .text.getSn_RX_RSR
                0x00000000100034dc       0x48 CMakeFiles/minerMaster.dir/__/__/libraries/ioLibrary_Driver/Ethernet/W5100S/w5100s.c.obj
                0x00000000100034dc                getSn_RX_RSR
 .text.wiz_send_data
                0x0000000010003524      0x190 CMakeFiles/minerMaster.dir/__/__/libraries/ioLibrary_Driver/Ethernet/W5100S/w5100s.c.obj
                0x0000000010003524                wiz_send_data
 .text.wiz_recv_data
                0x00000000100036b4      0x190 CMakeFiles/minerMaster.dir/__/__/libraries/ioLibrary_Driver/Ethernet/W5100S/w5100s.c.obj
                0x00000000100036b4                wiz_recv_data
 .text.wiz_recv_ignore
                0x0000000010003844       0x38 CMakeFiles/minerMaster.dir/__/__/libraries/ioLibrary_Driver/Ethernet/W5100S/w5100s.c.obj
                0x0000000010003844                wiz_recv_ignore
 .text.wiz_mdio_write
                0x000000001000387c       0x30 CMakeFiles/minerMaster.dir/__/__/libraries/ioLibrary_Driver/Ethernet/W5100S/w5100s.c.obj
                0x000000001000387c                wiz_mdio_write
 .text.wiz_mdio_read
                0x00000000100038ac       0x30 CMakeFiles/minerMaster.dir/__/__/libraries/ioLibrary_Driver/Ethernet/W5100S/w5100s.c.obj
                0x00000000100038ac                wiz_mdio_read
 .text.inet_addr_
                0x00000000100038dc       0xd0 CMakeFiles/minerMaster.dir/__/__/libraries/ioLibrary_Driver/Internet/httpServer/httpParser.c.obj
                0x00000000100038dc                inet_addr_
 .text.wizchip_select
                0x00000000100039ac        0xc CMakeFiles/minerMaster.dir/__/__/port/ioLibrary_Driver/src/w5x00_spi.c.obj
 .text.wizchip_deselect
                0x00000000100039b8        0xc CMakeFiles/minerMaster.dir/__/__/port/ioLibrary_Driver/src/w5x00_spi.c.obj
 .text.wizchip_critical_section_unlock
                0x00000000100039c4       0x18 CMakeFiles/minerMaster.dir/__/__/port/ioLibrary_Driver/src/w5x00_spi.c.obj
 .text.wizchip_critical_section_lock
                0x00000000100039dc       0x1c CMakeFiles/minerMaster.dir/__/__/port/ioLibrary_Driver/src/w5x00_spi.c.obj
 .text.wizchip_write
                0x00000000100039f8       0x1c CMakeFiles/minerMaster.dir/__/__/port/ioLibrary_Driver/src/w5x00_spi.c.obj
 .text.wizchip_read
                0x0000000010003a14       0x24 CMakeFiles/minerMaster.dir/__/__/port/ioLibrary_Driver/src/w5x00_spi.c.obj
 .text.wizchip_reset
                0x0000000010003a38       0x20 CMakeFiles/minerMaster.dir/__/__/port/ioLibrary_Driver/src/w5x00_spi.c.obj
                0x0000000010003a38                wizchip_reset
 .text.wizchip_spi_initialize
                0x0000000010003a58       0x40 CMakeFiles/minerMaster.dir/__/__/port/ioLibrary_Driver/src/w5x00_spi.c.obj
                0x0000000010003a58                wizchip_spi_initialize
 .text.wizchip_cris_initialize
                0x0000000010003a98       0x20 CMakeFiles/minerMaster.dir/__/__/port/ioLibrary_Driver/src/w5x00_spi.c.obj
                0x0000000010003a98                wizchip_cris_initialize
 .text.wizchip_initialize
                0x0000000010003ab8       0x78 CMakeFiles/minerMaster.dir/__/__/port/ioLibrary_Driver/src/w5x00_spi.c.obj
                0x0000000010003ab8                wizchip_initialize
 .text.wizchip_check
                0x0000000010003b30       0x24 CMakeFiles/minerMaster.dir/__/__/port/ioLibrary_Driver/src/w5x00_spi.c.obj
                0x0000000010003b30                wizchip_check
 .text.network_initialize
                0x0000000010003b54       0x1c CMakeFiles/minerMaster.dir/__/__/port/ioLibrary_Driver/src/w5x00_spi.c.obj
                0x0000000010003b54                network_initialize
 .text.print_network_information
                0x0000000010003b70       0xd8 CMakeFiles/minerMaster.dir/__/__/port/ioLibrary_Driver/src/w5x00_spi.c.obj
                0x0000000010003b70                print_network_information
 .text.get_ipaddr_from_dns
                0x0000000010003c48      0x1d4 CMakeFiles/minerMaster.dir/__/__/port/aws-iot-device-sdk-embedded-C/src/dns_interface.c.obj
                0x0000000010003c48                get_ipaddr_from_dns
 .text.http_read
                0x0000000010003e1c       0x68 CMakeFiles/minerMaster.dir/__/__/port/aws-iot-device-sdk-embedded-C/src/http_transport_interface.c.obj
                0x0000000010003e1c                http_read
 .text.https_read
                0x0000000010003e84       0x6c CMakeFiles/minerMaster.dir/__/__/port/aws-iot-device-sdk-embedded-C/src/http_transport_interface.c.obj
                0x0000000010003e84                https_read
 .text.https_write
                0x0000000010003ef0       0x34 CMakeFiles/minerMaster.dir/__/__/port/aws-iot-device-sdk-embedded-C/src/http_transport_interface.c.obj
                0x0000000010003ef0                https_write
 .text.http_write
                0x0000000010003f24       0x30 CMakeFiles/minerMaster.dir/__/__/port/aws-iot-device-sdk-embedded-C/src/http_transport_interface.c.obj
                0x0000000010003f24                http_write
 .text.http_send_request
                0x0000000010003f54      0x2a8 CMakeFiles/minerMaster.dir/__/__/port/aws-iot-device-sdk-embedded-C/src/http_transport_interface.c.obj
                0x0000000010003f54                http_send_request
 .text.http_close
                0x00000000100041fc       0xa0 CMakeFiles/minerMaster.dir/__/__/port/aws-iot-device-sdk-embedded-C/src/http_transport_interface.c.obj
                0x00000000100041fc                http_close
 .text.http_get
                0x000000001000429c      0x304 CMakeFiles/minerMaster.dir/__/__/port/aws-iot-device-sdk-embedded-C/src/http_transport_interface.c.obj
                0x000000001000429c                http_get
 .text.recv_timeout
                0x00000000100045a0       0x5c CMakeFiles/minerMaster.dir/__/__/port/aws-iot-device-sdk-embedded-C/src/ssl_transport_interface.c.obj
                0x00000000100045a0                recv_timeout
 .text.ssl_random_callback
                0x00000000100045fc       0x2c CMakeFiles/minerMaster.dir/__/__/port/aws-iot-device-sdk-embedded-C/src/ssl_transport_interface.c.obj
                0x00000000100045fc                ssl_random_callback
 .text.ssl_transport_init
                0x0000000010004628      0x248 CMakeFiles/minerMaster.dir/__/__/port/aws-iot-device-sdk-embedded-C/src/ssl_transport_interface.c.obj
                0x0000000010004628                ssl_transport_init
 .text.ssl_socket_connect_timeout
                0x0000000010004870       0xe0 CMakeFiles/minerMaster.dir/__/__/port/aws-iot-device-sdk-embedded-C/src/ssl_transport_interface.c.obj
                0x0000000010004870                ssl_socket_connect_timeout
 .text.ssl_transport_read
                0x0000000010004950        0xc CMakeFiles/minerMaster.dir/__/__/port/aws-iot-device-sdk-embedded-C/src/ssl_transport_interface.c.obj
                0x0000000010004950                ssl_transport_read
 .text.ssl_transport_write
                0x000000001000495c        0xc CMakeFiles/minerMaster.dir/__/__/port/aws-iot-device-sdk-embedded-C/src/ssl_transport_interface.c.obj
                0x000000001000495c                ssl_transport_write
 .text.repeating_timer_callback
                0x0000000010004968       0x38 CMakeFiles/minerMaster.dir/__/__/port/aws-iot-device-sdk-embedded-C/src/timer_interface.c.obj
                0x0000000010004968                repeating_timer_callback
 .text.millis   0x00000000100049a0        0xc CMakeFiles/minerMaster.dir/__/__/port/aws-iot-device-sdk-embedded-C/src/timer_interface.c.obj
                0x00000000100049a0                millis
 .text.is_ipaddr
                0x00000000100049ac       0xcc CMakeFiles/minerMaster.dir/__/__/port/aws-iot-device-sdk-embedded-C/src/util.c.obj
                0x00000000100049ac                is_ipaddr
 .text.set_sys_clock_pll
                0x0000000010004a78       0x78 CMakeFiles/minerMaster.dir/__/__/libraries/pico-sdk/src/rp2_common/pico_stdlib/stdlib.c.obj
                0x0000000010004a78                set_sys_clock_pll
 .text.check_sys_clock_khz
                0x0000000010004af0      0x178 CMakeFiles/minerMaster.dir/__/__/libraries/pico-sdk/src/rp2_common/pico_stdlib/stdlib.c.obj
                0x0000000010004af0                check_sys_clock_khz
 .text.gpio_set_function
                0x0000000010004c68       0x30 CMakeFiles/minerMaster.dir/__/__/libraries/pico-sdk/src/rp2_common/hardware_gpio/gpio.c.obj
                0x0000000010004c68                gpio_set_function
 .text.gpio_set_pulls
                0x0000000010004c98       0x30 CMakeFiles/minerMaster.dir/__/__/libraries/pico-sdk/src/rp2_common/hardware_gpio/gpio.c.obj
                0x0000000010004c98                gpio_set_pulls
 .text.gpio_init
                0x0000000010004cc8       0x3c CMakeFiles/minerMaster.dir/__/__/libraries/pico-sdk/src/rp2_common/hardware_gpio/gpio.c.obj
                0x0000000010004cc8                gpio_init
 .text.hw_claim_or_assert
                0x0000000010004d04       0x44 CMakeFiles/minerMaster.dir/__/__/libraries/pico-sdk/src/rp2_common/hardware_claim/claim.c.obj
                0x0000000010004d04                hw_claim_or_assert
 .text.hw_claim_unused_from_range
                0x0000000010004d48       0x9c CMakeFiles/minerMaster.dir/__/__/libraries/pico-sdk/src/rp2_common/hardware_claim/claim.c.obj
                0x0000000010004d48                hw_claim_unused_from_range
 .text.running_on_fpga
                0x0000000010004de4       0x10 CMakeFiles/minerMaster.dir/__/__/libraries/pico-sdk/src/rp2_common/pico_platform/platform.c.obj
                0x0000000010004de4                running_on_fpga
 .text.spin_locks_reset
                0x0000000010004df4       0x1c CMakeFiles/minerMaster.dir/__/__/libraries/pico-sdk/src/rp2_common/hardware_sync/sync.c.obj
                0x0000000010004df4                spin_locks_reset
 .text.next_striped_spin_lock_num
                0x0000000010004e10       0x18 CMakeFiles/minerMaster.dir/__/__/libraries/pico-sdk/src/rp2_common/hardware_sync/sync.c.obj
                0x0000000010004e10                next_striped_spin_lock_num
 .text.spin_lock_claim_unused
                0x0000000010004e28       0x20 CMakeFiles/minerMaster.dir/__/__/libraries/pico-sdk/src/rp2_common/hardware_sync/sync.c.obj
                0x0000000010004e28                spin_lock_claim_unused
 .text.uart_init
                0x0000000010004e48       0xe0 CMakeFiles/minerMaster.dir/__/__/libraries/pico-sdk/src/rp2_common/hardware_uart/uart.c.obj
                0x0000000010004e48                uart_init
 .text.timer_pool_entry_comparator
                0x0000000010004f28       0x34 CMakeFiles/minerMaster.dir/__/__/libraries/pico-sdk/src/common/pico_time/time.c.obj
                0x0000000010004f28                timer_pool_entry_comparator
 .text.repeating_timer_callback
                0x0000000010004f5c       0x1c CMakeFiles/minerMaster.dir/__/__/libraries/pico-sdk/src/common/pico_time/time.c.obj
 .text.sleep_until_callback
                0x0000000010004f78       0x30 CMakeFiles/minerMaster.dir/__/__/libraries/pico-sdk/src/common/pico_time/time.c.obj
 .text.add_alarm_under_lock.isra.0
                0x0000000010004fa8      0x100 CMakeFiles/minerMaster.dir/__/__/libraries/pico-sdk/src/common/pico_time/time.c.obj
 .text.alarm_pool_alarm_callback
                0x00000000100050a8      0x1c8 CMakeFiles/minerMaster.dir/__/__/libraries/pico-sdk/src/common/pico_time/time.c.obj
 .text.alarm_pool_add_alarm_at.constprop.0
                0x0000000010005270      0x11c CMakeFiles/minerMaster.dir/__/__/libraries/pico-sdk/src/common/pico_time/time.c.obj
 .text.alarm_pool_init_default
                0x000000001000538c       0x64 CMakeFiles/minerMaster.dir/__/__/libraries/pico-sdk/src/common/pico_time/time.c.obj
                0x000000001000538c                alarm_pool_init_default
 .text.alarm_pool_get_default
                0x00000000100053f0        0x8 CMakeFiles/minerMaster.dir/__/__/libraries/pico-sdk/src/common/pico_time/time.c.obj
                0x00000000100053f0                alarm_pool_get_default
 .text.alarm_pool_add_repeating_timer_us
                0x00000000100053f8      0x22c CMakeFiles/minerMaster.dir/__/__/libraries/pico-sdk/src/common/pico_time/time.c.obj
                0x00000000100053f8                alarm_pool_add_repeating_timer_us
 .text.sleep_until
                0x0000000010005624       0xac CMakeFiles/minerMaster.dir/__/__/libraries/pico-sdk/src/common/pico_time/time.c.obj
                0x0000000010005624                sleep_until
 .text.sleep_ms
                0x00000000100056d0       0x38 CMakeFiles/minerMaster.dir/__/__/libraries/pico-sdk/src/common/pico_time/time.c.obj
                0x00000000100056d0                sleep_ms
 .text.check_single_timeout_us
                0x0000000010005708       0x28 CMakeFiles/minerMaster.dir/__/__/libraries/pico-sdk/src/common/pico_time/timeout_helper.c.obj
 .text.init_single_timeout_until
                0x0000000010005730        0xc CMakeFiles/minerMaster.dir/__/__/libraries/pico-sdk/src/common/pico_time/timeout_helper.c.obj
                0x0000000010005730                init_single_timeout_until
 .text.hardware_alarm_irq_handler
                0x000000001000573c       0xb8 CMakeFiles/minerMaster.dir/__/__/libraries/pico-sdk/src/rp2_common/hardware_timer/timer.c.obj
 .text.hardware_alarm_claim
                0x00000000100057f4       0x18 CMakeFiles/minerMaster.dir/__/__/libraries/pico-sdk/src/rp2_common/hardware_timer/timer.c.obj
                0x00000000100057f4                hardware_alarm_claim
 .text.time_us_64
                0x000000001000580c       0x14 CMakeFiles/minerMaster.dir/__/__/libraries/pico-sdk/src/rp2_common/hardware_timer/timer.c.obj
                0x000000001000580c                time_us_64
 .text.busy_wait_until
                0x0000000010005820       0x20 CMakeFiles/minerMaster.dir/__/__/libraries/pico-sdk/src/rp2_common/hardware_timer/timer.c.obj
                0x0000000010005820                busy_wait_until
 .text.hardware_alarm_set_callback
                0x0000000010005840       0x8c CMakeFiles/minerMaster.dir/__/__/libraries/pico-sdk/src/rp2_common/hardware_timer/timer.c.obj
                0x0000000010005840                hardware_alarm_set_callback
 .text.hardware_alarm_set_target
                0x00000000100058cc       0xe0 CMakeFiles/minerMaster.dir/__/__/libraries/pico-sdk/src/rp2_common/hardware_timer/timer.c.obj
                0x00000000100058cc                hardware_alarm_set_target
 .text.hardware_alarm_cancel
                0x00000000100059ac       0x3c CMakeFiles/minerMaster.dir/__/__/libraries/pico-sdk/src/rp2_common/hardware_timer/timer.c.obj
                0x00000000100059ac                hardware_alarm_cancel
 .text.lock_init
                0x00000000100059e8       0x10 CMakeFiles/minerMaster.dir/__/__/libraries/pico-sdk/src/common/pico_sync/lock_core.c.obj
                0x00000000100059e8                lock_init
 .text.mutex_init
                0x00000000100059f8       0x1c CMakeFiles/minerMaster.dir/__/__/libraries/pico-sdk/src/common/pico_sync/mutex.c.obj
                0x00000000100059f8                mutex_init
 .text.recursive_mutex_init
                0x0000000010005a14       0x1c CMakeFiles/minerMaster.dir/__/__/libraries/pico-sdk/src/common/pico_sync/mutex.c.obj
                0x0000000010005a14                recursive_mutex_init
 .text.critical_section_init
                0x0000000010005a30       0x20 CMakeFiles/minerMaster.dir/__/__/libraries/pico-sdk/src/common/pico_sync/critical_section.c.obj
                0x0000000010005a30                critical_section_init
 .text.ph_merge_nodes
                0x0000000010005a50       0x68 CMakeFiles/minerMaster.dir/__/__/libraries/pico-sdk/src/common/pico_util/pheap.c.obj
 .text.ph_post_alloc_init
                0x0000000010005ab8       0x3c CMakeFiles/minerMaster.dir/__/__/libraries/pico-sdk/src/common/pico_util/pheap.c.obj
                0x0000000010005ab8                ph_post_alloc_init
 .text.ph_merge_two_pass
                0x0000000010005af4       0x90 CMakeFiles/minerMaster.dir/__/__/libraries/pico-sdk/src/common/pico_util/pheap.c.obj
                0x0000000010005af4                ph_merge_two_pass
 .text.ph_remove_any_head
                0x0000000010005b84       0xf8 CMakeFiles/minerMaster.dir/__/__/libraries/pico-sdk/src/common/pico_util/pheap.c.obj
 .text.ph_remove_head
                0x0000000010005c7c       0xfc CMakeFiles/minerMaster.dir/__/__/libraries/pico-sdk/src/common/pico_util/pheap.c.obj
                0x0000000010005c7c                ph_remove_head
 .text.ph_remove_and_free_node
                0x0000000010005d78       0x7c CMakeFiles/minerMaster.dir/__/__/libraries/pico-sdk/src/common/pico_util/pheap.c.obj
                0x0000000010005d78                ph_remove_and_free_node
 .text.runtime_init
                0x0000000010005df4       0xf0 CMakeFiles/minerMaster.dir/__/__/libraries/pico-sdk/src/rp2_common/pico_runtime/runtime.c.obj
                0x0000000010005df4                runtime_init
 .text._sbrk    0x0000000010005ee4       0x34 CMakeFiles/minerMaster.dir/__/__/libraries/pico-sdk/src/rp2_common/pico_runtime/runtime.c.obj
                0x0000000010005ee4                _sbrk
 .text.exit     0x0000000010005f18        0x4 CMakeFiles/minerMaster.dir/__/__/libraries/pico-sdk/src/rp2_common/pico_runtime/runtime.c.obj
                0x0000000010005f18                exit
 .text.panic    0x0000000010005f1c       0x30 CMakeFiles/minerMaster.dir/__/__/libraries/pico-sdk/src/rp2_common/pico_runtime/runtime.c.obj
                0x0000000010005f1c                panic
 .text.hard_assertion_failure
                0x0000000010005f4c        0xc CMakeFiles/minerMaster.dir/__/__/libraries/pico-sdk/src/rp2_common/pico_runtime/runtime.c.obj
                0x0000000010005f4c                hard_assertion_failure
 .text.clock_configure
                0x0000000010005f58      0x114 CMakeFiles/minerMaster.dir/__/__/libraries/pico-sdk/src/rp2_common/hardware_clocks/clocks.c.obj
                0x0000000010005f58                clock_configure
 .text.clocks_init
                0x000000001000606c      0x2bc CMakeFiles/minerMaster.dir/__/__/libraries/pico-sdk/src/rp2_common/hardware_clocks/clocks.c.obj
                0x000000001000606c                clocks_init
 .text.clock_get_hz
                0x0000000010006328        0xc CMakeFiles/minerMaster.dir/__/__/libraries/pico-sdk/src/rp2_common/hardware_clocks/clocks.c.obj
                0x0000000010006328                clock_get_hz
 .text.irq_set_enabled
                0x0000000010006334       0x24 CMakeFiles/minerMaster.dir/__/__/libraries/pico-sdk/src/rp2_common/hardware_irq/irq.c.obj
                0x0000000010006334                irq_set_enabled
 .text.irq_is_enabled
                0x0000000010006358       0x18 CMakeFiles/minerMaster.dir/__/__/libraries/pico-sdk/src/rp2_common/hardware_irq/irq.c.obj
                0x0000000010006358                irq_is_enabled
 .text.irq_get_vtable_handler
                0x0000000010006370       0x10 CMakeFiles/minerMaster.dir/__/__/libraries/pico-sdk/src/rp2_common/hardware_irq/irq.c.obj
                0x0000000010006370                irq_get_vtable_handler
 .text.irq_set_exclusive_handler
                0x0000000010006380       0x54 CMakeFiles/minerMaster.dir/__/__/libraries/pico-sdk/src/rp2_common/hardware_irq/irq.c.obj
                0x0000000010006380                irq_set_exclusive_handler
 .text.irq_remove_handler
                0x00000000100063d4      0x1b4 CMakeFiles/minerMaster.dir/__/__/libraries/pico-sdk/src/rp2_common/hardware_irq/irq.c.obj
                0x00000000100063d4                irq_remove_handler
 .text.irq_add_tail_to_free_list
                0x0000000010006588       0xb4 CMakeFiles/minerMaster.dir/__/__/libraries/pico-sdk/src/rp2_common/hardware_irq/irq.c.obj
                0x0000000010006588                irq_add_tail_to_free_list
 .text.irq_init_priorities
                0x000000001000663c       0x24 CMakeFiles/minerMaster.dir/__/__/libraries/pico-sdk/src/rp2_common/hardware_irq/irq.c.obj
                0x000000001000663c                irq_init_priorities
 .text.pll_init
                0x0000000010006660       0xa8 CMakeFiles/minerMaster.dir/__/__/libraries/pico-sdk/src/rp2_common/hardware_pll/pll.c.obj
                0x0000000010006660                pll_init
 .text.watchdog_start_tick
                0x0000000010006708       0x10 CMakeFiles/minerMaster.dir/__/__/libraries/pico-sdk/src/rp2_common/hardware_watchdog/watchdog.c.obj
                0x0000000010006708                watchdog_start_tick
 .text.xosc_init
                0x0000000010006718       0x28 CMakeFiles/minerMaster.dir/__/__/libraries/pico-sdk/src/rp2_common/hardware_xosc/xosc.c.obj
                0x0000000010006718                xosc_init
 .text._out_buffer
                0x0000000010006740        0x8 CMakeFiles/minerMaster.dir/__/__/libraries/pico-sdk/src/rp2_common/pico_printf/printf.c.obj
 .text._out_null
                0x0000000010006748        0x4 CMakeFiles/minerMaster.dir/__/__/libraries/pico-sdk/src/rp2_common/pico_printf/printf.c.obj
 .text._out_rev
                0x000000001000674c       0x9c CMakeFiles/minerMaster.dir/__/__/libraries/pico-sdk/src/rp2_common/pico_printf/printf.c.obj
 .text._ntoa_format
                0x00000000100067e8      0x1cc CMakeFiles/minerMaster.dir/__/__/libraries/pico-sdk/src/rp2_common/pico_printf/printf.c.obj
 .text._out_char
                0x00000000100069b4       0x10 CMakeFiles/minerMaster.dir/__/__/libraries/pico-sdk/src/rp2_common/pico_printf/printf.c.obj
 .text._out_fct
                0x00000000100069c4       0x10 CMakeFiles/minerMaster.dir/__/__/libraries/pico-sdk/src/rp2_common/pico_printf/printf.c.obj
 .text._etoa    0x00000000100069d4      0x44c CMakeFiles/minerMaster.dir/__/__/libraries/pico-sdk/src/rp2_common/pico_printf/printf.c.obj
 .text._ftoa    0x0000000010006e20      0x398 CMakeFiles/minerMaster.dir/__/__/libraries/pico-sdk/src/rp2_common/pico_printf/printf.c.obj
 .text._vsnprintf
                0x00000000100071b8      0xb04 CMakeFiles/minerMaster.dir/__/__/libraries/pico-sdk/src/rp2_common/pico_printf/printf.c.obj
 .text.__wrap_sprintf
                0x0000000010007cbc       0x28 CMakeFiles/minerMaster.dir/__/__/libraries/pico-sdk/src/rp2_common/pico_printf/printf.c.obj
                0x0000000010007cbc                __wrap_sprintf
 .text.__wrap_snprintf
                0x0000000010007ce4       0x28 CMakeFiles/minerMaster.dir/__/__/libraries/pico-sdk/src/rp2_common/pico_printf/printf.c.obj
                0x0000000010007ce4                __wrap_snprintf
 .text.vfctprintf
                0x0000000010007d0c       0x20 CMakeFiles/minerMaster.dir/__/__/libraries/pico-sdk/src/rp2_common/pico_printf/printf.c.obj
                0x0000000010007d0c                vfctprintf
 .text.weak_raw_vprintf
                0x0000000010007d2c       0x30 CMakeFiles/minerMaster.dir/__/__/libraries/pico-sdk/src/rp2_common/pico_printf/printf.c.obj
                0x0000000010007d2c                weak_raw_vprintf
 .text          0x0000000010007d5c       0x10 CMakeFiles/minerMaster.dir/__/__/libraries/pico-sdk/src/rp2_common/pico_bit_ops/bit_ops_aeabi.S.obj
 .text.rom_func_lookup
                0x0000000010007d6c       0x10 CMakeFiles/minerMaster.dir/__/__/libraries/pico-sdk/src/rp2_common/pico_bootrom/bootrom.c.obj
                0x0000000010007d6c                rom_func_lookup
 .text.rom_data_lookup
                0x0000000010007d7c       0x10 CMakeFiles/minerMaster.dir/__/__/libraries/pico-sdk/src/rp2_common/pico_bootrom/bootrom.c.obj
                0x0000000010007d7c                rom_data_lookup
 .text.rom_funcs_lookup
                0x0000000010007d8c       0x44 CMakeFiles/minerMaster.dir/__/__/libraries/pico-sdk/src/rp2_common/pico_bootrom/bootrom.c.obj
                0x0000000010007d8c                rom_funcs_lookup
 .text.__wrap___aeabi_idiv
                0x0000000010007dd0       0x50 CMakeFiles/minerMaster.dir/__/__/libraries/pico-sdk/src/rp2_common/pico_divider/divider.S.obj
                0x0000000010007dd0                __wrap___aeabi_idivmod
                0x0000000010007dd0                divmod_s32s32
                0x0000000010007dd0                div_s32s32
                0x0000000010007dd0                __wrap___aeabi_idiv
                0x0000000010007dd8                divmod_s32s32_unsafe
                0x0000000010007e04                divmod_s32s32_savestate
 .text.__wrap___aeabi_uidiv
                0x0000000010007e20       0x4c CMakeFiles/minerMaster.dir/__/__/libraries/pico-sdk/src/rp2_common/pico_divider/divider.S.obj
                0x0000000010007e20                __wrap___aeabi_uidiv
                0x0000000010007e20                __wrap___aeabi_uidivmod
                0x0000000010007e20                div_u32u32
                0x0000000010007e20                divmod_u32u32
                0x0000000010007e28                divmod_u32u32_unsafe
                0x0000000010007e50                divmod_u32u32_savestate
 .text.__wrap___aeabi_ldiv
                0x0000000010007e6c      0x434 CMakeFiles/minerMaster.dir/__/__/libraries/pico-sdk/src/rp2_common/pico_divider/divider.S.obj
                0x0000000010007e6c                __wrap___aeabi_ldivmod
                0x0000000010007e6c                div_s64s64
                0x0000000010007e6c                divmod_s64s64
                0x0000000010007ea4                divmod_u64u64
                0x0000000010007ea4                div_u64u64
                0x0000000010007ea4                __wrap___aeabi_uldivmod
                0x0000000010007eb4                divmod_u64u64_savestate
                0x0000000010007edc                divmod_s64s64_unsafe
                0x0000000010007f64                divmod_u64u64_unsafe
 .text.__wrap___aeabi_darithmetic
                0x00000000100082a0       0x80 CMakeFiles/minerMaster.dir/__/__/libraries/pico-sdk/src/rp2_common/pico_double/double_aeabi.S.obj
                0x00000000100082a0                __wrap___aeabi_drsub
                0x00000000100082a6                __wrap___aeabi_dsub
                0x00000000100082b8                __wrap___aeabi_dadd
                0x00000000100082ca                __wrap___aeabi_ddiv
                0x0000000010008306                __wrap___aeabi_dmul
 .text.__wrap___aeabi_cdcmple
                0x0000000010008320       0x6c CMakeFiles/minerMaster.dir/__/__/libraries/pico-sdk/src/rp2_common/pico_double/double_aeabi.S.obj
                0x0000000010008320                __wrap___aeabi_cdrcmple
                0x0000000010008330                __wrap___aeabi_cdcmple
                0x0000000010008330                __wrap___aeabi_cdcmpeq
 .text.__wrap___aeabi_dcmplt
                0x000000001000838c        0xc CMakeFiles/minerMaster.dir/__/__/libraries/pico-sdk/src/rp2_common/pico_double/double_aeabi.S.obj
                0x000000001000838c                __wrap___aeabi_dcmplt
 .text.__wrap___aeabi_dcmple
                0x0000000010008398       0x10 CMakeFiles/minerMaster.dir/__/__/libraries/pico-sdk/src/rp2_common/pico_double/double_aeabi.S.obj
                0x0000000010008398                __wrap___aeabi_dcmple
 .text.__wrap___aeabi_dcmpge
                0x00000000100083a8       0x10 CMakeFiles/minerMaster.dir/__/__/libraries/pico-sdk/src/rp2_common/pico_double/double_aeabi.S.obj
                0x00000000100083a8                __wrap___aeabi_dcmpge
 .text.__wrap___aeabi_dcmpgt
                0x00000000100083b8        0xa CMakeFiles/minerMaster.dir/__/__/libraries/pico-sdk/src/rp2_common/pico_double/double_aeabi.S.obj
                0x00000000100083b8                __wrap___aeabi_dcmpgt
 .text.__wrap___aeabi_dcmpun
                0x00000000100083c2       0x1c CMakeFiles/minerMaster.dir/__/__/libraries/pico-sdk/src/rp2_common/pico_double/double_aeabi.S.obj
                0x00000000100083c2                __wrap___aeabi_dcmpun
 *fill*         0x00000000100083de        0x2 
 .text.__wrap___aeabi_i2d
                0x00000000100083e0       0x38 CMakeFiles/minerMaster.dir/__/__/libraries/pico-sdk/src/rp2_common/pico_double/double_aeabi.S.obj
                0x00000000100083e0                __wrap___aeabi_ui2d
                0x00000000100083e8                __wrap___aeabi_i2d
 .text.__wrap___aeabi_d2iz
                0x0000000010008418       0x48 CMakeFiles/minerMaster.dir/__/__/libraries/pico-sdk/src/rp2_common/pico_double/double_aeabi.S.obj
                0x0000000010008418                __wrap___aeabi_d2iz
                0x0000000010008418                double2int_z
 .text.__wrap___aeabi_d2uiz
                0x0000000010008460       0x18 CMakeFiles/minerMaster.dir/__/__/libraries/pico-sdk/src/rp2_common/pico_double/double_aeabi.S.obj
                0x0000000010008460                double2uint
                0x0000000010008460                __wrap___aeabi_d2uiz
 .text.__wrap___aeabi_d2f
                0x0000000010008478       0x18 CMakeFiles/minerMaster.dir/__/__/libraries/pico-sdk/src/rp2_common/pico_double/double_aeabi.S.obj
                0x0000000010008478                __wrap___aeabi_d2f
 .text.__aeabi_double_init
                0x0000000010008490       0x94 CMakeFiles/minerMaster.dir/__/__/libraries/pico-sdk/src/rp2_common/pico_double/double_init_rom.c.obj
                0x0000000010008490                __aeabi_double_init
 .text.double_table_shim_on_use_helper
                0x0000000010008524       0x2c CMakeFiles/minerMaster.dir/__/__/libraries/pico-sdk/src/rp2_common/pico_double/double_v1_rom_shim.S.obj
                0x0000000010008524                double_table_shim_on_use_helper
 .text.__wrap___aeabi_dsub
                0x0000000010008550       0x10 CMakeFiles/minerMaster.dir/__/__/libraries/pico-sdk/src/rp2_common/pico_double/double_v1_rom_shim.S.obj
                0x0000000010008550                drsub_shim
                0x0000000010008556                dsub_shim
 .text.dadd_shim
                0x0000000010008560      0x15c CMakeFiles/minerMaster.dir/__/__/libraries/pico-sdk/src/rp2_common/pico_double/double_v1_rom_shim.S.obj
                0x0000000010008560                dadd_shim
 .text.dmul_shim
                0x00000000100086bc      0x15c CMakeFiles/minerMaster.dir/__/__/libraries/pico-sdk/src/rp2_common/pico_double/double_v1_rom_shim.S.obj
                0x00000000100086bc                dmul_shim
 .text.ddiv_shim
                0x0000000010008818      0x1b0 CMakeFiles/minerMaster.dir/__/__/libraries/pico-sdk/src/rp2_common/pico_double/double_v1_rom_shim.S.obj
                0x0000000010008818                ddiv_shim
 .text.double2uint_shim
                0x00000000100089c8        0xe CMakeFiles/minerMaster.dir/__/__/libraries/pico-sdk/src/rp2_common/pico_double/double_v1_rom_shim.S.obj
                0x00000000100089c8                double2uint_shim
                0x00000000100089ca                double2ufix_shim
 *fill*         0x00000000100089d6        0x2 
 .text.double2uint64_shim
                0x00000000100089d8       0x70 CMakeFiles/minerMaster.dir/__/__/libraries/pico-sdk/src/rp2_common/pico_double/double_v1_rom_shim.S.obj
                0x00000000100089d8                double2uint64_shim
                0x00000000100089da                double2ufix64_shim
                0x00000000100089fa                d2fix_a
 .text.double2float_shim
                0x0000000010008a48       0x5c CMakeFiles/minerMaster.dir/__/__/libraries/pico-sdk/src/rp2_common/pico_double/double_v1_rom_shim.S.obj
                0x0000000010008a48                double2float_shim
 .text.dunpacks
                0x0000000010008aa4       0x3c CMakeFiles/minerMaster.dir/__/__/libraries/pico-sdk/src/rp2_common/pico_double/double_v1_rom_shim.S.obj
                0x0000000010008aa4                dunpacks
 .text.__aeabi_lmul
                0x0000000010008ae0       0x32 CMakeFiles/minerMaster.dir/__/__/libraries/pico-sdk/src/rp2_common/pico_int64_ops/pico_int64_ops_aeabi.S.obj
                0x0000000010008ae0                __wrap___aeabi_lmul
 *fill*         0x0000000010008b12        0x2 
 .text.__wrap___aeabi_farithmetic
                0x0000000010008b14       0x48 CMakeFiles/minerMaster.dir/__/__/libraries/pico-sdk/src/rp2_common/pico_float/float_aeabi.S.obj
                0x0000000010008b14                __wrap___aeabi_frsub
                0x0000000010008b1a                __wrap___aeabi_fsub
                0x0000000010008b20                __wrap___aeabi_fadd
                0x0000000010008b26                __wrap___aeabi_fdiv
                0x0000000010008b4e                __wrap___aeabi_fmul
 .text.__wrap___aeabi_i2f
                0x0000000010008b5c       0x44 CMakeFiles/minerMaster.dir/__/__/libraries/pico-sdk/src/rp2_common/pico_float/float_aeabi.S.obj
                0x0000000010008b5c                __wrap___aeabi_i2f
 .text.__wrap___aeabi_f2d
                0x0000000010008ba0       0x14 CMakeFiles/minerMaster.dir/__/__/libraries/pico-sdk/src/rp2_common/pico_float/float_aeabi.S.obj
                0x0000000010008ba0                __wrap___aeabi_f2d
 .text.__aeabi_float_init
                0x0000000010008bb4       0x64 CMakeFiles/minerMaster.dir/__/__/libraries/pico-sdk/src/rp2_common/pico_float/float_init_rom.c.obj
                0x0000000010008bb4                __aeabi_float_init
 .text.float_table_shim_on_use_helper
                0x0000000010008c18       0x2c CMakeFiles/minerMaster.dir/__/__/libraries/pico-sdk/src/rp2_common/pico_float/float_v1_rom_shim.S.obj
                0x0000000010008c18                float_table_shim_on_use_helper
 .text.float2double_shim
                0x0000000010008c44       0x30 CMakeFiles/minerMaster.dir/__/__/libraries/pico-sdk/src/rp2_common/pico_float/float_v1_rom_shim.S.obj
                0x0000000010008c44                float2double_shim
 .text.__wrap_malloc
                0x0000000010008c74       0x3c CMakeFiles/minerMaster.dir/__/__/libraries/pico-sdk/src/rp2_common/pico_malloc/pico_malloc.c.obj
                0x0000000010008c74                __wrap_malloc
 .text.__wrap_calloc
                0x0000000010008cb0       0x40 CMakeFiles/minerMaster.dir/__/__/libraries/pico-sdk/src/rp2_common/pico_malloc/pico_malloc.c.obj
                0x0000000010008cb0                __wrap_calloc
 .text.__wrap_free
                0x0000000010008cf0       0x20 CMakeFiles/minerMaster.dir/__/__/libraries/pico-sdk/src/rp2_common/pico_malloc/pico_malloc.c.obj
                0x0000000010008cf0                __wrap_free
 .text          0x0000000010008d10       0x10 CMakeFiles/minerMaster.dir/__/__/libraries/pico-sdk/src/rp2_common/pico_mem_ops/mem_ops_aeabi.S.obj
                0x0000000010008d10                __aeabi_mem_init
 .text.memset   0x0000000010008d20        0xc CMakeFiles/minerMaster.dir/__/__/libraries/pico-sdk/src/rp2_common/pico_mem_ops/mem_ops_aeabi.S.obj
                0x0000000010008d20                __wrap_memset
 .text.memcpy   0x0000000010008d2c        0xc CMakeFiles/minerMaster.dir/__/__/libraries/pico-sdk/src/rp2_common/pico_mem_ops/mem_ops_aeabi.S.obj
                0x0000000010008d2c                __wrap___aeabi_memcpy
                0x0000000010008d2c                __wrap_memcpy
 .text.stdio_out_chars_no_crlf
                0x0000000010008d38       0x10 CMakeFiles/minerMaster.dir/__/__/libraries/pico-sdk/src/rp2_common/pico_stdio/stdio.c.obj
 .text.stdio_out_chars_crlf
                0x0000000010008d48       0xb4 CMakeFiles/minerMaster.dir/__/__/libraries/pico-sdk/src/rp2_common/pico_stdio/stdio.c.obj
 .text.stdio_buffered_printer
                0x0000000010008dfc       0x64 CMakeFiles/minerMaster.dir/__/__/libraries/pico-sdk/src/rp2_common/pico_stdio/stdio.c.obj
 .text.stdio_put_string.isra.0
                0x0000000010008e60       0xfc CMakeFiles/minerMaster.dir/__/__/libraries/pico-sdk/src/rp2_common/pico_stdio/stdio.c.obj
 .text.__wrap_putchar
                0x0000000010008f5c       0xa0 CMakeFiles/minerMaster.dir/__/__/libraries/pico-sdk/src/rp2_common/pico_stdio/stdio.c.obj
                0x0000000010008f5c                __wrap_putchar
 .text.__wrap_puts
                0x0000000010008ffc       0x3c CMakeFiles/minerMaster.dir/__/__/libraries/pico-sdk/src/rp2_common/pico_stdio/stdio.c.obj
                0x0000000010008ffc                __wrap_puts
 .text.stdio_set_driver_enabled
                0x0000000010009038       0x3c CMakeFiles/minerMaster.dir/__/__/libraries/pico-sdk/src/rp2_common/pico_stdio/stdio.c.obj
                0x0000000010009038                stdio_set_driver_enabled
 .text.__wrap_vprintf
                0x0000000010009074       0xd8 CMakeFiles/minerMaster.dir/__/__/libraries/pico-sdk/src/rp2_common/pico_stdio/stdio.c.obj
                0x0000000010009074                __wrap_vprintf
 .text.__wrap_printf
                0x000000001000914c       0x18 CMakeFiles/minerMaster.dir/__/__/libraries/pico-sdk/src/rp2_common/pico_stdio/stdio.c.obj
                0x000000001000914c                __wrap_printf
 .text.stdio_init_all
                0x0000000010009164        0x8 CMakeFiles/minerMaster.dir/__/__/libraries/pico-sdk/src/rp2_common/pico_stdio/stdio.c.obj
                0x0000000010009164                stdio_init_all
 .text.stdio_uart_out_chars
                0x000000001000916c       0x4c CMakeFiles/minerMaster.dir/__/__/libraries/pico-sdk/src/rp2_common/pico_stdio_uart/stdio_uart.c.obj
 .text.stdio_uart_in_chars
                0x00000000100091b8       0x38 CMakeFiles/minerMaster.dir/__/__/libraries/pico-sdk/src/rp2_common/pico_stdio_uart/stdio_uart.c.obj
                0x00000000100091b8                stdio_uart_in_chars
 .text.stdio_uart_init
                0x00000000100091f0       0x48 CMakeFiles/minerMaster.dir/__/__/libraries/pico-sdk/src/rp2_common/pico_stdio_uart/stdio_uart.c.obj
                0x00000000100091f0                stdio_uart_init
 .text.default_ip_assign
                0x0000000010009238       0x30 CMakeFiles/minerMaster.dir/__/__/libraries/ioLibrary_Driver/Internet/DHCP/dhcp.c.obj
                0x0000000010009238                default_ip_assign
 .text.default_ip_conflict
                0x0000000010009268       0x20 CMakeFiles/minerMaster.dir/__/__/libraries/ioLibrary_Driver/Internet/DHCP/dhcp.c.obj
                0x0000000010009268                default_ip_conflict
 .text.default_ip_update
                0x0000000010009288       0x4c CMakeFiles/minerMaster.dir/__/__/libraries/ioLibrary_Driver/Internet/DHCP/dhcp.c.obj
                0x0000000010009288                default_ip_update
 .text.reg_dhcp_cbfunc
                0x00000000100092d4       0x40 CMakeFiles/minerMaster.dir/__/__/libraries/ioLibrary_Driver/Internet/DHCP/dhcp.c.obj
                0x00000000100092d4                reg_dhcp_cbfunc
 .text.makeDHCPMSG
                0x0000000010009314       0x84 CMakeFiles/minerMaster.dir/__/__/libraries/ioLibrary_Driver/Internet/DHCP/dhcp.c.obj
                0x0000000010009314                makeDHCPMSG
 .text.send_DHCP_DISCOVER
                0x0000000010009398      0x280 CMakeFiles/minerMaster.dir/__/__/libraries/ioLibrary_Driver/Internet/DHCP/dhcp.c.obj
                0x0000000010009398                send_DHCP_DISCOVER
 .text.send_DHCP_REQUEST
                0x0000000010009618      0x3dc CMakeFiles/minerMaster.dir/__/__/libraries/ioLibrary_Driver/Internet/DHCP/dhcp.c.obj
                0x0000000010009618                send_DHCP_REQUEST
 .text.send_DHCP_DECLINE
                0x00000000100099f4       0xac CMakeFiles/minerMaster.dir/__/__/libraries/ioLibrary_Driver/Internet/DHCP/dhcp.c.obj
                0x00000000100099f4                send_DHCP_DECLINE
 .text.parseDHCPMSG
                0x0000000010009aa0      0x1bc CMakeFiles/minerMaster.dir/__/__/libraries/ioLibrary_Driver/Internet/DHCP/dhcp.c.obj
                0x0000000010009aa0                parseDHCPMSG
 .text.check_DHCP_timeout
                0x0000000010009c5c       0xac CMakeFiles/minerMaster.dir/__/__/libraries/ioLibrary_Driver/Internet/DHCP/dhcp.c.obj
                0x0000000010009c5c                check_DHCP_timeout
 .text.DHCP_run
                0x0000000010009d08      0x208 CMakeFiles/minerMaster.dir/__/__/libraries/ioLibrary_Driver/Internet/DHCP/dhcp.c.obj
                0x0000000010009d08                DHCP_run
 .text.DHCP_init
                0x0000000010009f10       0xb8 CMakeFiles/minerMaster.dir/__/__/libraries/ioLibrary_Driver/Internet/DHCP/dhcp.c.obj
                0x0000000010009f10                DHCP_init
 .text.DHCP_time_handler
                0x0000000010009fc8       0x10 CMakeFiles/minerMaster.dir/__/__/libraries/ioLibrary_Driver/Internet/DHCP/dhcp.c.obj
                0x0000000010009fc8                DHCP_time_handler
 .text.getIPfromDHCP
                0x0000000010009fd8       0x18 CMakeFiles/minerMaster.dir/__/__/libraries/ioLibrary_Driver/Internet/DHCP/dhcp.c.obj
                0x0000000010009fd8                getIPfromDHCP
 .text.getGWfromDHCP
                0x0000000010009ff0       0x18 CMakeFiles/minerMaster.dir/__/__/libraries/ioLibrary_Driver/Internet/DHCP/dhcp.c.obj
                0x0000000010009ff0                getGWfromDHCP
 .text.getSNfromDHCP
                0x000000001000a008       0x18 CMakeFiles/minerMaster.dir/__/__/libraries/ioLibrary_Driver/Internet/DHCP/dhcp.c.obj
                0x000000001000a008                getSNfromDHCP
 .text.getDNSfromDHCP
                0x000000001000a020       0x18 CMakeFiles/minerMaster.dir/__/__/libraries/ioLibrary_Driver/Internet/DHCP/dhcp.c.obj
                0x000000001000a020                getDNSfromDHCP
 .text.getDHCPLeasetime
                0x000000001000a038        0xc CMakeFiles/minerMaster.dir/__/__/libraries/ioLibrary_Driver/Internet/DHCP/dhcp.c.obj
                0x000000001000a038                getDHCPLeasetime
 .text.parse_name
                0x000000001000a044      0x148 CMakeFiles/minerMaster.dir/__/__/libraries/ioLibrary_Driver/Internet/DNS/dns.c.obj
                0x000000001000a044                parse_name
 .text.dns_answer
                0x000000001000a18c       0xb4 CMakeFiles/minerMaster.dir/__/__/libraries/ioLibrary_Driver/Internet/DNS/dns.c.obj
                0x000000001000a18c                dns_answer
 .text.parseDNSMSG
                0x000000001000a240       0xf0 CMakeFiles/minerMaster.dir/__/__/libraries/ioLibrary_Driver/Internet/DNS/dns.c.obj
                0x000000001000a240                parseDNSMSG
 .text.dns_makequery
                0x000000001000a330       0xc0 CMakeFiles/minerMaster.dir/__/__/libraries/ioLibrary_Driver/Internet/DNS/dns.c.obj
                0x000000001000a330                dns_makequery
 .text.DNS_init
                0x000000001000a3f0       0x20 CMakeFiles/minerMaster.dir/__/__/libraries/ioLibrary_Driver/Internet/DNS/dns.c.obj
                0x000000001000a3f0                DNS_init
 .text.DNS_time_handler
                0x000000001000a410       0x10 CMakeFiles/minerMaster.dir/__/__/libraries/ioLibrary_Driver/Internet/DNS/dns.c.obj
                0x000000001000a410                DNS_time_handler
 .text.getZeroTimestampMs
                0x000000001000a420        0x4 CMakeFiles/minerMaster.dir/__/__/libraries/aws-iot-device-sdk-embedded-C/libraries/standard/coreHTTP/source/core_http_client.c.obj
 .text.httpParserOnMessageBeginCallback
                0x000000001000a424        0xc CMakeFiles/minerMaster.dir/__/__/libraries/aws-iot-device-sdk-embedded-C/libraries/standard/coreHTTP/source/core_http_client.c.obj
 .text.httpParserOnStatusCallback
                0x000000001000a430       0x1c CMakeFiles/minerMaster.dir/__/__/libraries/aws-iot-device-sdk-embedded-C/libraries/standard/coreHTTP/source/core_http_client.c.obj
 .text.httpParserOnHeaderValueCallback
                0x000000001000a44c       0x1c CMakeFiles/minerMaster.dir/__/__/libraries/aws-iot-device-sdk-embedded-C/libraries/standard/coreHTTP/source/core_http_client.c.obj
 .text.httpParserOnMessageCompleteCallback
                0x000000001000a468        0xc CMakeFiles/minerMaster.dir/__/__/libraries/aws-iot-device-sdk-embedded-C/libraries/standard/coreHTTP/source/core_http_client.c.obj
 .text.httpParserOnBodyCallback
                0x000000001000a474       0x34 CMakeFiles/minerMaster.dir/__/__/libraries/aws-iot-device-sdk-embedded-C/libraries/standard/coreHTTP/source/core_http_client.c.obj
 .text.httpParserOnHeadersCompleteCallback
                0x000000001000a4a8       0x8c CMakeFiles/minerMaster.dir/__/__/libraries/aws-iot-device-sdk-embedded-C/libraries/standard/coreHTTP/source/core_http_client.c.obj
 .text.httpParserOnHeaderFieldCallback
                0x000000001000a534       0x60 CMakeFiles/minerMaster.dir/__/__/libraries/aws-iot-device-sdk-embedded-C/libraries/standard/coreHTTP/source/core_http_client.c.obj
 .text.HTTPClient_InitializeRequestHeaders
                0x000000001000a594      0x2c0 CMakeFiles/minerMaster.dir/__/__/libraries/aws-iot-device-sdk-embedded-C/libraries/standard/coreHTTP/source/core_http_client.c.obj
                0x000000001000a594                HTTPClient_InitializeRequestHeaders
 .text.HTTPClient_AddHeader
                0x000000001000a854       0xd8 CMakeFiles/minerMaster.dir/__/__/libraries/aws-iot-device-sdk-embedded-C/libraries/standard/coreHTTP/source/core_http_client.c.obj
                0x000000001000a854                HTTPClient_AddHeader
 .text.HTTPClient_Send
                0x000000001000a92c      0x430 CMakeFiles/minerMaster.dir/__/__/libraries/aws-iot-device-sdk-embedded-C/libraries/standard/coreHTTP/source/core_http_client.c.obj
                0x000000001000a92c                HTTPClient_Send
 .text.HTTPClient_strerror
                0x000000001000ad5c       0x14 CMakeFiles/minerMaster.dir/__/__/libraries/aws-iot-device-sdk-embedded-C/libraries/standard/coreHTTP/source/core_http_client.c.obj
                0x000000001000ad5c                HTTPClient_strerror
 .text.parse_url_char
                0x000000001000ad70      0x1b0 CMakeFiles/minerMaster.dir/__/__/libraries/aws-iot-device-sdk-embedded-C/libraries/standard/coreHTTP/source/dependency/3rdparty/http_parser/http_parser.c.obj
 .text.http_should_keep_alive
                0x000000001000af20       0x68 CMakeFiles/minerMaster.dir/__/__/libraries/aws-iot-device-sdk-embedded-C/libraries/standard/coreHTTP/source/dependency/3rdparty/http_parser/http_parser.c.obj
                0x000000001000af20                http_should_keep_alive
 .text.http_parser_execute
                0x000000001000af88     0x34a8 CMakeFiles/minerMaster.dir/__/__/libraries/aws-iot-device-sdk-embedded-C/libraries/standard/coreHTTP/source/dependency/3rdparty/http_parser/http_parser.c.obj
                0x000000001000af88                http_parser_execute
 .text.http_parser_init
                0x000000001000e430       0x3c CMakeFiles/minerMaster.dir/__/__/libraries/aws-iot-device-sdk-embedded-C/libraries/standard/coreHTTP/source/dependency/3rdparty/http_parser/http_parser.c.obj
                0x000000001000e430                http_parser_init
 .text.http_parser_settings_init
                0x000000001000e46c        0xc CMakeFiles/minerMaster.dir/__/__/libraries/aws-iot-device-sdk-embedded-C/libraries/standard/coreHTTP/source/dependency/3rdparty/http_parser/http_parser.c.obj
                0x000000001000e46c                http_parser_settings_init
 .text.http_parser_url_init
                0x000000001000e478        0xc CMakeFiles/minerMaster.dir/__/__/libraries/aws-iot-device-sdk-embedded-C/libraries/standard/coreHTTP/source/dependency/3rdparty/http_parser/http_parser.c.obj
                0x000000001000e478                http_parser_url_init
 .text.http_parser_parse_url
                0x000000001000e484      0x9d4 CMakeFiles/minerMaster.dir/__/__/libraries/aws-iot-device-sdk-embedded-C/libraries/standard/coreHTTP/source/dependency/3rdparty/http_parser/http_parser.c.obj
                0x000000001000e484                http_parser_parse_url
 .text.http_parser_set_max_header_size
                0x000000001000ee58        0xc CMakeFiles/minerMaster.dir/__/__/libraries/aws-iot-device-sdk-embedded-C/libraries/standard/coreHTTP/source/dependency/3rdparty/http_parser/http_parser.c.obj
                0x000000001000ee58                http_parser_set_max_header_size
 .text.skipSpaceAndComma
                0x000000001000ee64       0x90 CMakeFiles/minerMaster.dir/__/__/libraries/aws-iot-device-sdk-embedded-C/libraries/standard/coreJSON/source/core_json.c.obj
 .text.skipOneHexEscape
                0x000000001000eef4       0xf8 CMakeFiles/minerMaster.dir/__/__/libraries/aws-iot-device-sdk-embedded-C/libraries/standard/coreJSON/source/core_json.c.obj
 .text.skipString
                0x000000001000efec      0x1b8 CMakeFiles/minerMaster.dir/__/__/libraries/aws-iot-device-sdk-embedded-C/libraries/standard/coreJSON/source/core_json.c.obj
 .text.skipAnyScalar
                0x000000001000f1a4      0x304 CMakeFiles/minerMaster.dir/__/__/libraries/aws-iot-device-sdk-embedded-C/libraries/standard/coreJSON/source/core_json.c.obj
 .text.skipScalars
                0x000000001000f4a8      0x11c CMakeFiles/minerMaster.dir/__/__/libraries/aws-iot-device-sdk-embedded-C/libraries/standard/coreJSON/source/core_json.c.obj
 .text.skipCollection
                0x000000001000f5c4       0xb8 CMakeFiles/minerMaster.dir/__/__/libraries/aws-iot-device-sdk-embedded-C/libraries/standard/coreJSON/source/core_json.c.obj
 .text.nextKeyValuePair
                0x000000001000f67c       0xc8 CMakeFiles/minerMaster.dir/__/__/libraries/aws-iot-device-sdk-embedded-C/libraries/standard/coreJSON/source/core_json.c.obj
 .text.multiSearch.constprop.0
                0x000000001000f744      0x2a4 CMakeFiles/minerMaster.dir/__/__/libraries/aws-iot-device-sdk-embedded-C/libraries/standard/coreJSON/source/core_json.c.obj
 .text.JSON_Validate
                0x000000001000f9e8       0xa4 CMakeFiles/minerMaster.dir/__/__/libraries/aws-iot-device-sdk-embedded-C/libraries/standard/coreJSON/source/core_json.c.obj
                0x000000001000f9e8                JSON_Validate
 .text.JSON_SearchT
                0x000000001000fa8c       0x98 CMakeFiles/minerMaster.dir/__/__/libraries/aws-iot-device-sdk-embedded-C/libraries/standard/coreJSON/source/core_json.c.obj
                0x000000001000fa8c                JSON_SearchT
 .text.netif_initialize
                0x000000001000fb24       0x38 CMakeFiles/minerMaster.dir/__/__/port/lwip/src/w5x00_lwip.c.obj
                0x000000001000fb24                netif_initialize
 .text.netif_link_callback
                0x000000001000fb5c       0x24 CMakeFiles/minerMaster.dir/__/__/port/lwip/src/w5x00_lwip.c.obj
                0x000000001000fb5c                netif_link_callback
 .text.netif_status_callback
                0x000000001000fb80       0x18 CMakeFiles/minerMaster.dir/__/__/port/lwip/src/w5x00_lwip.c.obj
                0x000000001000fb80                netif_status_callback
 .text.wizchip_lwip_init
                0x000000001000fb98      0x114 CMakeFiles/minerMaster.dir/__/__/port/lwip/src/w5x00_lwip.c.obj
                0x000000001000fb98                wizchip_lwip_init
 .text.send_lwip
                0x000000001000fcac       0x84 CMakeFiles/minerMaster.dir/__/__/port/lwip/src/w5x00_lwip.c.obj
                0x000000001000fcac                send_lwip
 .text.netif_output
                0x000000001000fd30       0x54 CMakeFiles/minerMaster.dir/__/__/port/lwip/src/w5x00_lwip.c.obj
                0x000000001000fd30                netif_output
 .text.recv_lwip
                0x000000001000fd84       0x80 CMakeFiles/minerMaster.dir/__/__/port/lwip/src/w5x00_lwip.c.obj
                0x000000001000fd84                recv_lwip
 .text.wizchip_lwip_process
                0x000000001000fe04       0x84 CMakeFiles/minerMaster.dir/__/__/port/lwip/src/w5x00_lwip.c.obj
                0x000000001000fe04                wizchip_lwip_process
 .text.wizchip_1ms_timer_callback
                0x000000001000fe88       0x14 CMakeFiles/minerMaster.dir/__/__/port/timer/timer.c.obj
                0x000000001000fe88                wizchip_1ms_timer_callback
 .text.wizchip_1ms_timer_initialize
                0x000000001000fe9c       0x38 CMakeFiles/minerMaster.dir/__/__/port/timer/timer.c.obj
                0x000000001000fe9c                wizchip_1ms_timer_initialize
 .text.wizchip_delay_ms
                0x000000001000fed4        0x8 CMakeFiles/minerMaster.dir/__/__/port/timer/timer.c.obj
                0x000000001000fed4                wizchip_delay_ms
 .text._ZN10CharBufferC2Ev
                0x000000001000fedc        0xc CMakeFiles/minerMaster.dir/__/__/port/utils/src/charbuffer.cpp.obj
                0x000000001000fedc                CharBuffer::CharBuffer()
                0x000000001000fedc                CharBuffer::CharBuffer()
 .text._ZN10CharBuffer6lengthEv
                0x000000001000fee8        0x8 CMakeFiles/minerMaster.dir/__/__/port/utils/src/charbuffer.cpp.obj
                0x000000001000fee8                CharBuffer::length()
 .text._ZN10CharBuffer5writeEc
                0x000000001000fef0       0x2c CMakeFiles/minerMaster.dir/__/__/port/utils/src/charbuffer.cpp.obj
                0x000000001000fef0                CharBuffer::write(char)
 .text._ZN10CharBuffer4readEv
                0x000000001000ff1c       0x28 CMakeFiles/minerMaster.dir/__/__/port/utils/src/charbuffer.cpp.obj
                0x000000001000ff1c                CharBuffer::read()
 .text._ZN10CharBuffer15readStringUntilEiPc
                0x000000001000ff44       0x54 CMakeFiles/minerMaster.dir/__/__/port/utils/src/charbuffer.cpp.obj
                0x000000001000ff44                CharBuffer::readStringUntil(int, char*)
 .text._ZN10CharBuffer9setBufferEPci
                0x000000001000ff98       0x20 CMakeFiles/minerMaster.dir/__/__/port/utils/src/charbuffer.cpp.obj
                0x000000001000ff98                CharBuffer::setBuffer(char*, int)
 .text._ZN10CharBuffer5clearEv
                0x000000001000ffb8       0x14 CMakeFiles/minerMaster.dir/__/__/port/utils/src/charbuffer.cpp.obj
                0x000000001000ffb8                CharBuffer::clear()
 .text.hardwareInit
                0x000000001000ffcc       0x60 CMakeFiles/minerMaster.dir/__/__/port/utils/src/hwSetupUtils.c.obj
                0x000000001000ffcc                hardwareInit
 .text.set_clock_khz
                0x000000001001002c       0x44 CMakeFiles/minerMaster.dir/__/__/port/utils/src/hwSetupUtils.c.obj
                0x000000001001002c                set_clock_khz
 .text._ZN7TwoWire5beginEv
                0x0000000010010070       0x34 CMakeFiles/minerMaster.dir/__/__/port/utils/src/Wire.cpp.obj
                0x0000000010010070                TwoWire::begin()
 .text._ZN7TwoWire17beginTransmissionEh
                0x00000000100100a4        0xc CMakeFiles/minerMaster.dir/__/__/port/utils/src/Wire.cpp.obj
                0x00000000100100a4                TwoWire::beginTransmission(unsigned char)
 .text._ZN7TwoWire15endTransmissionEb
                0x00000000100100b0       0x6c CMakeFiles/minerMaster.dir/__/__/port/utils/src/Wire.cpp.obj
                0x00000000100100b0                TwoWire::endTransmission(bool)
 .text._ZN7TwoWire11requestFromEhjb
                0x000000001001011c       0x7c CMakeFiles/minerMaster.dir/__/__/port/utils/src/Wire.cpp.obj
                0x000000001001011c                TwoWire::requestFrom(unsigned char, unsigned int, bool)
 .text._ZN7TwoWire5writeEh
                0x0000000010010198       0x40 CMakeFiles/minerMaster.dir/__/__/port/utils/src/Wire.cpp.obj
                0x0000000010010198                TwoWire::write(unsigned char)
 .text._ZN7TwoWire5writeEPKhj
                0x00000000100101d8       0x7c CMakeFiles/minerMaster.dir/__/__/port/utils/src/Wire.cpp.obj
                0x00000000100101d8                TwoWire::write(unsigned char const*, unsigned int)
 .text.startup._GLOBAL__sub_I_Wire
                0x0000000010010254       0x2c CMakeFiles/minerMaster.dir/__/__/port/utils/src/Wire.cpp.obj
 .text.i2c_slave_deinit
                0x0000000010010280       0x60 CMakeFiles/minerMaster.dir/__/__/port/i2c_slave/i2c_slave.c.obj
                0x0000000010010280                i2c_slave_deinit
 .text.startup._retrieve_unique_id_on_boot
                0x00000000100102e0       0x10 CMakeFiles/minerMaster.dir/__/__/libraries/pico-sdk/src/rp2_common/pico_unique_id/unique_id.c.obj
 .text.flash_get_unique_id
                0x00000000100102f0       0x40 CMakeFiles/minerMaster.dir/__/__/libraries/pico-sdk/src/rp2_common/hardware_flash/flash.c.obj
                0x00000000100102f0                flash_get_unique_id
 .text.i2c_write_blocking_internal
                0x0000000010010330      0x198 CMakeFiles/minerMaster.dir/__/__/libraries/pico-sdk/src/rp2_common/hardware_i2c/i2c.c.obj
 .text.i2c_read_blocking_internal
                0x00000000100104c8      0x110 CMakeFiles/minerMaster.dir/__/__/libraries/pico-sdk/src/rp2_common/hardware_i2c/i2c.c.obj
 .text.i2c_set_baudrate
                0x00000000100105d8       0xc4 CMakeFiles/minerMaster.dir/__/__/libraries/pico-sdk/src/rp2_common/hardware_i2c/i2c.c.obj
                0x00000000100105d8                i2c_set_baudrate
 .text.i2c_init
                0x000000001001069c       0x54 CMakeFiles/minerMaster.dir/__/__/libraries/pico-sdk/src/rp2_common/hardware_i2c/i2c.c.obj
                0x000000001001069c                i2c_init
 .text.i2c_set_slave_mode
                0x00000000100106f0       0x40 CMakeFiles/minerMaster.dir/__/__/libraries/pico-sdk/src/rp2_common/hardware_i2c/i2c.c.obj
                0x00000000100106f0                i2c_set_slave_mode
 .text.i2c_write_blocking_until
                0x0000000010010730       0x48 CMakeFiles/minerMaster.dir/__/__/libraries/pico-sdk/src/rp2_common/hardware_i2c/i2c.c.obj
                0x0000000010010730                i2c_write_blocking_until
 .text.i2c_read_blocking
                0x0000000010010778       0xac CMakeFiles/minerMaster.dir/__/__/libraries/pico-sdk/src/rp2_common/hardware_i2c/i2c.c.obj
                0x0000000010010778                i2c_read_blocking
 .text.i2c_read_blocking_until
                0x0000000010010824       0x48 CMakeFiles/minerMaster.dir/__/__/libraries/pico-sdk/src/rp2_common/hardware_i2c/i2c.c.obj
                0x0000000010010824                i2c_read_blocking_until
 .text.spi_init
                0x000000001001086c       0xf8 CMakeFiles/minerMaster.dir/__/__/libraries/pico-sdk/src/rp2_common/hardware_spi/spi.c.obj
                0x000000001001086c                spi_init
 .text.lwip_htons
                0x0000000010010964        0x8 CMakeFiles/minerMaster.dir/__/__/libraries/pico-extras/lib/lwip/src/core/def.c.obj
                0x0000000010010964                lwip_htons
 .text.lwip_htonl
                0x000000001001096c        0x4 CMakeFiles/minerMaster.dir/__/__/libraries/pico-extras/lib/lwip/src/core/def.c.obj
                0x000000001001096c                lwip_htonl
 .text.dns_call_found
                0x0000000010010970      0x134 CMakeFiles/minerMaster.dir/__/__/libraries/pico-extras/lib/lwip/src/core/dns.c.obj
 .text.dns_send.isra.0
                0x0000000010010aa4      0x158 CMakeFiles/minerMaster.dir/__/__/libraries/pico-extras/lib/lwip/src/core/dns.c.obj
 .text.dns_init
                0x0000000010010bfc        0x4 CMakeFiles/minerMaster.dir/__/__/libraries/pico-extras/lib/lwip/src/core/dns.c.obj
                0x0000000010010bfc                dns_init
 .text.dns_setserver
                0x0000000010010c00       0x2c CMakeFiles/minerMaster.dir/__/__/libraries/pico-extras/lib/lwip/src/core/dns.c.obj
                0x0000000010010c00                dns_setserver
 .text.dns_tmr  0x0000000010010c2c      0x12c CMakeFiles/minerMaster.dir/__/__/libraries/pico-extras/lib/lwip/src/core/dns.c.obj
                0x0000000010010c2c                dns_tmr
 .text.lwip_standard_chksum
                0x0000000010010d58       0x80 CMakeFiles/minerMaster.dir/__/__/libraries/pico-extras/lib/lwip/src/core/inet_chksum.c.obj
                0x0000000010010d58                lwip_standard_chksum
 .text.inet_chksum_pseudo
                0x0000000010010dd8       0xb4 CMakeFiles/minerMaster.dir/__/__/libraries/pico-extras/lib/lwip/src/core/inet_chksum.c.obj
                0x0000000010010dd8                inet_chksum_pseudo
 .text.ip_chksum_pseudo
                0x0000000010010e8c       0x10 CMakeFiles/minerMaster.dir/__/__/libraries/pico-extras/lib/lwip/src/core/inet_chksum.c.obj
                0x0000000010010e8c                ip_chksum_pseudo
 .text.inet_chksum
                0x0000000010010e9c       0x8c CMakeFiles/minerMaster.dir/__/__/libraries/pico-extras/lib/lwip/src/core/inet_chksum.c.obj
                0x0000000010010e9c                inet_chksum
 .text.inet_chksum_pbuf
                0x0000000010010f28       0x6c CMakeFiles/minerMaster.dir/__/__/libraries/pico-extras/lib/lwip/src/core/inet_chksum.c.obj
                0x0000000010010f28                inet_chksum_pbuf
 .text.lwip_init
                0x0000000010010f94       0x24 CMakeFiles/minerMaster.dir/__/__/libraries/pico-extras/lib/lwip/src/core/init.c.obj
                0x0000000010010f94                lwip_init
 .text.mem_init
                0x0000000010010fb8       0x48 CMakeFiles/minerMaster.dir/__/__/libraries/pico-extras/lib/lwip/src/core/mem.c.obj
                0x0000000010010fb8                mem_init
 .text.mem_free
                0x0000000010011000      0x128 CMakeFiles/minerMaster.dir/__/__/libraries/pico-extras/lib/lwip/src/core/mem.c.obj
                0x0000000010011000                mem_free
 .text.mem_trim
                0x0000000010011128      0x144 CMakeFiles/minerMaster.dir/__/__/libraries/pico-extras/lib/lwip/src/core/mem.c.obj
                0x0000000010011128                mem_trim
 .text.mem_malloc
                0x000000001001126c      0x130 CMakeFiles/minerMaster.dir/__/__/libraries/pico-extras/lib/lwip/src/core/mem.c.obj
                0x000000001001126c                mem_malloc
 .text.memp_init
                0x000000001001139c       0xa0 CMakeFiles/minerMaster.dir/__/__/libraries/pico-extras/lib/lwip/src/core/memp.c.obj
                0x000000001001139c                memp_init
 .text.memp_malloc
                0x000000001001143c       0x54 CMakeFiles/minerMaster.dir/__/__/libraries/pico-extras/lib/lwip/src/core/memp.c.obj
                0x000000001001143c                memp_malloc
 .text.memp_free
                0x0000000010011490       0x3c CMakeFiles/minerMaster.dir/__/__/libraries/pico-extras/lib/lwip/src/core/memp.c.obj
                0x0000000010011490                memp_free
 .text.netif_null_output_ip4
                0x00000000100114cc        0x8 CMakeFiles/minerMaster.dir/__/__/libraries/pico-extras/lib/lwip/src/core/netif.c.obj
 .text.netif_init
                0x00000000100114d4        0x4 CMakeFiles/minerMaster.dir/__/__/libraries/pico-extras/lib/lwip/src/core/netif.c.obj
                0x00000000100114d4                netif_init
 .text.netif_input
                0x00000000100114d8       0x18 CMakeFiles/minerMaster.dir/__/__/libraries/pico-extras/lib/lwip/src/core/netif.c.obj
                0x00000000100114d8                netif_input
 .text.netif_set_addr
                0x00000000100114f0       0xf0 CMakeFiles/minerMaster.dir/__/__/libraries/pico-extras/lib/lwip/src/core/netif.c.obj
                0x00000000100114f0                netif_set_addr
 .text.netif_add
                0x00000000100115e0      0x104 CMakeFiles/minerMaster.dir/__/__/libraries/pico-extras/lib/lwip/src/core/netif.c.obj
                0x00000000100115e0                netif_add
 .text.netif_set_default
                0x00000000100116e4        0xc CMakeFiles/minerMaster.dir/__/__/libraries/pico-extras/lib/lwip/src/core/netif.c.obj
                0x00000000100116e4                netif_set_default
 .text.netif_set_up
                0x00000000100116f0       0x4c CMakeFiles/minerMaster.dir/__/__/libraries/pico-extras/lib/lwip/src/core/netif.c.obj
                0x00000000100116f0                netif_set_up
 .text.netif_set_status_callback
                0x000000001001173c        0x8 CMakeFiles/minerMaster.dir/__/__/libraries/pico-extras/lib/lwip/src/core/netif.c.obj
                0x000000001001173c                netif_set_status_callback
 .text.netif_set_link_up
                0x0000000010011744       0x50 CMakeFiles/minerMaster.dir/__/__/libraries/pico-extras/lib/lwip/src/core/netif.c.obj
                0x0000000010011744                netif_set_link_up
 .text.netif_set_link_callback
                0x0000000010011794        0x8 CMakeFiles/minerMaster.dir/__/__/libraries/pico-extras/lib/lwip/src/core/netif.c.obj
                0x0000000010011794                netif_set_link_callback
 .text.netif_get_by_index
                0x000000001001179c       0x2c CMakeFiles/minerMaster.dir/__/__/libraries/pico-extras/lib/lwip/src/core/netif.c.obj
                0x000000001001179c                netif_get_by_index
 .text.pbuf_free.part.0
                0x00000000100117c8       0x80 CMakeFiles/minerMaster.dir/__/__/libraries/pico-extras/lib/lwip/src/core/pbuf.c.obj
 .text.pbuf_free_ooseq
                0x0000000010011848       0x34 CMakeFiles/minerMaster.dir/__/__/libraries/pico-extras/lib/lwip/src/core/pbuf.c.obj
                0x0000000010011848                pbuf_free_ooseq
 .text.pbuf_alloc
                0x000000001001187c      0x12c CMakeFiles/minerMaster.dir/__/__/libraries/pico-extras/lib/lwip/src/core/pbuf.c.obj
                0x000000001001187c                pbuf_alloc
 .text.pbuf_alloced_custom
                0x00000000100119a8       0x38 CMakeFiles/minerMaster.dir/__/__/libraries/pico-extras/lib/lwip/src/core/pbuf.c.obj
                0x00000000100119a8                pbuf_alloced_custom
 .text.pbuf_realloc
                0x00000000100119e0       0x70 CMakeFiles/minerMaster.dir/__/__/libraries/pico-extras/lib/lwip/src/core/pbuf.c.obj
                0x00000000100119e0                pbuf_realloc
 .text.pbuf_add_header
                0x0000000010011a50       0x4c CMakeFiles/minerMaster.dir/__/__/libraries/pico-extras/lib/lwip/src/core/pbuf.c.obj
                0x0000000010011a50                pbuf_add_header
 .text.pbuf_remove_header
                0x0000000010011a9c       0x48 CMakeFiles/minerMaster.dir/__/__/libraries/pico-extras/lib/lwip/src/core/pbuf.c.obj
                0x0000000010011a9c                pbuf_remove_header
 .text.pbuf_header_force
                0x0000000010011ae4       0x78 CMakeFiles/minerMaster.dir/__/__/libraries/pico-extras/lib/lwip/src/core/pbuf.c.obj
                0x0000000010011ae4                pbuf_header_force
 .text.pbuf_free
                0x0000000010011b5c       0x10 CMakeFiles/minerMaster.dir/__/__/libraries/pico-extras/lib/lwip/src/core/pbuf.c.obj
                0x0000000010011b5c                pbuf_free
 .text.pbuf_clen
                0x0000000010011b6c       0x14 CMakeFiles/minerMaster.dir/__/__/libraries/pico-extras/lib/lwip/src/core/pbuf.c.obj
                0x0000000010011b6c                pbuf_clen
 .text.pbuf_ref
                0x0000000010011b80       0x18 CMakeFiles/minerMaster.dir/__/__/libraries/pico-extras/lib/lwip/src/core/pbuf.c.obj
                0x0000000010011b80                pbuf_ref
 .text.pbuf_cat
                0x0000000010011b98       0x38 CMakeFiles/minerMaster.dir/__/__/libraries/pico-extras/lib/lwip/src/core/pbuf.c.obj
                0x0000000010011b98                pbuf_cat
 .text.pbuf_chain
                0x0000000010011bd0       0x54 CMakeFiles/minerMaster.dir/__/__/libraries/pico-extras/lib/lwip/src/core/pbuf.c.obj
                0x0000000010011bd0                pbuf_chain
 .text.pbuf_copy_partial_pbuf
                0x0000000010011c24      0x158 CMakeFiles/minerMaster.dir/__/__/libraries/pico-extras/lib/lwip/src/core/pbuf.c.obj
                0x0000000010011c24                pbuf_copy_partial_pbuf
 .text.pbuf_copy
                0x0000000010011d7c       0x20 CMakeFiles/minerMaster.dir/__/__/libraries/pico-extras/lib/lwip/src/core/pbuf.c.obj
                0x0000000010011d7c                pbuf_copy
 .text.pbuf_copy_partial
                0x0000000010011d9c       0x8c CMakeFiles/minerMaster.dir/__/__/libraries/pico-extras/lib/lwip/src/core/pbuf.c.obj
                0x0000000010011d9c                pbuf_copy_partial
 .text.pbuf_take
                0x0000000010011e28       0x78 CMakeFiles/minerMaster.dir/__/__/libraries/pico-extras/lib/lwip/src/core/pbuf.c.obj
                0x0000000010011e28                pbuf_take
 .text.pbuf_take_at
                0x0000000010011ea0       0xb8 CMakeFiles/minerMaster.dir/__/__/libraries/pico-extras/lib/lwip/src/core/pbuf.c.obj
                0x0000000010011ea0                pbuf_take_at
 .text.pbuf_clone
                0x0000000010011f58       0x20 CMakeFiles/minerMaster.dir/__/__/libraries/pico-extras/lib/lwip/src/core/pbuf.c.obj
                0x0000000010011f58                pbuf_clone
 .text.pbuf_put_at
                0x0000000010011f78       0x1c CMakeFiles/minerMaster.dir/__/__/libraries/pico-extras/lib/lwip/src/core/pbuf.c.obj
                0x0000000010011f78                pbuf_put_at
 .text.raw_input
                0x0000000010011f94      0x12c CMakeFiles/minerMaster.dir/__/__/libraries/pico-extras/lib/lwip/src/core/raw.c.obj
                0x0000000010011f94                raw_input
 .text.raw_netif_ip_addr_changed
                0x00000000100120c0       0x40 CMakeFiles/minerMaster.dir/__/__/libraries/pico-extras/lib/lwip/src/core/raw.c.obj
                0x00000000100120c0                raw_netif_ip_addr_changed
 .text.stats_init
                0x0000000010012100       0x14 CMakeFiles/minerMaster.dir/__/__/libraries/pico-extras/lib/lwip/src/core/stats.c.obj
                0x0000000010012100                stats_init
 .text.tcp_close_shutdown_fin
                0x0000000010012114       0x4c CMakeFiles/minerMaster.dir/__/__/libraries/pico-extras/lib/lwip/src/core/tcp.c.obj
 .text.tcp_pcb_purge.part.0
                0x0000000010012160       0xc4 CMakeFiles/minerMaster.dir/__/__/libraries/pico-extras/lib/lwip/src/core/tcp.c.obj
 .text.tcp_init
                0x0000000010012224        0x4 CMakeFiles/minerMaster.dir/__/__/libraries/pico-extras/lib/lwip/src/core/tcp.c.obj
                0x0000000010012224                tcp_init
 .text.tcp_free
                0x0000000010012228        0xc CMakeFiles/minerMaster.dir/__/__/libraries/pico-extras/lib/lwip/src/core/tcp.c.obj
                0x0000000010012228                tcp_free
 .text.tcp_update_rcv_ann_wnd
                0x0000000010012234       0x3c CMakeFiles/minerMaster.dir/__/__/libraries/pico-extras/lib/lwip/src/core/tcp.c.obj
                0x0000000010012234                tcp_update_rcv_ann_wnd
 .text.tcp_recved
                0x0000000010012270       0x80 CMakeFiles/minerMaster.dir/__/__/libraries/pico-extras/lib/lwip/src/core/tcp.c.obj
                0x0000000010012270                tcp_recved
 .text.tcp_connect
                0x00000000100122f0      0x1d0 CMakeFiles/minerMaster.dir/__/__/libraries/pico-extras/lib/lwip/src/core/tcp.c.obj
                0x00000000100122f0                tcp_connect
 .text.tcp_slowtmr
                0x00000000100124c0      0x42c CMakeFiles/minerMaster.dir/__/__/libraries/pico-extras/lib/lwip/src/core/tcp.c.obj
                0x00000000100124c0                tcp_slowtmr
 .text.tcp_segs_free
                0x00000000100128ec       0x38 CMakeFiles/minerMaster.dir/__/__/libraries/pico-extras/lib/lwip/src/core/tcp.c.obj
                0x00000000100128ec                tcp_segs_free
 .text.tcp_seg_free
                0x0000000010012924       0x1c CMakeFiles/minerMaster.dir/__/__/libraries/pico-extras/lib/lwip/src/core/tcp.c.obj
                0x0000000010012924                tcp_seg_free
 .text.tcp_setprio
                0x0000000010012940       0x18 CMakeFiles/minerMaster.dir/__/__/libraries/pico-extras/lib/lwip/src/core/tcp.c.obj
                0x0000000010012940                tcp_setprio
 .text.tcp_seg_copy
                0x0000000010012958       0x20 CMakeFiles/minerMaster.dir/__/__/libraries/pico-extras/lib/lwip/src/core/tcp.c.obj
                0x0000000010012958                tcp_seg_copy
 .text.tcp_arg  0x0000000010012978        0x8 CMakeFiles/minerMaster.dir/__/__/libraries/pico-extras/lib/lwip/src/core/tcp.c.obj
                0x0000000010012978                tcp_arg
 .text.tcp_recv
                0x0000000010012980        0xc CMakeFiles/minerMaster.dir/__/__/libraries/pico-extras/lib/lwip/src/core/tcp.c.obj
                0x0000000010012980                tcp_recv
 .text.tcp_sent
                0x000000001001298c        0xc CMakeFiles/minerMaster.dir/__/__/libraries/pico-extras/lib/lwip/src/core/tcp.c.obj
                0x000000001001298c                tcp_sent
 .text.tcp_err  0x0000000010012998        0xc CMakeFiles/minerMaster.dir/__/__/libraries/pico-extras/lib/lwip/src/core/tcp.c.obj
                0x0000000010012998                tcp_err
 .text.tcp_poll
                0x00000000100129a4       0x1c CMakeFiles/minerMaster.dir/__/__/libraries/pico-extras/lib/lwip/src/core/tcp.c.obj
                0x00000000100129a4                tcp_poll
 .text.tcp_pcb_purge
                0x00000000100129c0       0x24 CMakeFiles/minerMaster.dir/__/__/libraries/pico-extras/lib/lwip/src/core/tcp.c.obj
                0x00000000100129c0                tcp_pcb_purge
 .text.tcp_pcb_remove
                0x00000000100129e4       0x78 CMakeFiles/minerMaster.dir/__/__/libraries/pico-extras/lib/lwip/src/core/tcp.c.obj
                0x00000000100129e4                tcp_pcb_remove
 .text.tcp_abandon
                0x0000000010012a5c      0x194 CMakeFiles/minerMaster.dir/__/__/libraries/pico-extras/lib/lwip/src/core/tcp.c.obj
                0x0000000010012a5c                tcp_abandon
 .text.tcp_abort
                0x0000000010012bf0        0xc CMakeFiles/minerMaster.dir/__/__/libraries/pico-extras/lib/lwip/src/core/tcp.c.obj
                0x0000000010012bf0                tcp_abort
 .text.tcp_alloc
                0x0000000010012bfc      0x1f8 CMakeFiles/minerMaster.dir/__/__/libraries/pico-extras/lib/lwip/src/core/tcp.c.obj
                0x0000000010012bfc                tcp_alloc
 .text.tcp_new  0x0000000010012df4      0x1d8 CMakeFiles/minerMaster.dir/__/__/libraries/pico-extras/lib/lwip/src/core/tcp.c.obj
                0x0000000010012df4                tcp_new
 .text.tcp_close_shutdown
                0x0000000010012fcc      0x14c CMakeFiles/minerMaster.dir/__/__/libraries/pico-extras/lib/lwip/src/core/tcp.c.obj
 .text.tcp_recv_null
                0x0000000010013118       0xb4 CMakeFiles/minerMaster.dir/__/__/libraries/pico-extras/lib/lwip/src/core/tcp.c.obj
                0x0000000010013118                tcp_recv_null
 .text.tcp_process_refused_data
                0x00000000100131cc       0xf4 CMakeFiles/minerMaster.dir/__/__/libraries/pico-extras/lib/lwip/src/core/tcp.c.obj
                0x00000000100131cc                tcp_process_refused_data
 .text.tcp_fasttmr
                0x00000000100132c0       0x98 CMakeFiles/minerMaster.dir/__/__/libraries/pico-extras/lib/lwip/src/core/tcp.c.obj
                0x00000000100132c0                tcp_fasttmr
 .text.tcp_tmr  0x0000000010013358       0x20 CMakeFiles/minerMaster.dir/__/__/libraries/pico-extras/lib/lwip/src/core/tcp.c.obj
                0x0000000010013358                tcp_tmr
 .text.tcp_close
                0x0000000010013378      0x164 CMakeFiles/minerMaster.dir/__/__/libraries/pico-extras/lib/lwip/src/core/tcp.c.obj
                0x0000000010013378                tcp_close
 .text.tcp_next_iss
                0x00000000100134dc       0x18 CMakeFiles/minerMaster.dir/__/__/libraries/pico-extras/lib/lwip/src/core/tcp.c.obj
                0x00000000100134dc                tcp_next_iss
 .text.tcp_eff_send_mss_netif
                0x00000000100134f4       0x28 CMakeFiles/minerMaster.dir/__/__/libraries/pico-extras/lib/lwip/src/core/tcp.c.obj
                0x00000000100134f4                tcp_eff_send_mss_netif
 .text.tcp_netif_ip_addr_changed
                0x000000001001351c       0x9c CMakeFiles/minerMaster.dir/__/__/libraries/pico-extras/lib/lwip/src/core/tcp.c.obj
                0x000000001001351c                tcp_netif_ip_addr_changed
 .text.tcp_free_ooseq
                0x00000000100135b8       0x40 CMakeFiles/minerMaster.dir/__/__/libraries/pico-extras/lib/lwip/src/core/tcp.c.obj
                0x00000000100135b8                tcp_free_ooseq
 .text.tcp_parseopt
                0x00000000100135f8      0x180 CMakeFiles/minerMaster.dir/__/__/libraries/pico-extras/lib/lwip/src/core/tcp_in.c.obj
 .text.tcp_oos_insert_segment
                0x0000000010013778       0xd4 CMakeFiles/minerMaster.dir/__/__/libraries/pico-extras/lib/lwip/src/core/tcp_in.c.obj
 .text.tcp_receive
                0x000000001001384c      0xa3c CMakeFiles/minerMaster.dir/__/__/libraries/pico-extras/lib/lwip/src/core/tcp_in.c.obj
 .text.tcp_input
                0x0000000010014288      0xc5c CMakeFiles/minerMaster.dir/__/__/libraries/pico-extras/lib/lwip/src/core/tcp_in.c.obj
                0x0000000010014288                tcp_input
 .text.tcp_trigger_input_pcb_close
                0x0000000010014ee4       0x10 CMakeFiles/minerMaster.dir/__/__/libraries/pico-extras/lib/lwip/src/core/tcp_in.c.obj
                0x0000000010014ee4                tcp_trigger_input_pcb_close
 .text.tcp_create_segment
                0x0000000010014ef4       0xd0 CMakeFiles/minerMaster.dir/__/__/libraries/pico-extras/lib/lwip/src/core/tcp_out.c.obj
 .text.tcp_output_control_segment
                0x0000000010014fc4       0xac CMakeFiles/minerMaster.dir/__/__/libraries/pico-extras/lib/lwip/src/core/tcp_out.c.obj
 .text.tcp_write
                0x0000000010015070      0x664 CMakeFiles/minerMaster.dir/__/__/libraries/pico-extras/lib/lwip/src/core/tcp_out.c.obj
                0x0000000010015070                tcp_write
 .text.tcp_split_unsent_seg
                0x00000000100156d4      0x1a0 CMakeFiles/minerMaster.dir/__/__/libraries/pico-extras/lib/lwip/src/core/tcp_out.c.obj
                0x00000000100156d4                tcp_split_unsent_seg
 .text.tcp_send_fin
                0x0000000010015874       0xe0 CMakeFiles/minerMaster.dir/__/__/libraries/pico-extras/lib/lwip/src/core/tcp_out.c.obj