Archive member included to satisfy reference by file (symbol)

../../libraries/mbedtls/library/libmbedcrypto.a(ctr_drbg.c.obj)
                              CMakeFiles/minerMaster.dir/__/__/port/aws-iot-device-sdk-embedded-C/src/ssl_transport_interface.c.obj (mbedtls_ctr_drbg_init)
../../libraries/mbedtls/library/libmbedcrypto.a(pk.c.obj)
                              CMakeFiles/minerMaster.dir/__/__/port/aws-iot-device-sdk-embedded-C/src/ssl_transport_interface.c.obj (mbedtls_pk_init)
../../libraries/mbedtls/library/libmbedcrypto.a(pk_wrap.c.obj)
                              ../../libraries/mbedtls/library/libmbedcrypto.a(pk.c.obj) (mbedtls_rsa_alt_info)
../../libraries/mbedtls/library/libmbedcrypto.a(pkparse.c.obj)
                              CMakeFiles/minerMaster.dir/__/__/port/aws-iot-device-sdk-embedded-C/src/ssl_transport_interface.c.obj (mbedtls_pk_parse_key)
../../libraries/mbedtls/library/libmbedcrypto.a(platform_util.c.obj)
                              ../../libraries/mbedtls/library/libmbedcrypto.a(ctr_drbg.c.obj) (mbedtls_platform_zeroize)
../../libraries/mbedtls/library/libmbedcrypto.a(rsa.c.obj)
                              ../../libraries/mbedtls/library/libmbedcrypto.a(pkparse.c.obj) (mbedtls_rsa_import)
../../libraries/mbedtls/library/libmbedcrypto.a(rsa_internal.c.obj)
                              ../../libraries/mbedtls/library/libmbedcrypto.a(rsa.c.obj) (mbedtls_rsa_deduce_primes)
../../libraries/mbedtls/library/libmbedcrypto.a(sha1.c.obj)
                              CMakeFiles/minerMaster.dir/__/__/port/utils/src/duinoCoinUtils.cpp.obj (mbedtls_sha1_init)
../../libraries/mbedtls/library/libmbedcrypto.a(aes.c.obj)
                              ../../libraries/mbedtls/library/libmbedcrypto.a(ctr_drbg.c.obj) (mbedtls_aes_init)
../../libraries/mbedtls/library/libmbedcrypto.a(asn1parse.c.obj)
                              ../../libraries/mbedtls/library/libmbedcrypto.a(pkparse.c.obj) (mbedtls_asn1_get_tag)
../../libraries/mbedtls/library/libmbedcrypto.a(bignum.c.obj)
                              ../../libraries/mbedtls/library/libmbedcrypto.a(pkparse.c.obj) (mbedtls_mpi_init)
../../libraries/mbedtls/library/libmbedcrypto.a(md.c.obj)
                              ../../libraries/mbedtls/library/libmbedcrypto.a(pk.c.obj) (mbedtls_md_info_from_type)
../../libraries/mbedtls/library/libmbedcrypto.a(md5.c.obj)
                              ../../libraries/mbedtls/library/libmbedcrypto.a(md.c.obj) (mbedtls_md5_init)
../../libraries/mbedtls/library/libmbedcrypto.a(oid.c.obj)
                              ../../libraries/mbedtls/library/libmbedcrypto.a(pkparse.c.obj) (mbedtls_oid_get_pk_alg)
../../libraries/mbedtls/library/libmbedcrypto.a(pem.c.obj)
                              ../../libraries/mbedtls/library/libmbedcrypto.a(pkparse.c.obj) (mbedtls_pem_init)
../../libraries/mbedtls/library/libmbedcrypto.a(sha256.c.obj)
                              ../../libraries/mbedtls/library/libmbedcrypto.a(md.c.obj) (mbedtls_sha256_init)
../../libraries/mbedtls/library/libmbedcrypto.a(base64.c.obj)
                              ../../libraries/mbedtls/library/libmbedcrypto.a(pem.c.obj) (mbedtls_base64_decode)
../../libraries/mbedtls/library/libmbedx509.a(x509_crt.c.obj)
                              CMakeFiles/minerMaster.dir/__/__/port/aws-iot-device-sdk-embedded-C/src/ssl_transport_interface.c.obj (mbedtls_x509_crt_parse)
../../libraries/mbedtls/library/libmbedx509.a(x509.c.obj)
                              ../../libraries/mbedtls/library/libmbedx509.a(x509_crt.c.obj) (mbedtls_x509_get_serial)
../../libraries/mbedtls/library/libmbedtls.a(ssl_msg.c.obj)
                              CMakeFiles/minerMaster.dir/__/__/port/aws-iot-device-sdk-embedded-C/src/ssl_transport_interface.c.obj (mbedtls_ssl_read)
../../libraries/mbedtls/library/libmbedtls.a(ssl_tls.c.obj)
                              CMakeFiles/minerMaster.dir/__/__/port/aws-iot-device-sdk-embedded-C/src/ssl_transport_interface.c.obj (mbedtls_ssl_init)
../../libraries/mbedtls/library/libmbedtls.a(ssl_ciphersuites.c.obj)
                              ../../libraries/mbedtls/library/libmbedtls.a(ssl_tls.c.obj) (mbedtls_ssl_list_ciphersuites)
../../libraries/mbedtls/library/libmbedtls.a(ssl_cli.c.obj)
                              ../../libraries/mbedtls/library/libmbedtls.a(ssl_tls.c.obj) (mbedtls_ssl_handshake_client_step)
../../libraries/mbedtls/library/libmbedcrypto.a(cipher.c.obj)
                              ../../libraries/mbedtls/library/libmbedtls.a(ssl_tls.c.obj) (mbedtls_cipher_info_from_type)
../../libraries/mbedtls/library/libmbedcrypto.a(cipher_wrap.c.obj)
                              ../../libraries/mbedtls/library/libmbedcrypto.a(cipher.c.obj) (mbedtls_cipher_supported)
../../libraries/mbedtls/library/libmbedcrypto.a(dhm.c.obj)
                              ../../libraries/mbedtls/library/libmbedtls.a(ssl_tls.c.obj) (mbedtls_dhm_init)
../../libraries/mbedtls/library/libmbedcrypto.a(gcm.c.obj)
[...]
Memory Configuration

Name             Origin             Length             Attributes
FLASH            0x0000000010000000 0x0000000000200000 xr
RAM              0x0000000020000000 0x0000000000040000 xrw
SCRATCH_X        0x0000000020040000 0x0000000000001000 xrw
SCRATCH_Y        0x0000000020041000 0x0000000000001000 xrw
*default*        0x0000000000000000 0xffffffffffffffff

Linker script and memory map

LOAD /Applications/ARM/bin/../lib/gcc/arm-none-eabi/10.3.1/thumb/v6-m/nofp/crti.o
LOAD /Applications/ARM/bin/../lib/gcc/arm-none-eabi/10.3.1/thumb/v6-m/nofp/crtbegin.o
LOAD /Applications/ARM/bin/../lib/gcc/arm-none-eabi/10.3.1/../../../../arm-none-eabi/lib/thumb/v6-m/nofp/crt0.o

.flash_begin    0x0000000010000000        0x0
                0x0000000010000000                __flash_binary_start = .

.boot2          0x0000000010000000      0x100
                0x0000000010000000                __boot2_start__ = .
 *(.boot2)
 .boot2         0x0000000010000000      0x100 /var/folders/7z/r4r2qbgd4bb_p1x_wcg8qx4c0000gn/T//ccnPoVOR.o
                0x0000000010000100                __boot2_end__ = .
                0x0000000000000001                ASSERT (((__boot2_end__ - __boot2_start__) == 0x100), ERROR: Pico second stage bootloader must be 256 bytes in size)

.text           0x0000000010000100    0x312b0
                0x0000000010000100                __logical_binary_start = .
 *(.vectors)
 .vectors       0x0000000010000100       0xd4 CMakeFiles/minerMaster.dir/__/__/libraries/pico-sdk/src/rp2_common/pico_standard_link/crt0.S.obj
                0x0000000010000100                __VECTOR_TABLE
                0x0000000010000100                __vectors
                0x00000000100001c0                __default_isrs_start
                0x00000000100001c0                isr_invalid
                0x00000000100001c2                isr_nmi
                0x00000000100001c4                isr_hardfault
                0x00000000100001c6                isr_svcall
                0x00000000100001c8                isr_pendsv
                0x00000000100001ca                isr_systick
                0x00000000100001cc                isr_irq28
                0x00000000100001cc                isr_irq19
                0x00000000100001cc                isr_irq0
                0x00000000100001cc                isr_irq6
                0x00000000100001cc                isr_irq22
                0x00000000100001cc                isr_irq17
                0x00000000100001cc                isr_irq14
                0x00000000100001cc                isr_irq2
                0x00000000100001cc                isr_irq10
                0x00000000100001cc                isr_irq8
                0x00000000100001cc                isr_irq24
                0x00000000100001cc                isr_irq1
                0x00000000100001cc                isr_irq7
                0x00000000100001cc                isr_irq21
                0x00000000100001cc                isr_irq20
                0x00000000100001cc                isr_irq15
                0x00000000100001cc                isr_irq25
                0x00000000100001cc                isr_irq4
                0x00000000100001cc                isr_irq16
                0x00000000100001cc                isr_irq29
                0x00000000100001cc                isr_irq26
                0x00000000100001cc                __default_isrs_end
                0x00000000100001cc                isr_irq3
                0x00000000100001cc                isr_irq9
                0x00000000100001cc                __unhandled_user_irq
                0x00000000100001cc                isr_irq13
                0x00000000100001cc                isr_irq27
                0x00000000100001cc                isr_irq31
                0x00000000100001cc                isr_irq5
                0x00000000100001cc                isr_irq11
                0x00000000100001cc                isr_irq23
                0x00000000100001cc                isr_irq18
                0x00000000100001cc                isr_irq30
                0x00000000100001cc                isr_irq12
                0x00000000100001d2                unhandled_user_irq_num_in_r0
 *(.binary_info_header)
 .binary_info_header
                0x00000000100001d4       0x14 CMakeFiles/minerMaster.dir/__/__/libraries/pico-sdk/src/rp2_common/pico_standard_link/crt0.S.obj
                0x00000000100001e8                __binary_info_header_end = .
 *(.reset)
 .reset         0x00000000100001e8       0xa8 CMakeFiles/minerMaster.dir/__/__/libraries/pico-sdk/src/rp2_common/pico_standard_link/crt0.S.obj
                0x00000000100001e8                _entry_point
                0x0000000010000266                __get_current_exception
 .reset         0x0000000010000290       0x30 CMakeFiles/minerMaster.dir/__/__/libraries/pico-sdk/src/rp2_common/pico_standard_link/binary_info.c.obj
 *(.init)
 .init          0x00000000100002c0        0x4 /Applications/ARM/bin/../lib/gcc/arm-none-eabi/10.3.1/thumb/v6-m/nofp/crti.o
                0x00000000100002c0                _init
 *(EXCLUDE_FILE(*libm.a: *libc.a:*lib_a-mem*.o *libgcc.a:) .text*)
 .text          0x00000000100002c4       0x48 /Applications/ARM/bin/../lib/gcc/arm-none-eabi/10.3.1/thumb/v6-m/nofp/crtbegin.o
 .text.tcp_callback_error
                0x000000001000030c        0x4 CMakeFiles/minerMaster.dir/minerMaster.cpp.obj
 .text.tcp_callback_poll
                0x0000000010000310        0x4 CMakeFiles/minerMaster.dir/minerMaster.cpp.obj
 .text.wizchip_dhcp_conflict
                0x0000000010000314       0x10 CMakeFiles/minerMaster.dir/minerMaster.cpp.obj
 .text.wizchip_dhcp_assign
                0x0000000010000324       0x6c CMakeFiles/minerMaster.dir/minerMaster.cpp.obj
 .text.tcp_callback_sent
                0x0000000010000390       0x30 CMakeFiles/minerMaster.dir/minerMaster.cpp.obj
 .text.tcp_client_close
                0x00000000100003c0       0x64 CMakeFiles/minerMaster.dir/minerMaster.cpp.obj
 .text.tcp_callback_received
                0x0000000010000424      0x104 CMakeFiles/minerMaster.dir/minerMaster.cpp.obj
 .text.core1_entry
                0x0000000010000528       0x24 CMakeFiles/minerMaster.dir/minerMaster.cpp.obj
                0x0000000010000528                core1_entry
 .text.tcp_callback_connected
                0x000000001000054c       0x50 CMakeFiles/minerMaster.dir/minerMaster.cpp.obj
 .text.duino_master_init
                0x000000001000059c      0x130 CMakeFiles/minerMaster.dir/minerMaster.cpp.obj
                0x000000001000059c                duino_master_init
 .text.duino_master_state_loop
                0x00000000100006cc      0x910 CMakeFiles/minerMaster.dir/minerMaster.cpp.obj
                0x00000000100006cc                duino_master_state_loop
 .text.set_duino_req_msg
                0x0000000010000fdc       0x2c CMakeFiles/minerMaster.dir/minerMaster.cpp.obj
                0x0000000010000fdc                set_duino_req_msg
 .text.wizchip_net_info_set
                0x0000000010001008       0x80 CMakeFiles/minerMaster.dir/minerMaster.cpp.obj
                0x0000000010001008                wizchip_net_info_set
 .text.update_pool
                0x0000000010001088       0xf8 CMakeFiles/minerMaster.dir/minerMaster.cpp.obj
                0x0000000010001088                update_pool
 .text.startup.main
                0x0000000010001180       0x84 CMakeFiles/minerMaster.dir/minerMaster.cpp.obj
                0x0000000010001180                main
 .text.startup._GLOBAL__sub_I_g_netif
                0x0000000010001204       0x18 CMakeFiles/minerMaster.dir/minerMaster.cpp.obj
 .text.ILI9340_Initialize
                0x000000001000121c      0x7a8 CMakeFiles/minerMaster.dir/ILI9340/ILI9340.c.obj
                0x000000001000121c                ILI9340_Initialize
 .text.ILI9340_SetAddressWindow
                0x00000000100019c4      0x104 CMakeFiles/minerMaster.dir/ILI9340/ILI9340.c.obj
                0x00000000100019c4                ILI9340_SetAddressWindow
 .text.ILI9340_DrawChar.constprop.0
                0x0000000010001ac8      0x114 CMakeFiles/minerMaster.dir/ILI9340/ILI9340.c.obj
 .text.ILI9340_DrawChar.constprop.1
                0x0000000010001bdc      0x130 CMakeFiles/minerMaster.dir/ILI9340/ILI9340.c.obj
 .text.ILI9340_DrawChar.constprop.2
                0x0000000010001d0c      0x130 CMakeFiles/minerMaster.dir/ILI9340/ILI9340.c.obj
 .text.ILI9340_DrawChar.constprop.3
                0x0000000010001e3c      0x12c CMakeFiles/minerMaster.dir/ILI9340/ILI9340.c.obj
 .text.ILI9340_DrawChar
                0x0000000010001f68      0x130 CMakeFiles/minerMaster.dir/ILI9340/ILI9340.c.obj
                0x0000000010001f68                ILI9340_DrawChar
 .text.ILI9340_Write_Mining_State
                0x0000000010002098      0x130 CMakeFiles/minerMaster.dir/ILI9340/ILI9340.c.obj
                0x0000000010002098                ILI9340_Write_Mining_State
 .text.ILI9340_init
                0x00000000100021c8      0x11c CMakeFiles/minerMaster.dir/ILI9340/ILI9340.c.obj
                0x00000000100021c8                ILI9340_init
 .text.getCharAddress
                0x00000000100022e4       0x10 CMakeFiles/minerMaster.dir/ILI9340/ILI9340_font.c.obj
                0x00000000100022e4                getCharAddress
 .text.close.part.0
                0x00000000100022f4       0x68 CMakeFiles/minerMaster.dir/__/__/libraries/ioLibrary_Driver/Ethernet/socket.c.obj
 .text.socket   0x000000001000235c      0x144 CMakeFiles/minerMaster.dir/__/__/libraries/ioLibrary_Driver/Ethernet/socket.c.obj
                0x000000001000235c                socket
 .text.close    0x00000000100024a0       0x14 CMakeFiles/minerMaster.dir/__/__/libraries/ioLibrary_Driver/Ethernet/socket.c.obj
                0x00000000100024a0                close
 .text.connect  0x00000000100024b4       0xf4 CMakeFiles/minerMaster.dir/__/__/libraries/ioLibrary_Driver/Ethernet/socket.c.obj
                0x00000000100024b4                connect
 .text.disconnect
                0x00000000100025a8       0x8c CMakeFiles/minerMaster.dir/__/__/libraries/ioLibrary_Driver/Ethernet/socket.c.obj
                0x00000000100025a8                disconnect
 .text.send     0x0000000010002634      0x148 CMakeFiles/minerMaster.dir/__/__/libraries/ioLibrary_Driver/Ethernet/socket.c.obj
                0x0000000010002634                send
 .text.recv     0x000000001000277c      0x138 CMakeFiles/minerMaster.dir/__/__/libraries/ioLibrary_Driver/Ethernet/socket.c.obj
                0x000000001000277c                recv
 .text.sendto   0x00000000100028b4      0x1ec CMakeFiles/minerMaster.dir/__/__/libraries/ioLibrary_Driver/Ethernet/socket.c.obj
                0x00000000100028b4                sendto
 .text.recvfrom
                0x0000000010002aa0      0x25c CMakeFiles/minerMaster.dir/__/__/libraries/ioLibrary_Driver/Ethernet/socket.c.obj
                0x0000000010002aa0                recvfrom
 .text.getsockopt
                0x0000000010002cfc      0x110 CMakeFiles/minerMaster.dir/__/__/libraries/ioLibrary_Driver/Ethernet/socket.c.obj
                0x0000000010002cfc                getsockopt
 .text.wizchip_cris_enter
                0x0000000010002e0c        0x4 CMakeFiles/minerMaster.dir/__/__/libraries/ioLibrary_Driver/Ethernet/wizchip_conf.c.obj
                0x0000000010002e0c                wizchip_cris_enter
 .text.wizchip_bus_readdata
                0x0000000010002e10        0x8 CMakeFiles/minerMaster.dir/__/__/libraries/ioLibrary_Driver/Ethernet/wizchip_conf.c.obj
                0x0000000010002e10                wizchip_bus_readdata
 .text.wizchip_bus_writedata
                0x0000000010002e18        0x4 CMakeFiles/minerMaster.dir/__/__/libraries/ioLibrary_Driver/Ethernet/wizchip_conf.c.obj
                0x0000000010002e18                wizchip_bus_writedata
 .text.wizchip_spi_readbyte
                0x0000000010002e1c        0x4 CMakeFiles/minerMaster.dir/__/__/libraries/ioLibrary_Driver/Ethernet/wizchip_conf.c.obj
                0x0000000010002e1c                wizchip_spi_readbyte
 .text.wizchip_spi_writebyte
                0x0000000010002e20        0x4 CMakeFiles/minerMaster.dir/__/__/libraries/ioLibrary_Driver/Ethernet/wizchip_conf.c.obj
                0x0000000010002e20                wizchip_spi_writebyte
 .text.wizchip_cris_exit
                0x0000000010002e24        0x4 CMakeFiles/minerMaster.dir/__/__/libraries/ioLibrary_Driver/Ethernet/wizchip_conf.c.obj
                0x0000000010002e24                wizchip_cris_exit
 .text.wizchip_cs_select
                0x0000000010002e28        0x4 CMakeFiles/minerMaster.dir/__/__/libraries/ioLibrary_Driver/Ethernet/wizchip_conf.c.obj
                0x0000000010002e28                wizchip_cs_select
 .text.wizchip_cs_deselect
                0x0000000010002e2c        0x4 CMakeFiles/minerMaster.dir/__/__/libraries/ioLibrary_Driver/Ethernet/wizchip_conf.c.obj
                0x0000000010002e2c                wizchip_cs_deselect
 .text.reg_wizchip_cris_cbfunc
                0x0000000010002e30       0x24 CMakeFiles/minerMaster.dir/__/__/libraries/ioLibrary_Driver/Ethernet/wizchip_conf.c.obj
                0x0000000010002e30                reg_wizchip_cris_cbfunc
 .text.reg_wizchip_cs_cbfunc
                0x0000000010002e54       0x24 CMakeFiles/minerMaster.dir/__/__/libraries/ioLibrary_Driver/Ethernet/wizchip_conf.c.obj
                0x0000000010002e54                reg_wizchip_cs_cbfunc
 .text.reg_wizchip_spi_cbfunc
                0x0000000010002e78       0x2c CMakeFiles/minerMaster.dir/__/__/libraries/ioLibrary_Driver/Ethernet/wizchip_conf.c.obj
                0x0000000010002e78                reg_wizchip_spi_cbfunc
 .text.ctlnetwork
                0x0000000010002ea4      0x118 CMakeFiles/minerMaster.dir/__/__/libraries/ioLibrary_Driver/Ethernet/wizchip_conf.c.obj
                0x0000000010002ea4                ctlnetwork
 .text.wizchip_sw_reset
                0x0000000010002fbc       0x68 CMakeFiles/minerMaster.dir/__/__/libraries/ioLibrary_Driver/Ethernet/wizchip_conf.c.obj
                0x0000000010002fbc                wizchip_sw_reset
 .text.wizchip_init
                0x0000000010003024      0x128 CMakeFiles/minerMaster.dir/__/__/libraries/ioLibrary_Driver/Ethernet/wizchip_conf.c.obj
                0x0000000010003024                wizchip_init
 .text.ctlwizchip
                0x000000001000314c      0x1ac CMakeFiles/minerMaster.dir/__/__/libraries/ioLibrary_Driver/Ethernet/wizchip_conf.c.obj
                0x000000001000314c                ctlwizchip
 .text.WIZCHIP_READ.constprop.2
                0x00000000100032f8       0x58 CMakeFiles/minerMaster.dir/__/__/libraries/ioLibrary_Driver/Ethernet/W5100S/w5100s.c.obj
 .text.WIZCHIP_WRITE
                0x0000000010003350       0x58 CMakeFiles/minerMaster.dir/__/__/libraries/ioLibrary_Driver/Ethernet/W5100S/w5100s.c.obj
                0x0000000010003350                WIZCHIP_WRITE
 .text.WIZCHIP_READ
                0x00000000100033a8       0x5c CMakeFiles/minerMaster.dir/__/__/libraries/ioLibrary_Driver/Ethernet/W5100S/w5100s.c.obj
                0x00000000100033a8                WIZCHIP_READ
 .text.WIZCHIP_WRITE_BUF
                0x0000000010003404       0x70 CMakeFiles/minerMaster.dir/__/__/libraries/ioLibrary_Driver/Ethernet/W5100S/w5100s.c.obj
                0x0000000010003404                WIZCHIP_WRITE_BUF
 .text.WIZCHIP_READ_BUF
                0x0000000010003474       0x88 CMakeFiles/minerMaster.dir/__/__/libraries/ioLibrary_Driver/Ethernet/W5100S/w5100s.c.obj
                0x0000000010003474                WIZCHIP_READ_BUF
 .text.getSn_TX_FSR
                0x00000000100034fc       0x48 CMakeFiles/minerMaster.dir/__/__/libraries/ioLibrary_Driver/Ethernet/W5100S/w5100s.c.obj
                0x00000000100034fc                getSn_TX_FSR
 .text.getSn_RX_RSR
                0x0000000010003544       0x48 CMakeFiles/minerMaster.dir/__/__/libraries/ioLibrary_Driver/Ethernet/W5100S/w5100s.c.obj
                0x0000000010003544                getSn_RX_RSR
 .text.wiz_send_data
                0x000000001000358c      0x190 CMakeFiles/minerMaster.dir/__/__/libraries/ioLibrary_Driver/Ethernet/W5100S/w5100s.c.obj
                0x000000001000358c                wiz_send_data
 .text.wiz_recv_data
                0x000000001000371c      0x190 CMakeFiles/minerMaster.dir/__/__/libraries/ioLibrary_Driver/Ethernet/W5100S/w5100s.c.obj
                0x000000001000371c                wiz_recv_data
 .text.wiz_recv_ignore
                0x00000000100038ac       0x38 CMakeFiles/minerMaster.dir/__/__/libraries/ioLibrary_Driver/Ethernet/W5100S/w5100s.c.obj
                0x00000000100038ac                wiz_recv_ignore
 .text.wiz_mdio_write
                0x00000000100038e4       0x30 CMakeFiles/minerMaster.dir/__/__/libraries/ioLibrary_Driver/Ethernet/W5100S/w5100s.c.obj
                0x00000000100038e4                wiz_mdio_write
 .text.wiz_mdio_read
                0x0000000010003914       0x30 CMakeFiles/minerMaster.dir/__/__/libraries/ioLibrary_Driver/Ethernet/W5100S/w5100s.c.obj
                0x0000000010003914                wiz_mdio_read
 .text.inet_addr_
                0x0000000010003944       0xd0 CMakeFiles/minerMaster.dir/__/__/libraries/ioLibrary_Driver/Internet/httpServer/httpParser.c.obj
                0x0000000010003944                inet_addr_
 .text.wizchip_select
                0x0000000010003a14        0xc CMakeFiles/minerMaster.dir/__/__/port/ioLibrary_Driver/src/w5x00_spi.c.obj
 .text.wizchip_deselect
                0x0000000010003a20        0xc CMakeFiles/minerMaster.dir/__/__/port/ioLibrary_Driver/src/w5x00_spi.c.obj
 .text.wizchip_critical_section_unlock
                0x0000000010003a2c       0x18 CMakeFiles/minerMaster.dir/__/__/port/ioLibrary_Driver/src/w5x00_spi.c.obj
 .text.wizchip_critical_section_lock
                0x0000000010003a44       0x1c CMakeFiles/minerMaster.dir/__/__/port/ioLibrary_Driver/src/w5x00_spi.c.obj
 .text.wizchip_write
                0x0000000010003a60       0x1c CMakeFiles/minerMaster.dir/__/__/port/ioLibrary_Driver/src/w5x00_spi.c.obj
 .text.wizchip_read
                0x0000000010003a7c       0x24 CMakeFiles/minerMaster.dir/__/__/port/ioLibrary_Driver/src/w5x00_spi.c.obj
 .text.wizchip_reset
                0x0000000010003aa0       0x20 CMakeFiles/minerMaster.dir/__/__/port/ioLibrary_Driver/src/w5x00_spi.c.obj
                0x0000000010003aa0                wizchip_reset
 .text.wizchip_spi_initialize
                0x0000000010003ac0       0x40 CMakeFiles/minerMaster.dir/__/__/port/ioLibrary_Driver/src/w5x00_spi.c.obj
                0x0000000010003ac0                wizchip_spi_initialize
 .text.wizchip_cris_initialize
                0x0000000010003b00       0x20 CMakeFiles/minerMaster.dir/__/__/port/ioLibrary_Driver/src/w5x00_spi.c.obj
                0x0000000010003b00                wizchip_cris_initialize
 .text.wizchip_initialize
                0x0000000010003b20       0x78 CMakeFiles/minerMaster.dir/__/__/port/ioLibrary_Driver/src/w5x00_spi.c.obj
                0x0000000010003b20                wizchip_initialize
 .text.wizchip_check
                0x0000000010003b98       0x24 CMakeFiles/minerMaster.dir/__/__/port/ioLibrary_Driver/src/w5x00_spi.c.obj
                0x0000000010003b98                wizchip_check
 .text.network_initialize
                0x0000000010003bbc       0x1c CMakeFiles/minerMaster.dir/__/__/port/ioLibrary_Driver/src/w5x00_spi.c.obj
                0x0000000010003bbc                network_initialize
 .text.print_network_information
                0x0000000010003bd8       0xd8 CMakeFiles/minerMaster.dir/__/__/port/ioLibrary_Driver/src/w5x00_spi.c.obj
                0x0000000010003bd8                print_network_information
 .text.get_ipaddr_from_dns
                0x0000000010003cb0      0x1d4 CMakeFiles/minerMaster.dir/__/__/port/aws-iot-device-sdk-embedded-C/src/dns_interface.c.obj
                0x0000000010003cb0                get_ipaddr_from_dns
 .text.http_read
                0x0000000010003e84       0x68 CMakeFiles/minerMaster.dir/__/__/port/aws-iot-device-sdk-embedded-C/src/http_transport_interface.c.obj
                0x0000000010003e84                http_read
 .text.https_read
                0x0000000010003eec       0x6c CMakeFiles/minerMaster.dir/__/__/port/aws-iot-device-sdk-embedded-C/src/http_transport_interface.c.obj
                0x0000000010003eec                https_read
 .text.https_write
                0x0000000010003f58       0x34 CMakeFiles/minerMaster.dir/__/__/port/aws-iot-device-sdk-embedded-C/src/http_transport_interface.c.obj
                0x0000000010003f58                https_write
 .text.http_write
                0x0000000010003f8c       0x30 CMakeFiles/minerMaster.dir/__/__/port/aws-iot-device-sdk-embedded-C/src/http_transport_interface.c.obj
                0x0000000010003f8c                http_write
 .text.http_send_request
                0x0000000010003fbc      0x2a8 CMakeFiles/minerMaster.dir/__/__/port/aws-iot-device-sdk-embedded-C/src/http_transport_interface.c.obj
                0x0000000010003fbc                http_send_request
 .text.http_close
                0x0000000010004264       0xa0 CMakeFiles/minerMaster.dir/__/__/port/aws-iot-device-sdk-embedded-C/src/http_transport_interface.c.obj
                0x0000000010004264                http_close
 .text.http_get
                0x0000000010004304      0x304 CMakeFiles/minerMaster.dir/__/__/port/aws-iot-device-sdk-embedded-C/src/http_transport_interface.c.obj
                0x0000000010004304                http_get
 .text.recv_timeout
                0x0000000010004608       0x5c CMakeFiles/minerMaster.dir/__/__/port/aws-iot-device-sdk-embedded-C/src/ssl_transport_interface.c.obj
                0x0000000010004608                recv_timeout
 .text.ssl_random_callback
                0x0000000010004664       0x2c CMakeFiles/minerMaster.dir/__/__/port/aws-iot-device-sdk-embedded-C/src/ssl_transport_interface.c.obj
                0x0000000010004664                ssl_random_callback
 .text.ssl_transport_init
                0x0000000010004690      0x248 CMakeFiles/minerMaster.dir/__/__/port/aws-iot-device-sdk-embedded-C/src/ssl_transport_interface.c.obj
                0x0000000010004690                ssl_transport_init
 .text.ssl_socket_connect_timeout
                0x00000000100048d8       0xe0 CMakeFiles/minerMaster.dir/__/__/port/aws-iot-device-sdk-embedded-C/src/ssl_transport_interface.c.obj
                0x00000000100048d8                ssl_socket_connect_timeout
 .text.ssl_transport_read
                0x00000000100049b8        0xc CMakeFiles/minerMaster.dir/__/__/port/aws-iot-device-sdk-embedded-C/src/ssl_transport_interface.c.obj
                0x00000000100049b8                ssl_transport_read
 .text.ssl_transport_write
                0x00000000100049c4        0xc CMakeFiles/minerMaster.dir/__/__/port/aws-iot-device-sdk-embedded-C/src/ssl_transport_interface.c.obj
                0x00000000100049c4                ssl_transport_write
 .text.repeating_timer_callback
                0x00000000100049d0       0x38 CMakeFiles/minerMaster.dir/__/__/port/aws-iot-device-sdk-embedded-C/src/timer_interface.c.obj
                0x00000000100049d0                repeating_timer_callback
 .text.millis   0x0000000010004a08        0xc CMakeFiles/minerMaster.dir/__/__/port/aws-iot-device-sdk-embedded-C/src/timer_interface.c.obj
                0x0000000010004a08                millis
 .text.is_ipaddr
                0x0000000010004a14       0xcc CMakeFiles/minerMaster.dir/__/__/port/aws-iot-device-sdk-embedded-C/src/util.c.obj
                0x0000000010004a14                is_ipaddr
 .text.set_sys_clock_pll
                0x0000000010004ae0       0x78 CMakeFiles/minerMaster.dir/__/__/libraries/pico-sdk/src/rp2_common/pico_stdlib/stdlib.c.obj
                0x0000000010004ae0                set_sys_clock_pll
 .text.check_sys_clock_khz
                0x0000000010004b58      0x178 CMakeFiles/minerMaster.dir/__/__/libraries/pico-sdk/src/rp2_common/pico_stdlib/stdlib.c.obj
                0x0000000010004b58                check_sys_clock_khz
 .text.gpio_set_function
                0x0000000010004cd0       0x30 CMakeFiles/minerMaster.dir/__/__/libraries/pico-sdk/src/rp2_common/hardware_gpio/gpio.c.obj
                0x0000000010004cd0                gpio_set_function
 .text.gpio_set_pulls
                0x0000000010004d00       0x30 CMakeFiles/minerMaster.dir/__/__/libraries/pico-sdk/src/rp2_common/hardware_gpio/gpio.c.obj
                0x0000000010004d00                gpio_set_pulls
 .text.gpio_init
                0x0000000010004d30       0x3c CMakeFiles/minerMaster.dir/__/__/libraries/pico-sdk/src/rp2_common/hardware_gpio/gpio.c.obj
                0x0000000010004d30                gpio_init
 .text.hw_claim_or_assert
                0x0000000010004d6c       0x44 CMakeFiles/minerMaster.dir/__/__/libraries/pico-sdk/src/rp2_common/hardware_claim/claim.c.obj
                0x0000000010004d6c                hw_claim_or_assert
 .text.hw_claim_unused_from_range
                0x0000000010004db0       0x9c CMakeFiles/minerMaster.dir/__/__/libraries/pico-sdk/src/rp2_common/hardware_claim/claim.c.obj
                0x0000000010004db0                hw_claim_unused_from_range
 .text.running_on_fpga
                0x0000000010004e4c       0x10 CMakeFiles/minerMaster.dir/__/__/libraries/pico-sdk/src/rp2_common/pico_platform/platform.c.obj
                0x0000000010004e4c                running_on_fpga
 .text.spin_locks_reset
                0x0000000010004e5c       0x1c CMakeFiles/minerMaster.dir/__/__/libraries/pico-sdk/src/rp2_common/hardware_sync/sync.c.obj
                0x0000000010004e5c                spin_locks_reset
 .text.next_striped_spin_lock_num
                0x0000000010004e78       0x18 CMakeFiles/minerMaster.dir/__/__/libraries/pico-sdk/src/rp2_common/hardware_sync/sync.c.obj
                0x0000000010004e78                next_striped_spin_lock_num
 .text.spin_lock_claim_unused
                0x0000000010004e90       0x20 CMakeFiles/minerMaster.dir/__/__/libraries/pico-sdk/src/rp2_common/hardware_sync/sync.c.obj
                0x0000000010004e90                spin_lock_claim_unused
 .text.uart_init
                0x0000000010004eb0       0xe0 CMakeFiles/minerMaster.dir/__/__/libraries/pico-sdk/src/rp2_common/hardware_uart/uart.c.obj
                0x0000000010004eb0                uart_init
 .text.timer_pool_entry_comparator
                0x0000000010004f90       0x34 CMakeFiles/minerMaster.dir/__/__/libraries/pico-sdk/src/common/pico_time/time.c.obj
                0x0000000010004f90                timer_pool_entry_comparator
 .text.repeating_timer_callback
                0x0000000010004fc4       0x1c CMakeFiles/minerMaster.dir/__/__/libraries/pico-sdk/src/common/pico_time/time.c.obj
 .text.sleep_until_callback
                0x0000000010004fe0       0x30 CMakeFiles/minerMaster.dir/__/__/libraries/pico-sdk/src/common/pico_time/time.c.obj
 .text.add_alarm_under_lock.isra.0
                0x0000000010005010      0x100 CMakeFiles/minerMaster.dir/__/__/libraries/pico-sdk/src/common/pico_time/time.c.obj
 .text.alarm_pool_alarm_callback
                0x0000000010005110      0x1c8 CMakeFiles/minerMaster.dir/__/__/libraries/pico-sdk/src/common/pico_time/time.c.obj
 .text.alarm_pool_add_alarm_at.constprop.0
                0x00000000100052d8      0x11c CMakeFiles/minerMaster.dir/__/__/libraries/pico-sdk/src/common/pico_time/time.c.obj
 .text.alarm_pool_init_default
                0x00000000100053f4       0x64 CMakeFiles/minerMaster.dir/__/__/libraries/pico-sdk/src/common/pico_time/time.c.obj
                0x00000000100053f4                alarm_pool_init_default
 .text.alarm_pool_get_default
                0x0000000010005458        0x8 CMakeFiles/minerMaster.dir/__/__/libraries/pico-sdk/src/common/pico_time/time.c.obj
                0x0000000010005458                alarm_pool_get_default
 .text.alarm_pool_add_repeating_timer_us
                0x0000000010005460      0x22c CMakeFiles/minerMaster.dir/__/__/libraries/pico-sdk/src/common/pico_time/time.c.obj
                0x0000000010005460                alarm_pool_add_repeating_timer_us
 .text.sleep_until
                0x000000001000568c       0xac CMakeFiles/minerMaster.dir/__/__/libraries/pico-sdk/src/common/pico_time/time.c.obj
                0x000000001000568c                sleep_until
 .text.sleep_ms
                0x0000000010005738       0x38 CMakeFiles/minerMaster.dir/__/__/libraries/pico-sdk/src/common/pico_time/time.c.obj
                0x0000000010005738                sleep_ms
 .text.check_single_timeout_us
                0x0000000010005770       0x28 CMakeFiles/minerMaster.dir/__/__/libraries/pico-sdk/src/common/pico_time/timeout_helper.c.obj
 .text.init_single_timeout_until
                0x0000000010005798        0xc CMakeFiles/minerMaster.dir/__/__/libraries/pico-sdk/src/common/pico_time/timeout_helper.c.obj
                0x0000000010005798                init_single_timeout_until
 .text.hardware_alarm_irq_handler
                0x00000000100057a4       0xb8 CMakeFiles/minerMaster.dir/__/__/libraries/pico-sdk/src/rp2_common/hardware_timer/timer.c.obj
 .text.hardware_alarm_claim
                0x000000001000585c       0x18 CMakeFiles/minerMaster.dir/__/__/libraries/pico-sdk/src/rp2_common/hardware_timer/timer.c.obj
                0x000000001000585c                hardware_alarm_claim
 .text.time_us_64
                0x0000000010005874       0x14 CMakeFiles/minerMaster.dir/__/__/libraries/pico-sdk/src/rp2_common/hardware_timer/timer.c.obj
                0x0000000010005874                time_us_64
 .text.busy_wait_until
                0x0000000010005888       0x20 CMakeFiles/minerMaster.dir/__/__/libraries/pico-sdk/src/rp2_common/hardware_timer/timer.c.obj
                0x0000000010005888                busy_wait_until
 .text.hardware_alarm_set_callback
                0x00000000100058a8       0x8c CMakeFiles/minerMaster.dir/__/__/libraries/pico-sdk/src/rp2_common/hardware_timer/timer.c.obj
                0x00000000100058a8                hardware_alarm_set_callback
 .text.hardware_alarm_set_target
                0x0000000010005934       0xe0 CMakeFiles/minerMaster.dir/__/__/libraries/pico-sdk/src/rp2_common/hardware_timer/timer.c.obj
                0x0000000010005934                hardware_alarm_set_target
 .text.hardware_alarm_cancel
                0x0000000010005a14       0x3c CMakeFiles/minerMaster.dir/__/__/libraries/pico-sdk/src/rp2_common/hardware_timer/timer.c.obj
                0x0000000010005a14                hardware_alarm_cancel
 .text.lock_init
                0x0000000010005a50       0x10 CMakeFiles/minerMaster.dir/__/__/libraries/pico-sdk/src/common/pico_sync/lock_core.c.obj
                0x0000000010005a50                lock_init
 .text.mutex_init
                0x0000000010005a60       0x1c CMakeFiles/minerMaster.dir/__/__/libraries/pico-sdk/src/common/pico_sync/mutex.c.obj
                0x0000000010005a60                mutex_init
 .text.recursive_mutex_init
                0x0000000010005a7c       0x1c CMakeFiles/minerMaster.dir/__/__/libraries/pico-sdk/src/common/pico_sync/mutex.c.obj
                0x0000000010005a7c                recursive_mutex_init
 .text.critical_section_init
                0x0000000010005a98       0x20 CMakeFiles/minerMaster.dir/__/__/libraries/pico-sdk/src/common/pico_sync/critical_section.c.obj
                0x0000000010005a98                critical_section_init
 .text.ph_merge_nodes
                0x0000000010005ab8       0x68 CMakeFiles/minerMaster.dir/__/__/libraries/pico-sdk/src/common/pico_util/pheap.c.obj
 .text.ph_post_alloc_init
                0x0000000010005b20       0x3c CMakeFiles/minerMaster.dir/__/__/libraries/pico-sdk/src/common/pico_util/pheap.c.obj
                0x0000000010005b20                ph_post_alloc_init
 .text.ph_merge_two_pass
                0x0000000010005b5c       0x90 CMakeFiles/minerMaster.dir/__/__/libraries/pico-sdk/src/common/pico_util/pheap.c.obj
                0x0000000010005b5c                ph_merge_two_pass
 .text.ph_remove_any_head
                0x0000000010005bec       0xf8 CMakeFiles/minerMaster.dir/__/__/libraries/pico-sdk/src/common/pico_util/pheap.c.obj
 .text.ph_remove_head
                0x0000000010005ce4       0xfc CMakeFiles/minerMaster.dir/__/__/libraries/pico-sdk/src/common/pico_util/pheap.c.obj
                0x0000000010005ce4                ph_remove_head
 .text.ph_remove_and_free_node
                0x0000000010005de0       0x7c CMakeFiles/minerMaster.dir/__/__/libraries/pico-sdk/src/common/pico_util/pheap.c.obj
                0x0000000010005de0                ph_remove_and_free_node
 .text.runtime_init
                0x0000000010005e5c       0xf0 CMakeFiles/minerMaster.dir/__/__/libraries/pico-sdk/src/rp2_common/pico_runtime/runtime.c.obj
                0x0000000010005e5c                runtime_init
 .text._sbrk    0x0000000010005f4c       0x34 CMakeFiles/minerMaster.dir/__/__/libraries/pico-sdk/src/rp2_common/pico_runtime/runtime.c.obj
                0x0000000010005f4c                _sbrk
 .text.exit     0x0000000010005f80        0x4 CMakeFiles/minerMaster.dir/__/__/libraries/pico-sdk/src/rp2_common/pico_runtime/runtime.c.obj
                0x0000000010005f80                exit
 .text.panic    0x0000000010005f84       0x30 CMakeFiles/minerMaster.dir/__/__/libraries/pico-sdk/src/rp2_common/pico_runtime/runtime.c.obj
                0x0000000010005f84                panic
 .text.hard_assertion_failure
                0x0000000010005fb4        0xc CMakeFiles/minerMaster.dir/__/__/libraries/pico-sdk/src/rp2_common/pico_runtime/runtime.c.obj
                0x0000000010005fb4                hard_assertion_failure
 .text.clock_configure
                0x0000000010005fc0      0x114 CMakeFiles/minerMaster.dir/__/__/libraries/pico-sdk/src/rp2_common/hardware_clocks/clocks.c.obj
                0x0000000010005fc0                clock_configure
 .text.clocks_init
                0x00000000100060d4      0x2bc CMakeFiles/minerMaster.dir/__/__/libraries/pico-sdk/src/rp2_common/hardware_clocks/clocks.c.obj
                0x00000000100060d4                clocks_init
 .text.clock_get_hz
                0x0000000010006390        0xc CMakeFiles/minerMaster.dir/__/__/libraries/pico-sdk/src/rp2_common/hardware_clocks/clocks.c.obj
                0x0000000010006390                clock_get_hz
 .text.irq_set_enabled
                0x000000001000639c       0x24 CMakeFiles/minerMaster.dir/__/__/libraries/pico-sdk/src/rp2_common/hardware_irq/irq.c.obj
                0x000000001000639c                irq_set_enabled
 .text.irq_is_enabled
                0x00000000100063c0       0x18 CMakeFiles/minerMaster.dir/__/__/libraries/pico-sdk/src/rp2_common/hardware_irq/irq.c.obj
                0x00000000100063c0                irq_is_enabled
 .text.irq_get_vtable_handler
                0x00000000100063d8       0x10 CMakeFiles/minerMaster.dir/__/__/libraries/pico-sdk/src/rp2_common/hardware_irq/irq.c.obj
                0x00000000100063d8                irq_get_vtable_handler
 .text.irq_set_exclusive_handler
                0x00000000100063e8       0x54 CMakeFiles/minerMaster.dir/__/__/libraries/pico-sdk/src/rp2_common/hardware_irq/irq.c.obj
                0x00000000100063e8                irq_set_exclusive_handler
 .text.irq_remove_handler
                0x000000001000643c      0x1b4 CMakeFiles/minerMaster.dir/__/__/libraries/pico-sdk/src/rp2_common/hardware_irq/irq.c.obj
                0x000000001000643c                irq_remove_handler
 .text.irq_add_tail_to_free_list
                0x00000000100065f0       0xb4 CMakeFiles/minerMaster.dir/__/__/libraries/pico-sdk/src/rp2_common/hardware_irq/irq.c.obj
                0x00000000100065f0                irq_add_tail_to_free_list
 .text.irq_init_priorities
                0x00000000100066a4       0x24 CMakeFiles/minerMaster.dir/__/__/libraries/pico-sdk/src/rp2_common/hardware_irq/irq.c.obj
                0x00000000100066a4                irq_init_priorities
 .text.pll_init
                0x00000000100066c8       0xa8 CMakeFiles/minerMaster.dir/__/__/libraries/pico-sdk/src/rp2_common/hardware_pll/pll.c.obj
                0x00000000100066c8                pll_init
 .text.watchdog_start_tick
                0x0000000010006770       0x10 CMakeFiles/minerMaster.dir/__/__/libraries/pico-sdk/src/rp2_common/hardware_watchdog/watchdog.c.obj
                0x0000000010006770                watchdog_start_tick
 .text.xosc_init
                0x0000000010006780       0x28 CMakeFiles/minerMaster.dir/__/__/libraries/pico-sdk/src/rp2_common/hardware_xosc/xosc.c.obj
                0x0000000010006780                xosc_init
 .text._out_buffer
                0x00000000100067a8        0x8 CMakeFiles/minerMaster.dir/__/__/libraries/pico-sdk/src/rp2_common/pico_printf/printf.c.obj
 .text._out_null
                0x00000000100067b0        0x4 CMakeFiles/minerMaster.dir/__/__/libraries/pico-sdk/src/rp2_common/pico_printf/printf.c.obj
 .text._out_rev
                0x00000000100067b4       0x9c CMakeFiles/minerMaster.dir/__/__/libraries/pico-sdk/src/rp2_common/pico_printf/printf.c.obj
 .text._ntoa_format
                0x0000000010006850      0x1cc CMakeFiles/minerMaster.dir/__/__/libraries/pico-sdk/src/rp2_common/pico_printf/printf.c.obj
 .text._out_char
                0x0000000010006a1c       0x10 CMakeFiles/minerMaster.dir/__/__/libraries/pico-sdk/src/rp2_common/pico_printf/printf.c.obj
 .text._out_fct
                0x0000000010006a2c       0x10 CMakeFiles/minerMaster.dir/__/__/libraries/pico-sdk/src/rp2_common/pico_printf/printf.c.obj
 .text._etoa    0x0000000010006a3c      0x44c CMakeFiles/minerMaster.dir/__/__/libraries/pico-sdk/src/rp2_common/pico_printf/printf.c.obj
 .text._ftoa    0x0000000010006e88      0x398 CMakeFiles/minerMaster.dir/__/__/libraries/pico-sdk/src/rp2_common/pico_printf/printf.c.obj
 .text._vsnprintf
                0x0000000010007220      0xb04 CMakeFiles/minerMaster.dir/__/__/libraries/pico-sdk/src/rp2_common/pico_printf/printf.c.obj
 .text.__wrap_sprintf
                0x0000000010007d24       0x28 CMakeFiles/minerMaster.dir/__/__/libraries/pico-sdk/src/rp2_common/pico_printf/printf.c.obj
                0x0000000010007d24                __wrap_sprintf
 .text.__wrap_snprintf
                0x0000000010007d4c       0x28 CMakeFiles/minerMaster.dir/__/__/libraries/pico-sdk/src/rp2_common/pico_printf/printf.c.obj
                0x0000000010007d4c                __wrap_snprintf
 .text.vfctprintf
                0x0000000010007d74       0x20 CMakeFiles/minerMaster.dir/__/__/libraries/pico-sdk/src/rp2_common/pico_printf/printf.c.obj
                0x0000000010007d74                vfctprintf
 .text.weak_raw_vprintf
                0x0000000010007d94       0x30 CMakeFiles/minerMaster.dir/__/__/libraries/pico-sdk/src/rp2_common/pico_printf/printf.c.obj
                0x0000000010007d94                weak_raw_vprintf
 .text          0x0000000010007dc4       0x10 CMakeFiles/minerMaster.dir/__/__/libraries/pico-sdk/src/rp2_common/pico_bit_ops/bit_ops_aeabi.S.obj
 .text.rom_func_lookup
                0x0000000010007dd4       0x10 CMakeFiles/minerMaster.dir/__/__/libraries/pico-sdk/src/rp2_common/pico_bootrom/bootrom.c.obj
                0x0000000010007dd4                rom_func_lookup
 .text.rom_data_lookup
                0x0000000010007de4       0x10 CMakeFiles/minerMaster.dir/__/__/libraries/pico-sdk/src/rp2_common/pico_bootrom/bootrom.c.obj
                0x0000000010007de4                rom_data_lookup
 .text.rom_funcs_lookup
                0x0000000010007df4       0x44 CMakeFiles/minerMaster.dir/__/__/libraries/pico-sdk/src/rp2_common/pico_bootrom/bootrom.c.obj
                0x0000000010007df4                rom_funcs_lookup
 .text.__wrap___aeabi_idiv
                0x0000000010007e38       0x50 CMakeFiles/minerMaster.dir/__/__/libraries/pico-sdk/src/rp2_common/pico_divider/divider.S.obj
                0x0000000010007e38                __wrap___aeabi_idivmod
                0x0000000010007e38                divmod_s32s32
                0x0000000010007e38                div_s32s32
                0x0000000010007e38                __wrap___aeabi_idiv
                0x0000000010007e40                divmod_s32s32_unsafe
                0x0000000010007e6c                divmod_s32s32_savestate
 .text.__wrap___aeabi_uidiv
                0x0000000010007e88       0x4c CMakeFiles/minerMaster.dir/__/__/libraries/pico-sdk/src/rp2_common/pico_divider/divider.S.obj
                0x0000000010007e88                __wrap___aeabi_uidiv
                0x0000000010007e88                __wrap___aeabi_uidivmod
                0x0000000010007e88                div_u32u32
                0x0000000010007e88                divmod_u32u32
                0x0000000010007e90                divmod_u32u32_unsafe
                0x0000000010007eb8                divmod_u32u32_savestate
 .text.__wrap___aeabi_ldiv
                0x0000000010007ed4      0x434 CMakeFiles/minerMaster.dir/__/__/libraries/pico-sdk/src/rp2_common/pico_divider/divider.S.obj
                0x0000000010007ed4                __wrap___aeabi_ldivmod
                0x0000000010007ed4                div_s64s64
                0x0000000010007ed4                divmod_s64s64
                0x0000000010007f0c                divmod_u64u64
                0x0000000010007f0c                div_u64u64
                0x0000000010007f0c                __wrap___aeabi_uldivmod
                0x0000000010007f1c                divmod_u64u64_savestate
                0x0000000010007f44                divmod_s64s64_unsafe
                0x0000000010007fcc                divmod_u64u64_unsafe
 .text.__wrap___aeabi_darithmetic
                0x0000000010008308       0x80 CMakeFiles/minerMaster.dir/__/__/libraries/pico-sdk/src/rp2_common/pico_double/double_aeabi.S.obj
                0x0000000010008308                __wrap___aeabi_drsub
                0x000000001000830e                __wrap___aeabi_dsub
                0x0000000010008320                __wrap___aeabi_dadd
                0x0000000010008332                __wrap___aeabi_ddiv
                0x000000001000836e                __wrap___aeabi_dmul
 .text.__wrap___aeabi_cdcmple
                0x0000000010008388       0x6c CMakeFiles/minerMaster.dir/__/__/libraries/pico-sdk/src/rp2_common/pico_double/double_aeabi.S.obj
                0x0000000010008388                __wrap___aeabi_cdrcmple
                0x0000000010008398                __wrap___aeabi_cdcmple
                0x0000000010008398                __wrap___aeabi_cdcmpeq
 .text.__wrap___aeabi_dcmplt
                0x00000000100083f4        0xc CMakeFiles/minerMaster.dir/__/__/libraries/pico-sdk/src/rp2_common/pico_double/double_aeabi.S.obj
                0x00000000100083f4                __wrap___aeabi_dcmplt
 .text.__wrap___aeabi_dcmple
                0x0000000010008400       0x10 CMakeFiles/minerMaster.dir/__/__/libraries/pico-sdk/src/rp2_common/pico_double/double_aeabi.S.obj
                0x0000000010008400                __wrap___aeabi_dcmple
 .text.__wrap___aeabi_dcmpge
                0x0000000010008410       0x10 CMakeFiles/minerMaster.dir/__/__/libraries/pico-sdk/src/rp2_common/pico_double/double_aeabi.S.obj
                0x0000000010008410                __wrap___aeabi_dcmpge
 .text.__wrap___aeabi_dcmpgt
                0x0000000010008420        0xa CMakeFiles/minerMaster.dir/__/__/libraries/pico-sdk/src/rp2_common/pico_double/double_aeabi.S.obj
                0x0000000010008420                __wrap___aeabi_dcmpgt
 .text.__wrap___aeabi_dcmpun
                0x000000001000842a       0x1c CMakeFiles/minerMaster.dir/__/__/libraries/pico-sdk/src/rp2_common/pico_double/double_aeabi.S.obj
                0x000000001000842a                __wrap___aeabi_dcmpun
 *fill*         0x0000000010008446        0x2 
 .text.__wrap___aeabi_i2d
                0x0000000010008448       0x38 CMakeFiles/minerMaster.dir/__/__/libraries/pico-sdk/src/rp2_common/pico_double/double_aeabi.S.obj
                0x0000000010008448                __wrap___aeabi_ui2d
                0x0000000010008450                __wrap___aeabi_i2d
 .text.__wrap___aeabi_d2iz
                0x0000000010008480       0x48 CMakeFiles/minerMaster.dir/__/__/libraries/pico-sdk/src/rp2_common/pico_double/double_aeabi.S.obj
                0x0000000010008480                __wrap___aeabi_d2iz
                0x0000000010008480                double2int_z
 .text.__wrap___aeabi_d2uiz
                0x00000000100084c8       0x18 CMakeFiles/minerMaster.dir/__/__/libraries/pico-sdk/src/rp2_common/pico_double/double_aeabi.S.obj
                0x00000000100084c8                double2uint
                0x00000000100084c8                __wrap___aeabi_d2uiz
 .text.__wrap___aeabi_d2f
                0x00000000100084e0       0x18 CMakeFiles/minerMaster.dir/__/__/libraries/pico-sdk/src/rp2_common/pico_double/double_aeabi.S.obj
                0x00000000100084e0                __wrap___aeabi_d2f
 .text.__aeabi_double_init
                0x00000000100084f8       0x94 CMakeFiles/minerMaster.dir/__/__/libraries/pico-sdk/src/rp2_common/pico_double/double_init_rom.c.obj
                0x00000000100084f8                __aeabi_double_init
 .text.double_table_shim_on_use_helper
                0x000000001000858c       0x2c CMakeFiles/minerMaster.dir/__/__/libraries/pico-sdk/src/rp2_common/pico_double/double_v1_rom_shim.S.obj
                0x000000001000858c                double_table_shim_on_use_helper
 .text.__wrap___aeabi_dsub
                0x00000000100085b8       0x10 CMakeFiles/minerMaster.dir/__/__/libraries/pico-sdk/src/rp2_common/pico_double/double_v1_rom_shim.S.obj
                0x00000000100085b8                drsub_shim
                0x00000000100085be                dsub_shim
 .text.dadd_shim
                0x00000000100085c8      0x15c CMakeFiles/minerMaster.dir/__/__/libraries/pico-sdk/src/rp2_common/pico_double/double_v1_rom_shim.S.obj
                0x00000000100085c8                dadd_shim
 .text.dmul_shim
                0x0000000010008724      0x15c CMakeFiles/minerMaster.dir/__/__/libraries/pico-sdk/src/rp2_common/pico_double/double_v1_rom_shim.S.obj
                0x0000000010008724                dmul_shim
 .text.ddiv_shim
                0x0000000010008880      0x1b0 CMakeFiles/minerMaster.dir/__/__/libraries/pico-sdk/src/rp2_common/pico_double/double_v1_rom_shim.S.obj
                0x0000000010008880                ddiv_shim
 .text.double2uint_shim
                0x0000000010008a30        0xe CMakeFiles/minerMaster.dir/__/__/libraries/pico-sdk/src/rp2_common/pico_double/double_v1_rom_shim.S.obj
                0x0000000010008a30                double2uint_shim
                0x0000000010008a32                double2ufix_shim
 *fill*         0x0000000010008a3e        0x2 
 .text.double2uint64_shim
                0x0000000010008a40       0x70 CMakeFiles/minerMaster.dir/__/__/libraries/pico-sdk/src/rp2_common/pico_double/double_v1_rom_shim.S.obj
                0x0000000010008a40                double2uint64_shim
                0x0000000010008a42                double2ufix64_shim
                0x0000000010008a62                d2fix_a
 .text.double2float_shim
                0x0000000010008ab0       0x5c CMakeFiles/minerMaster.dir/__/__/libraries/pico-sdk/src/rp2_common/pico_double/double_v1_rom_shim.S.obj
                0x0000000010008ab0                double2float_shim
 .text.dunpacks
                0x0000000010008b0c       0x3c CMakeFiles/minerMaster.dir/__/__/libraries/pico-sdk/src/rp2_common/pico_double/double_v1_rom_shim.S.obj
                0x0000000010008b0c                dunpacks
 .text.__aeabi_lmul
                0x0000000010008b48       0x32 CMakeFiles/minerMaster.dir/__/__/libraries/pico-sdk/src/rp2_common/pico_int64_ops/pico_int64_ops_aeabi.S.obj
                0x0000000010008b48                __wrap___aeabi_lmul
 *fill*         0x0000000010008b7a        0x2 
 .text.__wrap___aeabi_farithmetic
                0x0000000010008b7c       0x48 CMakeFiles/minerMaster.dir/__/__/libraries/pico-sdk/src/rp2_common/pico_float/float_aeabi.S.obj
                0x0000000010008b7c                __wrap___aeabi_frsub
                0x0000000010008b82                __wrap___aeabi_fsub
                0x0000000010008b88                __wrap___aeabi_fadd
                0x0000000010008b8e                __wrap___aeabi_fdiv
                0x0000000010008bb6                __wrap___aeabi_fmul
 .text.__wrap___aeabi_i2f
                0x0000000010008bc4       0x44 CMakeFiles/minerMaster.dir/__/__/libraries/pico-sdk/src/rp2_common/pico_float/float_aeabi.S.obj
                0x0000000010008bc4                __wrap___aeabi_i2f
 .text.__wrap___aeabi_f2d
                0x0000000010008c08       0x14 CMakeFiles/minerMaster.dir/__/__/libraries/pico-sdk/src/rp2_common/pico_float/float_aeabi.S.obj
                0x0000000010008c08                __wrap___aeabi_f2d
 .text.__aeabi_float_init
                0x0000000010008c1c       0x64 CMakeFiles/minerMaster.dir/__/__/libraries/pico-sdk/src/rp2_common/pico_float/float_init_rom.c.obj
                0x0000000010008c1c                __aeabi_float_init
 .text.float_table_shim_on_use_helper
                0x0000000010008c80       0x2c CMakeFiles/minerMaster.dir/__/__/libraries/pico-sdk/src/rp2_common/pico_float/float_v1_rom_shim.S.obj
                0x0000000010008c80                float_table_shim_on_use_helper
 .text.float2double_shim
                0x0000000010008cac       0x30 CMakeFiles/minerMaster.dir/__/__/libraries/pico-sdk/src/rp2_common/pico_float/float_v1_rom_shim.S.obj
                0x0000000010008cac                float2double_shim
 .text.__wrap_malloc
                0x0000000010008cdc       0x3c CMakeFiles/minerMaster.dir/__/__/libraries/pico-sdk/src/rp2_common/pico_malloc/pico_malloc.c.obj
                0x0000000010008cdc                __wrap_malloc
 .text.__wrap_calloc
                0x0000000010008d18       0x40 CMakeFiles/minerMaster.dir/__/__/libraries/pico-sdk/src/rp2_common/pico_malloc/pico_malloc.c.obj
                0x0000000010008d18                __wrap_calloc
 .text.__wrap_free
                0x0000000010008d58       0x20 CMakeFiles/minerMaster.dir/__/__/libraries/pico-sdk/src/rp2_common/pico_malloc/pico_malloc.c.obj
                0x0000000010008d58                __wrap_free
 .text          0x0000000010008d78       0x10 CMakeFiles/minerMaster.dir/__/__/libraries/pico-sdk/src/rp2_common/pico_mem_ops/mem_ops_aeabi.S.obj
                0x0000000010008d78                __aeabi_mem_init
 .text.memset   0x0000000010008d88        0xc CMakeFiles/minerMaster.dir/__/__/libraries/pico-sdk/src/rp2_common/pico_mem_ops/mem_ops_aeabi.S.obj
                0x0000000010008d88                __wrap_memset
 .text.memcpy   0x0000000010008d94        0xc CMakeFiles/minerMaster.dir/__/__/libraries/pico-sdk/src/rp2_common/pico_mem_ops/mem_ops_aeabi.S.obj
                0x0000000010008d94                __wrap___aeabi_memcpy
                0x0000000010008d94                __wrap_memcpy
 .text.stdio_out_chars_no_crlf
                0x0000000010008da0       0x10 CMakeFiles/minerMaster.dir/__/__/libraries/pico-sdk/src/rp2_common/pico_stdio/stdio.c.obj
 .text.stdio_out_chars_crlf
                0x0000000010008db0       0xb4 CMakeFiles/minerMaster.dir/__/__/libraries/pico-sdk/src/rp2_common/pico_stdio/stdio.c.obj
 .text.stdio_buffered_printer
                0x0000000010008e64       0x64 CMakeFiles/minerMaster.dir/__/__/libraries/pico-sdk/src/rp2_common/pico_stdio/stdio.c.obj
 .text.stdio_put_string.isra.0
                0x0000000010008ec8       0xfc CMakeFiles/minerMaster.dir/__/__/libraries/pico-sdk/src/rp2_common/pico_stdio/stdio.c.obj
 .text.__wrap_putchar
                0x0000000010008fc4       0xa0 CMakeFiles/minerMaster.dir/__/__/libraries/pico-sdk/src/rp2_common/pico_stdio/stdio.c.obj
                0x0000000010008fc4                __wrap_putchar
 .text.__wrap_puts
                0x0000000010009064       0x3c CMakeFiles/minerMaster.dir/__/__/libraries/pico-sdk/src/rp2_common/pico_stdio/stdio.c.obj
                0x0000000010009064                __wrap_puts
 .text.stdio_set_driver_enabled
                0x00000000100090a0       0x3c CMakeFiles/minerMaster.dir/__/__/libraries/pico-sdk/src/rp2_common/pico_stdio/stdio.c.obj
                0x00000000100090a0                stdio_set_driver_enabled
 .text.__wrap_vprintf
                0x00000000100090dc       0xd8 CMakeFiles/minerMaster.dir/__/__/libraries/pico-sdk/src/rp2_common/pico_stdio/stdio.c.obj
                0x00000000100090dc                __wrap_vprintf
 .text.__wrap_printf
                0x00000000100091b4       0x18 CMakeFiles/minerMaster.dir/__/__/libraries/pico-sdk/src/rp2_common/pico_stdio/stdio.c.obj
                0x00000000100091b4                __wrap_printf
 .text.stdio_init_all
                0x00000000100091cc        0x8 CMakeFiles/minerMaster.dir/__/__/libraries/pico-sdk/src/rp2_common/pico_stdio/stdio.c.obj
                0x00000000100091cc                stdio_init_all
 .text.stdio_uart_out_chars
                0x00000000100091d4       0x4c CMakeFiles/minerMaster.dir/__/__/libraries/pico-sdk/src/rp2_common/pico_stdio_uart/stdio_uart.c.obj
 .text.stdio_uart_in_chars
                0x0000000010009220       0x38 CMakeFiles/minerMaster.dir/__/__/libraries/pico-sdk/src/rp2_common/pico_stdio_uart/stdio_uart.c.obj
                0x0000000010009220                stdio_uart_in_chars
 .text.stdio_uart_init
                0x0000000010009258       0x48 CMakeFiles/minerMaster.dir/__/__/libraries/pico-sdk/src/rp2_common/pico_stdio_uart/stdio_uart.c.obj
                0x0000000010009258                stdio_uart_init
 .text.default_ip_assign
                0x00000000100092a0       0x30 CMakeFiles/minerMaster.dir/__/__/libraries/ioLibrary_Driver/Internet/DHCP/dhcp.c.obj
                0x00000000100092a0                default_ip_assign
 .text.default_ip_conflict
                0x00000000100092d0       0x20 CMakeFiles/minerMaster.dir/__/__/libraries/ioLibrary_Driver/Internet/DHCP/dhcp.c.obj
                0x00000000100092d0                default_ip_conflict
 .text.default_ip_update
                0x00000000100092f0       0x4c CMakeFiles/minerMaster.dir/__/__/libraries/ioLibrary_Driver/Internet/DHCP/dhcp.c.obj
                0x00000000100092f0                default_ip_update
 .text.reg_dhcp_cbfunc
                0x000000001000933c       0x40 CMakeFiles/minerMaster.dir/__/__/libraries/ioLibrary_Driver/Internet/DHCP/dhcp.c.obj
                0x000000001000933c                reg_dhcp_cbfunc
 .text.makeDHCPMSG
                0x000000001000937c       0x84 CMakeFiles/minerMaster.dir/__/__/libraries/ioLibrary_Driver/Internet/DHCP/dhcp.c.obj
                0x000000001000937c                makeDHCPMSG
 .text.send_DHCP_DISCOVER
                0x0000000010009400      0x280 CMakeFiles/minerMaster.dir/__/__/libraries/ioLibrary_Driver/Internet/DHCP/dhcp.c.obj
                0x0000000010009400                send_DHCP_DISCOVER
 .text.send_DHCP_REQUEST
                0x0000000010009680      0x3dc CMakeFiles/minerMaster.dir/__/__/libraries/ioLibrary_Driver/Internet/DHCP/dhcp.c.obj
                0x0000000010009680                send_DHCP_REQUEST
 .text.send_DHCP_DECLINE
                0x0000000010009a5c       0xac CMakeFiles/minerMaster.dir/__/__/libraries/ioLibrary_Driver/Internet/DHCP/dhcp.c.obj
                0x0000000010009a5c                send_DHCP_DECLINE
 .text.parseDHCPMSG
                0x0000000010009b08      0x1bc CMakeFiles/minerMaster.dir/__/__/libraries/ioLibrary_Driver/Internet/DHCP/dhcp.c.obj
                0x0000000010009b08                parseDHCPMSG
 .text.check_DHCP_timeout
                0x0000000010009cc4       0xac CMakeFiles/minerMaster.dir/__/__/libraries/ioLibrary_Driver/Internet/DHCP/dhcp.c.obj
                0x0000000010009cc4                check_DHCP_timeout
 .text.DHCP_run
                0x0000000010009d70      0x208 CMakeFiles/minerMaster.dir/__/__/libraries/ioLibrary_Driver/Internet/DHCP/dhcp.c.obj
                0x0000000010009d70                DHCP_run
 .text.DHCP_init
                0x0000000010009f78       0xb8 CMakeFiles/minerMaster.dir/__/__/libraries/ioLibrary_Driver/Internet/DHCP/dhcp.c.obj
                0x0000000010009f78                DHCP_init
 .text.DHCP_time_handler
                0x000000001000a030       0x10 CMakeFiles/minerMaster.dir/__/__/libraries/ioLibrary_Driver/Internet/DHCP/dhcp.c.obj
                0x000000001000a030                DHCP_time_handler
 .text.getIPfromDHCP
                0x000000001000a040       0x18 CMakeFiles/minerMaster.dir/__/__/libraries/ioLibrary_Driver/Internet/DHCP/dhcp.c.obj
                0x000000001000a040                getIPfromDHCP
 .text.getGWfromDHCP
                0x000000001000a058       0x18 CMakeFiles/minerMaster.dir/__/__/libraries/ioLibrary_Driver/Internet/DHCP/dhcp.c.obj
                0x000000001000a058                getGWfromDHCP
 .text.getSNfromDHCP
                0x000000001000a070       0x18 CMakeFiles/minerMaster.dir/__/__/libraries/ioLibrary_Driver/Internet/DHCP/dhcp.c.obj
                0x000000001000a070                getSNfromDHCP
 .text.getDNSfromDHCP
                0x000000001000a088       0x18 CMakeFiles/minerMaster.dir/__/__/libraries/ioLibrary_Driver/Internet/DHCP/dhcp.c.obj
                0x000000001000a088                getDNSfromDHCP
 .text.getDHCPLeasetime
                0x000000001000a0a0        0xc CMakeFiles/minerMaster.dir/__/__/libraries/ioLibrary_Driver/Internet/DHCP/dhcp.c.obj
                0x000000001000a0a0                getDHCPLeasetime
 .text.parse_name
                0x000000001000a0ac      0x148 CMakeFiles/minerMaster.dir/__/__/libraries/ioLibrary_Driver/Internet/DNS/dns.c.obj
                0x000000001000a0ac                parse_name
 .text.dns_answer
                0x000000001000a1f4       0xb4 CMakeFiles/minerMaster.dir/__/__/libraries/ioLibrary_Driver/Internet/DNS/dns.c.obj
                0x000000001000a1f4                dns_answer
 .text.parseDNSMSG
                0x000000001000a2a8       0xf0 CMakeFiles/minerMaster.dir/__/__/libraries/ioLibrary_Driver/Internet/DNS/dns.c.obj
                0x000000001000a2a8                parseDNSMSG
 .text.dns_makequery
                0x000000001000a398       0xc0 CMakeFiles/minerMaster.dir/__/__/libraries/ioLibrary_Driver/Internet/DNS/dns.c.obj
                0x000000001000a398                dns_makequery
 .text.DNS_init
                0x000000001000a458       0x20 CMakeFiles/minerMaster.dir/__/__/libraries/ioLibrary_Driver/Internet/DNS/dns.c.obj
                0x000000001000a458                DNS_init
 .text.DNS_time_handler
                0x000000001000a478       0x10 CMakeFiles/minerMaster.dir/__/__/libraries/ioLibrary_Driver/Internet/DNS/dns.c.obj
                0x000000001000a478                DNS_time_handler
 .text.getZeroTimestampMs
                0x000000001000a488        0x4 CMakeFiles/minerMaster.dir/__/__/libraries/aws-iot-device-sdk-embedded-C/libraries/standard/coreHTTP/source/core_http_client.c.obj
 .text.httpParserOnMessageBeginCallback
                0x000000001000a48c        0xc CMakeFiles/minerMaster.dir/__/__/libraries/aws-iot-device-sdk-embedded-C/libraries/standard/coreHTTP/source/core_http_client.c.obj
 .text.httpParserOnStatusCallback
                0x000000001000a498       0x1c CMakeFiles/minerMaster.dir/__/__/libraries/aws-iot-device-sdk-embedded-C/libraries/standard/coreHTTP/source/core_http_client.c.obj
 .text.httpParserOnHeaderValueCallback
                0x000000001000a4b4       0x1c CMakeFiles/minerMaster.dir/__/__/libraries/aws-iot-device-sdk-embedded-C/libraries/standard/coreHTTP/source/core_http_client.c.obj
 .text.httpParserOnMessageCompleteCallback
                0x000000001000a4d0        0xc CMakeFiles/minerMaster.dir/__/__/libraries/aws-iot-device-sdk-embedded-C/libraries/standard/coreHTTP/source/core_http_client.c.obj
 .text.httpParserOnBodyCallback
                0x000000001000a4dc       0x34 CMakeFiles/minerMaster.dir/__/__/libraries/aws-iot-device-sdk-embedded-C/libraries/standard/coreHTTP/source/core_http_client.c.obj
 .text.httpParserOnHeadersCompleteCallback
                0x000000001000a510       0x8c CMakeFiles/minerMaster.dir/__/__/libraries/aws-iot-device-sdk-embedded-C/libraries/standard/coreHTTP/source/core_http_client.c.obj
 .text.httpParserOnHeaderFieldCallback
                0x000000001000a59c       0x60 CMakeFiles/minerMaster.dir/__/__/libraries/aws-iot-device-sdk-embedded-C/libraries/standard/coreHTTP/source/core_http_client.c.obj
 .text.HTTPClient_InitializeRequestHeaders
                0x000000001000a5fc      0x2c0 CMakeFiles/minerMaster.dir/__/__/libraries/aws-iot-device-sdk-embedded-C/libraries/standard/coreHTTP/source/core_http_client.c.obj
                0x000000001000a5fc                HTTPClient_InitializeRequestHeaders
 .text.HTTPClient_AddHeader
                0x000000001000a8bc       0xd8 CMakeFiles/minerMaster.dir/__/__/libraries/aws-iot-device-sdk-embedded-C/libraries/standard/coreHTTP/source/core_http_client.c.obj
                0x000000001000a8bc                HTTPClient_AddHeader
 .text.HTTPClient_Send
                0x000000001000a994      0x430 CMakeFiles/minerMaster.dir/__/__/libraries/aws-iot-device-sdk-embedded-C/libraries/standard/coreHTTP/source/core_http_client.c.obj
                0x000000001000a994                HTTPClient_Send
 .text.HTTPClient_strerror
                0x000000001000adc4       0x14 CMakeFiles/minerMaster.dir/__/__/libraries/aws-iot-device-sdk-embedded-C/libraries/standard/coreHTTP/source/core_http_client.c.obj
                0x000000001000adc4                HTTPClient_strerror
 .text.parse_url_char
                0x000000001000add8      0x1b0 CMakeFiles/minerMaster.dir/__/__/libraries/aws-iot-device-sdk-embedded-C/libraries/standard/coreHTTP/source/dependency/3rdparty/http_parser/http_parser.c.obj
 .text.http_should_keep_alive
                0x000000001000af88       0x68 CMakeFiles/minerMaster.dir/__/__/libraries/aws-iot-device-sdk-embedded-C/libraries/standard/coreHTTP/source/dependency/3rdparty/http_parser/http_parser.c.obj
                0x000000001000af88                http_should_keep_alive
 .text.http_parser_execute
                0x000000001000aff0     0x34a8 CMakeFiles/minerMaster.dir/__/__/libraries/aws-iot-device-sdk-embedded-C/libraries/standard/coreHTTP/source/dependency/3rdparty/http_parser/http_parser.c.obj
                0x000000001000aff0                http_parser_execute
 .text.http_parser_init
                0x000000001000e498       0x3c CMakeFiles/minerMaster.dir/__/__/libraries/aws-iot-device-sdk-embedded-C/libraries/standard/coreHTTP/source/dependency/3rdparty/http_parser/http_parser.c.obj
                0x000000001000e498                http_parser_init
 .text.http_parser_settings_init
                0x000000001000e4d4        0xc CMakeFiles/minerMaster.dir/__/__/libraries/aws-iot-device-sdk-embedded-C/libraries/standard/coreHTTP/source/dependency/3rdparty/http_parser/http_parser.c.obj
                0x000000001000e4d4                http_parser_settings_init
 .text.http_parser_url_init
                0x000000001000e4e0        0xc CMakeFiles/minerMaster.dir/__/__/libraries/aws-iot-device-sdk-embedded-C/libraries/standard/coreHTTP/source/dependency/3rdparty/http_parser/http_parser.c.obj
                0x000000001000e4e0                http_parser_url_init
 .text.http_parser_parse_url
                0x000000001000e4ec      0x9d4 CMakeFiles/minerMaster.dir/__/__/libraries/aws-iot-device-sdk-embedded-C/libraries/standard/coreHTTP/source/dependency/3rdparty/http_parser/http_parser.c.obj
                0x000000001000e4ec                http_parser_parse_url
 .text.http_parser_set_max_header_size
                0x000000001000eec0        0xc CMakeFiles/minerMaster.dir/__/__/libraries/aws-iot-device-sdk-embedded-C/libraries/standard/coreHTTP/source/dependency/3rdparty/http_parser/http_parser.c.obj
                0x000000001000eec0                http_parser_set_max_header_size
 .text.skipSpaceAndComma
                0x000000001000eecc       0x90 CMakeFiles/minerMaster.dir/__/__/libraries/aws-iot-device-sdk-embedded-C/libraries/standard/coreJSON/source/core_json.c.obj
 .text.skipOneHexEscape
                0x000000001000ef5c       0xf8 CMakeFiles/minerMaster.dir/__/__/libraries/aws-iot-device-sdk-embedded-C/libraries/standard/coreJSON/source/core_json.c.obj
 .text.skipString
                0x000000001000f054      0x1b8 CMakeFiles/minerMaster.dir/__/__/libraries/aws-iot-device-sdk-embedded-C/libraries/standard/coreJSON/source/core_json.c.obj
 .text.skipAnyScalar
                0x000000001000f20c      0x304 CMakeFiles/minerMaster.dir/__/__/libraries/aws-iot-device-sdk-embedded-C/libraries/standard/coreJSON/source/core_json.c.obj
 .text.skipScalars
                0x000000001000f510      0x11c CMakeFiles/minerMaster.dir/__/__/libraries/aws-iot-device-sdk-embedded-C/libraries/standard/coreJSON/source/core_json.c.obj
 .text.skipCollection
                0x000000001000f62c       0xb8 CMakeFiles/minerMaster.dir/__/__/libraries/aws-iot-device-sdk-embedded-C/libraries/standard/coreJSON/source/core_json.c.obj
 .text.nextKeyValuePair
                0x000000001000f6e4       0xc8 CMakeFiles/minerMaster.dir/__/__/libraries/aws-iot-device-sdk-embedded-C/libraries/standard/coreJSON/source/core_json.c.obj
 .text.multiSearch.constprop.0
                0x000000001000f7ac      0x2a4 CMakeFiles/minerMaster.dir/__/__/libraries/aws-iot-device-sdk-embedded-C/libraries/standard/coreJSON/source/core_json.c.obj
 .text.JSON_Validate
                0x000000001000fa50       0xa4 CMakeFiles/minerMaster.dir/__/__/libraries/aws-iot-device-sdk-embedded-C/libraries/standard/coreJSON/source/core_json.c.obj
                0x000000001000fa50                JSON_Validate
 .text.JSON_SearchT
                0x000000001000faf4       0x98 CMakeFiles/minerMaster.dir/__/__/libraries/aws-iot-device-sdk-embedded-C/libraries/standard/coreJSON/source/core_json.c.obj
                0x000000001000faf4                JSON_SearchT
 .text.netif_initialize
                0x000000001000fb8c       0x38 CMakeFiles/minerMaster.dir/__/__/port/lwip/src/w5x00_lwip.c.obj
                0x000000001000fb8c                netif_initialize
 .text.netif_link_callback
                0x000000001000fbc4       0x24 CMakeFiles/minerMaster.dir/__/__/port/lwip/src/w5x00_lwip.c.obj
                0x000000001000fbc4                netif_link_callback
 .text.netif_status_callback
                0x000000001000fbe8       0x18 CMakeFiles/minerMaster.dir/__/__/port/lwip/src/w5x00_lwip.c.obj
                0x000000001000fbe8                netif_status_callback
 .text.wizchip_lwip_init
                0x000000001000fc00      0x114 CMakeFiles/minerMaster.dir/__/__/port/lwip/src/w5x00_lwip.c.obj
                0x000000001000fc00                wizchip_lwip_init
 .text.send_lwip
                0x000000001000fd14       0x84 CMakeFiles/minerMaster.dir/__/__/port/lwip/src/w5x00_lwip.c.obj
                0x000000001000fd14                send_lwip
 .text.netif_output
                0x000000001000fd98       0x54 CMakeFiles/minerMaster.dir/__/__/port/lwip/src/w5x00_lwip.c.obj
                0x000000001000fd98                netif_output
 .text.recv_lwip
                0x000000001000fdec       0x80 CMakeFiles/minerMaster.dir/__/__/port/lwip/src/w5x00_lwip.c.obj
                0x000000001000fdec                recv_lwip
 .text.wizchip_lwip_process
                0x000000001000fe6c       0x84 CMakeFiles/minerMaster.dir/__/__/port/lwip/src/w5x00_lwip.c.obj
                0x000000001000fe6c                wizchip_lwip_process
 .text.wizchip_1ms_timer_callback
                0x000000001000fef0       0x14 CMakeFiles/minerMaster.dir/__/__/port/timer/timer.c.obj
                0x000000001000fef0                wizchip_1ms_timer_callback
 .text.wizchip_1ms_timer_initialize
                0x000000001000ff04       0x38 CMakeFiles/minerMaster.dir/__/__/port/timer/timer.c.obj
                0x000000001000ff04                wizchip_1ms_timer_initialize
 .text.wizchip_delay_ms
                0x000000001000ff3c        0x8 CMakeFiles/minerMaster.dir/__/__/port/timer/timer.c.obj
                0x000000001000ff3c                wizchip_delay_ms
 .text._ZN10CharBufferC2Ev
                0x000000001000ff44        0xc CMakeFiles/minerMaster.dir/__/__/port/utils/src/charbuffer.cpp.obj
                0x000000001000ff44                CharBuffer::CharBuffer()
                0x000000001000ff44                CharBuffer::CharBuffer()
 .text._ZN10CharBuffer3bufEv
                0x000000001000ff50        0x4 CMakeFiles/minerMaster.dir/__/__/port/utils/src/charbuffer.cpp.obj
                0x000000001000ff50                CharBuffer::buf()
 .text._ZN10CharBuffer6lengthEv
                0x000000001000ff54        0x8 CMakeFiles/minerMaster.dir/__/__/port/utils/src/charbuffer.cpp.obj
                0x000000001000ff54                CharBuffer::length()
 .text._ZN10CharBuffer5writeEc
                0x000000001000ff5c       0x2c CMakeFiles/minerMaster.dir/__/__/port/utils/src/charbuffer.cpp.obj
                0x000000001000ff5c                CharBuffer::write(char)
 .text._ZN10CharBuffer4readEv
                0x000000001000ff88       0x28 CMakeFiles/minerMaster.dir/__/__/port/utils/src/charbuffer.cpp.obj
                0x000000001000ff88                CharBuffer::read()
 .text._ZN10CharBuffer15readStringUntilEiPc
                0x000000001000ffb0       0x54 CMakeFiles/minerMaster.dir/__/__/port/utils/src/charbuffer.cpp.obj
                0x000000001000ffb0                CharBuffer::readStringUntil(int, char*)
 .text._ZN10CharBuffer9setBufferEPci
                0x0000000010010004       0x20 CMakeFiles/minerMaster.dir/__/__/port/utils/src/charbuffer.cpp.obj
                0x0000000010010004                CharBuffer::setBuffer(char*, int)
 .text._ZN10CharBuffer5clearEv
                0x0000000010010024       0x14 CMakeFiles/minerMaster.dir/__/__/port/utils/src/charbuffer.cpp.obj
                0x0000000010010024                CharBuffer::clear()
 .text.hardwareInit
                0x0000000010010038       0x60 CMakeFiles/minerMaster.dir/__/__/port/utils/src/hwSetupUtils.c.obj
                0x0000000010010038                hardwareInit
 .text.set_clock_khz
                0x0000000010010098       0x44 CMakeFiles/minerMaster.dir/__/__/port/utils/src/hwSetupUtils.c.obj
                0x0000000010010098                set_clock_khz
 .text._ZN7TwoWire5beginEv
                0x00000000100100dc       0x34 CMakeFiles/minerMaster.dir/__/__/port/utils/src/Wire.cpp.obj
                0x00000000100100dc                TwoWire::begin()
 .text._ZN7TwoWire17beginTransmissionEh
                0x0000000010010110        0xc CMakeFiles/minerMaster.dir/__/__/port/utils/src/Wire.cpp.obj
                0x0000000010010110                TwoWire::beginTransmission(unsigned char)
 .text._ZN7TwoWire15endTransmissionEb
                0x000000001001011c       0x6c CMakeFiles/minerMaster.dir/__/__/port/utils/src/Wire.cpp.obj
                0x000000001001011c                TwoWire::endTransmission(bool)
 .text._ZN7TwoWire11requestFromEhjb
                0x0000000010010188       0x7c CMakeFiles/minerMaster.dir/__/__/port/utils/src/Wire.cpp.obj
                0x0000000010010188                TwoWire::requestFrom(unsigned char, unsigned int, bool)
 .text._ZN7TwoWire5writeEh
                0x0000000010010204       0x40 CMakeFiles/minerMaster.dir/__/__/port/utils/src/Wire.cpp.obj
                0x0000000010010204                TwoWire::write(unsigned char)
 .text._ZN7TwoWire5writeEPKhj
                0x0000000010010244       0x7c CMakeFiles/minerMaster.dir/__/__/port/utils/src/Wire.cpp.obj
                0x0000000010010244                TwoWire::write(unsigned char const*, unsigned int)
 .text.startup._GLOBAL__sub_I_Wire
                0x00000000100102c0       0x2c CMakeFiles/minerMaster.dir/__/__/port/utils/src/Wire.cpp.obj
 .text.i2c_slave_deinit
                0x00000000100102ec       0x60 CMakeFiles/minerMaster.dir/__/__/port/i2c_slave/i2c_slave.c.obj
                0x00000000100102ec                i2c_slave_deinit
 .text.startup._retrieve_unique_id_on_boot
                0x000000001001034c       0x10 CMakeFiles/minerMaster.dir/__/__/libraries/pico-sdk/src/rp2_common/pico_unique_id/unique_id.c.obj
 .text.flash_get_unique_id
                0x000000001001035c       0x40 CMakeFiles/minerMaster.dir/__/__/libraries/pico-sdk/src/rp2_common/hardware_flash/flash.c.obj
                0x000000001001035c                flash_get_unique_id
 .text.i2c_write_blocking_internal
                0x000000001001039c      0x198 CMakeFiles/minerMaster.dir/__/__/libraries/pico-sdk/src/rp2_common/hardware_i2c/i2c.c.obj
 .text.i2c_read_blocking_internal
                0x0000000010010534      0x110 CMakeFiles/minerMaster.dir/__/__/libraries/pico-sdk/src/rp2_common/hardware_i2c/i2c.c.obj
 .text.i2c_set_baudrate
                0x0000000010010644       0xc4 CMakeFiles/minerMaster.dir/__/__/libraries/pico-sdk/src/rp2_common/hardware_i2c/i2c.c.obj
                0x0000000010010644                i2c_set_baudrate
 .text.i2c_init
                0x0000000010010708       0x54 CMakeFiles/minerMaster.dir/__/__/libraries/pico-sdk/src/rp2_common/hardware_i2c/i2c.c.obj
                0x0000000010010708                i2c_init
 .text.i2c_set_slave_mode
                0x000000001001075c       0x40 CMakeFiles/minerMaster.dir/__/__/libraries/pico-sdk/src/rp2_common/hardware_i2c/i2c.c.obj
                0x000000001001075c                i2c_set_slave_mode
 .text.i2c_write_blocking_until
                0x000000001001079c       0x48 CMakeFiles/minerMaster.dir/__/__/libraries/pico-sdk/src/rp2_common/hardware_i2c/i2c.c.obj
                0x000000001001079c                i2c_write_blocking_until
 .text.i2c_read_blocking
                0x00000000100107e4       0xac CMakeFiles/minerMaster.dir/__/__/libraries/pico-sdk/src/rp2_common/hardware_i2c/i2c.c.obj
                0x00000000100107e4                i2c_read_blocking
 .text.i2c_read_blocking_until
                0x0000000010010890       0x48 CMakeFiles/minerMaster.dir/__/__/libraries/pico-sdk/src/rp2_common/hardware_i2c/i2c.c.obj
                0x0000000010010890                i2c_read_blocking_until
 .text.spi_init
                0x00000000100108d8       0xf8 CMakeFiles/minerMaster.dir/__/__/libraries/pico-sdk/src/rp2_common/hardware_spi/spi.c.obj
                0x00000000100108d8                spi_init
 .text.lwip_htons
                0x00000000100109d0        0x8 CMakeFiles/minerMaster.dir/__/__/libraries/pico-extras/lib/lwip/src/core/def.c.obj
                0x00000000100109d0                lwip_htons
 .text.lwip_htonl
                0x00000000100109d8        0x4 CMakeFiles/minerMaster.dir/__/__/libraries/pico-extras/lib/lwip/src/core/def.c.obj
                0x00000000100109d8                lwip_htonl
 .text.dns_call_found
                0x00000000100109dc      0x134 CMakeFiles/minerMaster.dir/__/__/libraries/pico-extras/lib/lwip/src/core/dns.c.obj
 .text.dns_send.isra.0
                0x0000000010010b10      0x158 CMakeFiles/minerMaster.dir/__/__/libraries/pico-extras/lib/lwip/src/core/dns.c.obj
 .text.dns_init
                0x0000000010010c68        0x4 CMakeFiles/minerMaster.dir/__/__/libraries/pico-extras/lib/lwip/src/core/dns.c.obj
                0x0000000010010c68                dns_init
 .text.dns_setserver
                0x0000000010010c6c       0x2c CMakeFiles/minerMaster.dir/__/__/libraries/pico-extras/lib/lwip/src/core/dns.c.obj
                0x0000000010010c6c                dns_setserver
 .text.dns_tmr  0x0000000010010c98      0x12c CMakeFiles/minerMaster.dir/__/__/libraries/pico-extras/lib/lwip/src/core/dns.c.obj
                0x0000000010010c98                dns_tmr
 .text.lwip_standard_chksum
                0x0000000010010dc4       0x80 CMakeFiles/minerMaster.dir/__/__/libraries/pico-extras/lib/lwip/src/core/inet_chksum.c.obj
                0x0000000010010dc4                lwip_standard_chksum
 .text.inet_chksum_pseudo
                0x0000000010010e44       0xb4 CMakeFiles/minerMaster.dir/__/__/libraries/pico-extras/lib/lwip/src/core/inet_chksum.c.obj
                0x0000000010010e44                inet_chksum_pseudo
 .text.ip_chksum_pseudo
                0x0000000010010ef8       0x10 CMakeFiles/minerMaster.dir/__/__/libraries/pico-extras/lib/lwip/src/core/inet_chksum.c.obj
                0x0000000010010ef8                ip_chksum_pseudo
 .text.inet_chksum
                0x0000000010010f08       0x8c CMakeFiles/minerMaster.dir/__/__/libraries/pico-extras/lib/lwip/src/core/inet_chksum.c.obj
                0x0000000010010f08                inet_chksum
 .text.inet_chksum_pbuf
                0x0000000010010f94       0x6c CMakeFiles/minerMaster.dir/__/__/libraries/pico-extras/lib/lwip/src/core/inet_chksum.c.obj
                0x0000000010010f94                inet_chksum_pbuf
 .text.lwip_init
                0x0000000010011000       0x24 CMakeFiles/minerMaster.dir/__/__/libraries/pico-extras/lib/lwip/src/core/init.c.obj
                0x0000000010011000                lwip_init
 .text.mem_init
                0x0000000010011024       0x48 CMakeFiles/minerMaster.dir/__/__/libraries/pico-extras/lib/lwip/src/core/mem.c.obj
                0x0000000010011024                mem_init
 .text.mem_free
                0x000000001001106c      0x128 CMakeFiles/minerMaster.dir/__/__/libraries/pico-extras/lib/lwip/src/core/mem.c.obj
                0x000000001001106c                mem_free
 .text.mem_trim
                0x0000000010011194      0x144 CMakeFiles/minerMaster.dir/__/__/libraries/pico-extras/lib/lwip/src/core/mem.c.obj
                0x0000000010011194                mem_trim
 .text.mem_malloc
                0x00000000100112d8      0x130 CMakeFiles/minerMaster.dir/__/__/libraries/pico-extras/lib/lwip/src/core/mem.c.obj
                0x00000000100112d8                mem_malloc
 .text.memp_init
                0x0000000010011408       0xa0 CMakeFiles/minerMaster.dir/__/__/libraries/pico-extras/lib/lwip/src/core/memp.c.obj
                0x0000000010011408                memp_init
 .text.memp_malloc
                0x00000000100114a8       0x54 CMakeFiles/minerMaster.dir/__/__/libraries/pico-extras/lib/lwip/src/core/memp.c.obj
                0x00000000100114a8                memp_malloc
 .text.memp_free
                0x00000000100114fc       0x3c CMakeFiles/minerMaster.dir/__/__/libraries/pico-extras/lib/lwip/src/core/memp.c.obj
                0x00000000100114fc                memp_free
 .text.netif_null_output_ip4
                0x0000000010011538        0x8 CMakeFiles/minerMaster.dir/__/__/libraries/pico-extras/lib/lwip/src/core/netif.c.obj
 .text.netif_init
                0x0000000010011540        0x4 CMakeFiles/minerMaster.dir/__/__/libraries/pico-extras/lib/lwip/src/core/netif.c.obj
                0x0000000010011540                netif_init
 .text.netif_input
                0x0000000010011544       0x18 CMakeFiles/minerMaster.dir/__/__/libraries/pico-extras/lib/lwip/src/core/netif.c.obj
                0x0000000010011544                netif_input
 .text.netif_set_addr
                0x000000001001155c       0xf0 CMakeFiles/minerMaster.dir/__/__/libraries/pico-extras/lib/lwip/src/core/netif.c.obj
                0x000000001001155c                netif_set_addr
 .text.netif_add
                0x000000001001164c      0x104 CMakeFiles/minerMaster.dir/__/__/libraries/pico-extras/lib/lwip/src/core/netif.c.obj
                0x000000001001164c                netif_add
 .text.netif_set_default
                0x0000000010011750        0xc CMakeFiles/minerMaster.dir/__/__/libraries/pico-extras/lib/lwip/src/core/netif.c.obj
                0x0000000010011750                netif_set_default
 .text.netif_set_up
                0x000000001001175c       0x4c CMakeFiles/minerMaster.dir/__/__/libraries/pico-extras/lib/lwip/src/core/netif.c.obj
                0x000000001001175c                netif_set_up
 .text.netif_set_status_callback
                0x00000000100117a8        0x8 CMakeFiles/minerMaster.dir/__/__/libraries/pico-extras/lib/lwip/src/core/netif.c.obj
                0x00000000100117a8                netif_set_status_callback
 .text.netif_set_link_up
                0x00000000100117b0       0x50 CMakeFiles/minerMaster.dir/__/__/libraries/pico-extras/lib/lwip/src/core/netif.c.obj
                0x00000000100117b0                netif_set_link_up
 .text.netif_set_link_callback
                0x0000000010011800        0x8 CMakeFiles/minerMaster.dir/__/__/libraries/pico-extras/lib/lwip/src/core/netif.c.obj
                0x0000000010011800                netif_set_link_callback
 .text.netif_get_by_index
                0x0000000010011808       0x2c CMakeFiles/minerMaster.dir/__/__/libraries/pico-extras/lib/lwip/src/core/netif.c.obj
                0x0000000010011808                netif_get_by_index
 .text.pbuf_free.part.0
                0x0000000010011834       0x80 CMakeFiles/minerMaster.dir/__/__/libraries/pico-extras/lib/lwip/src/core/pbuf.c.obj
 .text.pbuf_free_ooseq
                0x00000000100118b4       0x34 CMakeFiles/minerMaster.dir/__/__/libraries/pico-extras/lib/lwip/src/core/pbuf.c.obj
                0x00000000100118b4                pbuf_free_ooseq
 .text.pbuf_alloc
                0x00000000100118e8      0x12c CMakeFiles/minerMaster.dir/__/__/libraries/pico-extras/lib/lwip/src/core/pbuf.c.obj
                0x00000000100118e8                pbuf_alloc
 .text.pbuf_alloced_custom
                0x0000000010011a14       0x38 CMakeFiles/minerMaster.dir/__/__/libraries/pico-extras/lib/lwip/src/core/pbuf.c.obj
                0x0000000010011a14                pbuf_alloced_custom
 .text.pbuf_realloc
                0x0000000010011a4c       0x70 CMakeFiles/minerMaster.dir/__/__/libraries/pico-extras/lib/lwip/src/core/pbuf.c.obj
                0x0000000010011a4c                pbuf_realloc
 .text.pbuf_add_header
                0x0000000010011abc       0x4c CMakeFiles/minerMaster.dir/__/__/libraries/pico-extras/lib/lwip/src/core/pbuf.c.obj
                0x0000000010011abc                pbuf_add_header
 .text.pbuf_remove_header
                0x0000000010011b08       0x48 CMakeFiles/minerMaster.dir/__/__/libraries/pico-extras/lib/lwip/src/core/pbuf.c.obj
                0x0000000010011b08                pbuf_remove_header
 .text.pbuf_header_force
                0x0000000010011b50       0x78 CMakeFiles/minerMaster.dir/__/__/libraries/pico-extras/lib/lwip/src/core/pbuf.c.obj
                0x0000000010011b50                pbuf_header_force
 .text.pbuf_free
                0x0000000010011bc8       0x10 CMakeFiles/minerMaster.dir/__/__/libraries/pico-extras/lib/lwip/src/core/pbuf.c.obj
                0x0000000010011bc8                pbuf_free
 .text.pbuf_clen
                0x0000000010011bd8       0x14 CMakeFiles/minerMaster.dir/__/__/libraries/pico-extras/lib/lwip/src/core/pbuf.c.obj
                0x0000000010011bd8                pbuf_clen
 .text.pbuf_ref
                0x0000000010011bec       0x18 CMakeFiles/minerMaster.dir/__/__/libraries/pico-extras/lib/lwip/src/core/pbuf.c.obj
                0x0000000010011bec                pbuf_ref
 .text.pbuf_cat
                0x0000000010011c04       0x38 CMakeFiles/minerMaster.dir/__/__/libraries/pico-extras/lib/lwip/src/core/pbuf.c.obj
                0x0000000010011c04                pbuf_cat
 .text.pbuf_chain
                0x0000000010011c3c       0x54 CMakeFiles/minerMaster.dir/__/__/libraries/pico-extras/lib/lwip/src/core/pbuf.c.obj
                0x0000000010011c3c                pbuf_chain
 .text.pbuf_copy_partial_pbuf
                0x0000000010011c90      0x158 CMakeFiles/minerMaster.dir/__/__/libraries/pico-extras/lib/lwip/src/core/pbuf.c.obj
                0x0000000010011c90                pbuf_copy_partial_pbuf
 .text.pbuf_copy
                0x0000000010011de8       0x20 CMakeFiles/minerMaster.dir/__/__/libraries/pico-extras/lib/lwip/src/core/pbuf.c.obj
                0x0000000010011de8                pbuf_copy
 .text.pbuf_copy_partial
                0x0000000010011e08       0x8c CMakeFiles/minerMaster.dir/__/__/libraries/pico-extras/lib/lwip/src/core/pbuf.c.obj
                0x0000000010011e08                pbuf_copy_partial
 .text.pbuf_take
                0x0000000010011e94       0x78 CMakeFiles/minerMaster.dir/__/__/libraries/pico-extras/lib/lwip/src/core/pbuf.c.obj
                0x0000000010011e94                pbuf_take
 .text.pbuf_take_at
                0x0000000010011f0c       0xb8 CMakeFiles/minerMaster.dir/__/__/libraries/pico-extras/lib/lwip/src/core/pbuf.c.obj
                0x0000000010011f0c                pbuf_take_at
 .text.pbuf_clone
                0x0000000010011fc4       0x20 CMakeFiles/minerMaster.dir/__/__/libraries/pico-extras/lib/lwip/src/core/pbuf.c.obj
                0x0000000010011fc4                pbuf_clone
 .text.pbuf_put_at
                0x0000000010011fe4       0x1c CMakeFiles/minerMaster.dir/__/__/libraries/pico-extras/lib/lwip/src/core/pbuf.c.obj
                0x0000000010011fe4                pbuf_put_at
 .text.raw_input
                0x0000000010012000      0x12c CMakeFiles/minerMaster.dir/__/__/libraries/pico-extras/lib/lwip/src/core/raw.c.obj
                0x0000000010012000                raw_input
 .text.raw_netif_ip_addr_changed
                0x000000001001212c       0x40 CMakeFiles/minerMaster.dir/__/__/libraries/pico-extras/lib/lwip/src/core/raw.c.obj
                0x000000001001212c                raw_netif_ip_addr_changed
 .text.stats_init
                0x000000001001216c       0x14 CMakeFiles/minerMaster.dir/__/__/libraries/pico-extras/lib/lwip/src/core/stats.c.obj
                0x000000001001216c                stats_init
 .text.tcp_close_shutdown_fin
                0x0000000010012180       0x4c CMakeFiles/minerMaster.dir/__/__/libraries/pico-extras/lib/lwip/src/core/tcp.c.obj
 .text.tcp_pcb_purge.part.0
                0x00000000100121cc       0xc4 CMakeFiles/minerMaster.dir/__/__/libraries/pico-extras/lib/lwip/src/core/tcp.c.obj
 .text.tcp_init
                0x0000000010012290        0x4 CMakeFiles/minerMaster.dir/__/__/libraries/pico-extras/lib/lwip/src/core/tcp.c.obj
                0x0000000010012290                tcp_init
 .text.tcp_free
                0x0000000010012294        0xc CMakeFiles/minerMaster.dir/__/__/libraries/pico-extras/lib/lwip/src/core/tcp.c.obj
                0x0000000010012294                tcp_free
 .text.tcp_update_rcv_ann_wnd
                0x00000000100122a0       0x3c CMakeFiles/minerMaster.dir/__/__/libraries/pico-extras/lib/lwip/src/core/tcp.c.obj
                0x00000000100122a0                tcp_update_rcv_ann_wnd
 .text.tcp_recved
                0x00000000100122dc       0x80 CMakeFiles/minerMaster.dir/__/__/libraries/pico-extras/lib/lwip/src/core/tcp.c.obj
                0x00000000100122dc                tcp_recved
 .text.tcp_connect
                0x000000001001235c      0x1d0 CMakeFiles/minerMaster.dir/__/__/libraries/pico-extras/lib/lwip/src/core/tcp.c.obj
                0x000000001001235c                tcp_connect
 .text.tcp_slowtmr
                0x000000001001252c      0x42c CMakeFiles/minerMaster.dir/__/__/libraries/pico-extras/lib/lwip/src/core/tcp.c.obj
                0x000000001001252c                tcp_slowtmr
 .text.tcp_segs_free
                0x0000000010012958       0x38 CMakeFiles/minerMaster.dir/__/__/libraries/pico-extras/lib/lwip/src/core/tcp.c.obj
                0x0000000010012958                tcp_segs_free
 .text.tcp_seg_free
                0x0000000010012990       0x1c CMakeFiles/minerMaster.dir/__/__/libraries/pico-extras/lib/lwip/src/core/tcp.c.obj
                0x0000000010012990                tcp_seg_free
 .text.tcp_setprio
                0x00000000100129ac       0x18 CMakeFiles/minerMaster.dir/__/__/libraries/pico-extras/lib/lwip/src/core/tcp.c.obj
                0x00000000100129ac                tcp_setprio
 .text.tcp_seg_copy
                0x00000000100129c4       0x20 CMakeFiles/minerMaster.dir/__/__/libraries/pico-extras/lib/lwip/src/core/tcp.c.obj
                0x00000000100129c4                tcp_seg_copy
 .text.tcp_arg  0x00000000100129e4        0x8 CMakeFiles/minerMaster.dir/__/__/libraries/pico-extras/lib/lwip/src/core/tcp.c.obj
                0x00000000100129e4                tcp_arg
 .text.tcp_recv
                0x00000000100129ec        0xc CMakeFiles/minerMaster.dir/__/__/libraries/pico-extras/lib/lwip/src/core/tcp.c.obj
                0x00000000100129ec                tcp_recv
 .text.tcp_sent
                0x00000000100129f8        0xc CMakeFiles/minerMaster.dir/__/__/libraries/pico-extras/lib/lwip/src/core/tcp.c.obj
                0x00000000100129f8                tcp_sent
 .text.tcp_err  0x0000000010012a04        0xc CMakeFiles/minerMaster.dir/__/__/libraries/pico-extras/lib/lwip/src/core/tcp.c.obj
                0x0000000010012a04                tcp_err
 .text.tcp_poll
                0x0000000010012a10       0x1c CMakeFiles/minerMaster.dir/__/__/libraries/pico-extras/lib/lwip/src/core/tcp.c.obj
                0x0000000010012a10                tcp_poll
 .text.tcp_pcb_purge
                0x0000000010012a2c       0x24 CMakeFiles/minerMaster.dir/__/__/libraries/pico-extras/lib/lwip/src/core/tcp.c.obj
                0x0000000010012a2c                tcp_pcb_purge
 .text.tcp_pcb_remove
                0x0000000010012a50       0x78 CMakeFiles/minerMaster.dir/__/__/libraries/pico-extras/lib/lwip/src/core/tcp.c.obj
                0x0000000010012a50                tcp_pcb_remove
 .text.tcp_abandon
                0x0000000010012ac8      0x194 CMakeFiles/minerMaster.dir/__/__/libraries/pico-extras/lib/lwip/src/core/tcp.c.obj
                0x0000000010012ac8                tcp_abandon
 .text.tcp_abort
                0x0000000010012c5c        0xc CMakeFiles/minerMaster.dir/__/__/libraries/pico-extras/lib/lwip/src/core/tcp.c.obj
                0x0000000010012c5c                tcp_abort
 .text.tcp_alloc
                0x0000000010012c68      0x1f8 CMakeFiles/minerMaster.dir/__/__/libraries/pico-extras/lib/lwip/src/core/tcp.c.obj
                0x0000000010012c68                tcp_alloc
 .text.tcp_new  0x0000000010012e60      0x1d8 CMakeFiles/minerMaster.dir/__/__/libraries/pico-extras/lib/lwip/src/core/tcp.c.obj
                0x0000000010012e60                tcp_new
 .text.tcp_close_shutdown
                0x0000000010013038      0x14c CMakeFiles/minerMaster.dir/__/__/libraries/pico-extras/lib/lwip/src/core/tcp.c.obj
 .text.tcp_recv_null
                0x0000000010013184       0xb4 CMakeFiles/minerMaster.dir/__/__/libraries/pico-extras/lib/lwip/src/core/tcp.c.obj
                0x0000000010013184                tcp_recv_null
 .text.tcp_process_refused_data
                0x0000000010013238       0xf4 CMakeFiles/minerMaster.dir/__/__/libraries/pico-extras/lib/lwip/src/core/tcp.c.obj
                0x0000000010013238                tcp_process_refused_data
 .text.tcp_fasttmr
                0x000000001001332c       0x98 CMakeFiles/minerMaster.dir/__/__/libraries/pico-extras/lib/lwip/src/core/tcp.c.obj
                0x000000001001332c                tcp_fasttmr
 .text.tcp_tmr  0x00000000100133c4       0x20 CMakeFiles/minerMaster.dir/__/__/libraries/pico-extras/lib/lwip/src/core/tcp.c.obj
                0x00000000100133c4                tcp_tmr
 .text.tcp_close
                0x00000000100133e4      0x164 CMakeFiles/minerMaster.dir/__/__/libraries/pico-extras/lib/lwip/src/core/tcp.c.obj
                0x00000000100133e4                tcp_close
 .text.tcp_next_iss
                0x0000000010013548       0x18 CMakeFiles/minerMaster.dir/__/__/libraries/pico-extras/lib/lwip/src/core/tcp.c.obj
                0x0000000010013548                tcp_next_iss
 .text.tcp_eff_send_mss_netif
                0x0000000010013560       0x28 CMakeFiles/minerMaster.dir/__/__/libraries/pico-extras/lib/lwip/src/core/tcp.c.obj
                0x0000000010013560                tcp_eff_send_mss_netif
 .text.tcp_netif_ip_addr_changed
                0x0000000010013588       0x9c CMakeFiles/minerMaster.dir/__/__/libraries/pico-extras/lib/lwip/src/core/tcp.c.obj
                0x0000000010013588                tcp_netif_ip_addr_changed
 .text.tcp_free_ooseq
                0x0000000010013624       0x40 CMakeFiles/minerMaster.dir/__/__/libraries/pico-extras/lib/lwip/src/core/tcp.c.obj
                0x0000000010013624                tcp_free_ooseq
 .text.tcp_parseopt
                0x0000000010013664      0x180 CMakeFiles/minerMaster.dir/__/__/libraries/pico-extras/lib/lwip/src/core/tcp_in.c.obj
 .text.tcp_oos_insert_segment
                0x00000000100137e4       0xd4 CMakeFiles/minerMaster.dir/__/__/libraries/pico-extras/lib/lwip/src/core/tcp_in.c.obj
 .text.tcp_receive
                0x00000000100138b8      0xa3c CMakeFiles/minerMaster.dir/__/__/libraries/pico-extras/lib/lwip/src/core/tcp_in.c.obj
 .text.tcp_input
                0x00000000100142f4      0xc5c CMakeFiles/minerMaster.dir/__/__/libraries/pico-extras/lib/lwip/src/core/tcp_in.c.obj
                0x00000000100142f4                tcp_input
 .text.tcp_trigger_input_pcb_close
                0x0000000010014f50       0x10 CMakeFiles/minerMaster.dir/__/__/libraries/pico-extras/lib/lwip/src/core/tcp_in.c.obj
                0x0000000010014f50                tcp_trigger_input_pcb_close
 .text.tcp_create_segment
                0x0000000010014f60       0xd0 CMakeFiles/minerMaster.dir/__/__/libraries/pico-extras/lib/lwip/src/core/tcp_out.c.obj
 .text.tcp_output_control_segment
                0x0000000010015030       0xac CMakeFiles/minerMaster.dir/__/__/libraries/pico-extras/lib/lwip/src/core/tcp_out.c.obj
 .text.tcp_write
                0x00000000100150dc      0x664 CMakeFiles/minerMaster.dir/__/__/libraries/pico-extras/lib/lwip/src/core/tcp_out.c.obj
                0x00000000100150dc                tcp_write
 .text.tcp_split_unsent_seg
                0x0000000010015740      0x1a0 CMakeFiles/minerMaster.dir/__/__/libraries/pico-extras/lib/lwip/src/core/tcp_out.c.obj